Archive member included because of file (symbol)

c:/nxp/lpcxpresso_5.0.14_1109/lpcxpresso/tools/bin/../lib/gcc/arm-none-eabi/4.6.2/../../../../arm-none-eabi/lib/armv6-m\libcr_c.a(__weak__main.o)
                              ./startup/cr_startup_lpc11.o (__main)
c:/nxp/lpcxpresso_5.0.14_1109/lpcxpresso/tools/bin/../lib/gcc/arm-none-eabi/4.6.2/armv6-m\libcr_eabihelpers.a(division.o)
                              ./src/main.o (__aeabi_uidiv)

Allocating common symbols
Common symbol       size              file

command             0x14              ./src/main.o
result              0x14              ./src/main.o

Discarded input sections

 .text          0x00000000        0x0 ./startup/cr_startup_lpc11.o
 .data          0x00000000        0x0 ./startup/cr_startup_lpc11.o
 .bss           0x00000000        0x0 ./startup/cr_startup_lpc11.o
 .text.SysTick_Handler
                0x00000000        0x8 ./startup/cr_startup_lpc11.o
 .text          0x00000000        0x0 ./src/main.o
 .data          0x00000000        0x0 ./src/main.o
 .bss           0x00000000        0x0 ./src/main.o
 .text          0x00000000        0x0 ./driver/crp.o
 .data          0x00000000        0x0 ./driver/crp.o
 .bss           0x00000000        0x0 ./driver/crp.o
 .text          0x00000000        0x0 ./driver/gpio.o
 .data          0x00000000        0x0 ./driver/gpio.o
 .bss           0x00000000        0x0 ./driver/gpio.o
 .text          0x00000000        0x0 ./driver/timer16.o
 .data          0x00000000        0x0 ./driver/timer16.o
 .bss           0x00000000        0x0 ./driver/timer16.o
 .text.NVIC_EnableIRQ
                0x00000000       0x2c ./driver/timer16.o
 .bss.timer16_0_period
                0x00000000        0x4 ./driver/timer16.o
 .bss.timer16_1_period
                0x00000000        0x4 ./driver/timer16.o
 .text.delayMs  0x00000000       0xc8 ./driver/timer16.o
 .text.enable_timer16
                0x00000000       0x30 ./driver/timer16.o
 .text.disable_timer16
                0x00000000       0x30 ./driver/timer16.o
 .text.reset_timer16
                0x00000000       0x4c ./driver/timer16.o
 .text.init_timer16
                0x00000000      0x174 ./driver/timer16.o
 .text.init_timer16PWM
                0x00000000      0x218 ./driver/timer16.o
 .text.setMatch_timer16PWM
                0x00000000       0xa4 ./driver/timer16.o
 .text          0x00000000        0x0 ./cmsis/core_cm0.o
 .data          0x00000000        0x0 ./cmsis/core_cm0.o
 .bss           0x00000000        0x0 ./cmsis/core_cm0.o
 .text.__get_PSP
                0x00000000       0x10 ./cmsis/core_cm0.o
 .text.__set_PSP
                0x00000000        0x8 ./cmsis/core_cm0.o
 .text.__get_MSP
                0x00000000       0x10 ./cmsis/core_cm0.o
 .text.__set_MSP
                0x00000000        0x8 ./cmsis/core_cm0.o
 .text.__get_PRIMASK
                0x00000000       0x1c ./cmsis/core_cm0.o
 .text.__set_PRIMASK
                0x00000000       0x14 ./cmsis/core_cm0.o
 .text.__get_CONTROL
                0x00000000       0x1c ./cmsis/core_cm0.o
 .text.__set_CONTROL
                0x00000000       0x14 ./cmsis/core_cm0.o
 .text.__REV    0x00000000       0x1c ./cmsis/core_cm0.o
 .text.__REV16  0x00000000       0x24 ./cmsis/core_cm0.o
 .text.__REVSH  0x00000000       0x24 ./cmsis/core_cm0.o
 .text          0x00000000        0x0 ./cmsis/system_LPC11xx.o
 .data          0x00000000        0x0 ./cmsis/system_LPC11xx.o
 .bss           0x00000000        0x0 ./cmsis/system_LPC11xx.o
 .text.SystemCoreClockUpdate
                0x00000000       0xac ./cmsis/system_LPC11xx.o
 .text.SystemInit
                0x00000000       0xb0 ./cmsis/system_LPC11xx.o
 .rodata.CSWTCH.7
                0x00000000       0x40 ./cmsis/system_LPC11xx.o
 .data.SystemCoreClock
                0x00000000        0x4 ./cmsis/system_LPC11xx.o
 .text          0x00000000        0x0 c:/nxp/lpcxpresso_5.0.14_1109/lpcxpresso/tools/bin/../lib/gcc/arm-none-eabi/4.6.2/../../../../arm-none-eabi/lib/armv6-m\libcr_c.a(__weak__main.o)
 .data          0x00000000        0x0 c:/nxp/lpcxpresso_5.0.14_1109/lpcxpresso/tools/bin/../lib/gcc/arm-none-eabi/4.6.2/../../../../arm-none-eabi/lib/armv6-m\libcr_c.a(__weak__main.o)
 .bss           0x00000000        0x0 c:/nxp/lpcxpresso_5.0.14_1109/lpcxpresso/tools/bin/../lib/gcc/arm-none-eabi/4.6.2/../../../../arm-none-eabi/lib/armv6-m\libcr_c.a(__weak__main.o)
 .text          0x00000000        0x0 c:/nxp/lpcxpresso_5.0.14_1109/lpcxpresso/tools/bin/../lib/gcc/arm-none-eabi/4.6.2/armv6-m\libcr_eabihelpers.a(division.o)
 .data          0x00000000        0x0 c:/nxp/lpcxpresso_5.0.14_1109/lpcxpresso/tools/bin/../lib/gcc/arm-none-eabi/4.6.2/armv6-m\libcr_eabihelpers.a(division.o)
 .bss           0x00000000        0x0 c:/nxp/lpcxpresso_5.0.14_1109/lpcxpresso/tools/bin/../lib/gcc/arm-none-eabi/4.6.2/armv6-m\libcr_eabihelpers.a(division.o)
 .text.__aeabi_division_idivmod
                0x00000000        0x6 c:/nxp/lpcxpresso_5.0.14_1109/lpcxpresso/tools/bin/../lib/gcc/arm-none-eabi/4.6.2/armv6-m\libcr_eabihelpers.a(division.o)
 .text.__aeabi_division_uldivmod
                0x00000000       0x5a c:/nxp/lpcxpresso_5.0.14_1109/lpcxpresso/tools/bin/../lib/gcc/arm-none-eabi/4.6.2/armv6-m\libcr_eabihelpers.a(division.o)
 .text.__aeabi_division_ldivmod
                0x00000000       0x32 c:/nxp/lpcxpresso_5.0.14_1109/lpcxpresso/tools/bin/../lib/gcc/arm-none-eabi/4.6.2/armv6-m\libcr_eabihelpers.a(division.o)
 .text.__aeabi_division_ldiv0
                0x00000000        0x2 c:/nxp/lpcxpresso_5.0.14_1109/lpcxpresso/tools/bin/../lib/gcc/arm-none-eabi/4.6.2/armv6-m\libcr_eabihelpers.a(division.o)
 .text.__aeabi_division_idivq31+15
                0x00000000      0x188 c:/nxp/lpcxpresso_5.0.14_1109/lpcxpresso/tools/bin/../lib/gcc/arm-none-eabi/4.6.2/armv6-m\libcr_eabihelpers.a(division.o)

Memory Configuration

Name             Origin             Length             Attributes
MFlash32         0x00000000         0x00008000         xr
RamLoc8          0x10000000         0x00002000         xrw
*default*        0x00000000         0xffffffff

Linker script and memory map

LOAD ./startup/cr_startup_lpc11.o
LOAD ./src/main.o
LOAD ./driver/crp.o
LOAD ./driver/gpio.o
LOAD ./driver/timer16.o
LOAD ./cmsis/core_cm0.o
LOAD ./cmsis/system_LPC11xx.o
START GROUP
LOAD c:/nxp/lpcxpresso_5.0.14_1109/lpcxpresso/tools/bin/../lib/gcc/arm-none-eabi/4.6.2/../../../../arm-none-eabi/lib/armv6-m\libcr_c.a
LOAD c:/nxp/lpcxpresso_5.0.14_1109/lpcxpresso/tools/bin/../lib/gcc/arm-none-eabi/4.6.2/../../../../arm-none-eabi/lib/armv6-m\libcr_semihost.a
LOAD c:/nxp/lpcxpresso_5.0.14_1109/lpcxpresso/tools/bin/../lib/gcc/arm-none-eabi/4.6.2/armv6-m\libcr_eabihelpers.a
END GROUP
                0x00008000                __top_MFlash32 = 0x8000
                0x10002000                __top_RamLoc8 = 0x10002000

.text           0x00000000      0xde4
 FILL mask 0xff
 *(.isr_vector)
 .isr_vector    0x00000000       0xc0 ./startup/cr_startup_lpc11.o
                0x00000000                g_pfnVectors
 *(.text.Reset_Handler .text.SystemInit)
                0x000002fc                . = 0x2fc
 *fill*         0x000000c0      0x23c ff
 *(.crp)
 .crp           0x000002fc        0x4 ./driver/crp.o
                0x000002fc                CRP_WORD
 *(.text*)
 .text.ResetISR
                0x00000300       0x60 ./startup/cr_startup_lpc11.o
                0x00000300                ResetISR
 .text.NMI_Handler
                0x00000360        0x8 ./startup/cr_startup_lpc11.o
                0x00000360                NMI_Handler
 .text.HardFault_Handler
                0x00000368        0x8 ./startup/cr_startup_lpc11.o
                0x00000368                HardFault_Handler
 .text.SVCall_Handler
                0x00000370        0x8 ./startup/cr_startup_lpc11.o
                0x00000370                SVCall_Handler
 .text.PendSV_Handler
                0x00000378        0x8 ./startup/cr_startup_lpc11.o
                0x00000378                PendSV_Handler
 .text.IntDefaultHandler
                0x00000380        0x8 ./startup/cr_startup_lpc11.o
                0x00000380                UART_IRQHandler
                0x00000380                TIMER32_0_IRQHandler
                0x00000380                TIMER32_1_IRQHandler
                0x00000380                IntDefaultHandler
                0x00000380                PIOINT1_IRQHandler
                0x00000380                CAN_IRQHandler
                0x00000380                SSP0_IRQHandler
                0x00000380                ADC_IRQHandler
                0x00000380                SSP1_IRQHandler
                0x00000380                PIOINT2_IRQHandler
                0x00000380                BOD_IRQHandler
                0x00000380                PIOINT0_IRQHandler
                0x00000380                I2C_IRQHandler
                0x00000380                WDT_IRQHandler
                0x00000380                PIOINT3_IRQHandler
 .text.__WFI    0x00000388        0xc ./src/main.o
 .text.NVIC_EnableIRQ
                0x00000394       0x2c ./src/main.o
 .text.fibonacci
                0x000003c0       0x40 ./src/main.o
                0x000003c0                fibonacci
 .text.InitFromPowerAPIDemo
                0x00000400      0x13c ./src/main.o
                0x00000400                InitFromPowerAPIDemo
 .text.EnterDeepSleep
                0x0000053c       0x58 ./src/main.o
                0x0000053c                EnterDeepSleep
 .text.WAKEUP_IRQHandler
                0x00000594       0x44 ./src/main.o
                0x00000594                WAKEUP_IRQHandler
 .text.SysTick_Handler
                0x000005d8        0x8 ./src/main.o
                0x000005d8                SysTick_Handler
 .text.Wait1mS  0x000005e0       0x54 ./src/main.o
                0x000005e0                Wait1mS
 .text.InitDeepSleep
                0x00000634       0xf4 ./src/main.o
                0x00000634                InitDeepSleep
 .text.MeasureWDO
                0x00000728       0xc4 ./src/main.o
                0x00000728                MeasureWDO
 .text.InitGPIOForSleep
                0x000007ec      0x180 ./src/main.o
                0x000007ec                InitGPIOForSleep
 .text.main     0x0000096c      0x35c ./src/main.o
                0x0000096c                main
 .text.TIMER16_0_IRQHandler
                0x00000cc8       0x50 ./driver/timer16.o
                0x00000cc8                TIMER16_0_IRQHandler
 .text.TIMER16_1_IRQHandler
                0x00000d18       0x50 ./driver/timer16.o
                0x00000d18                TIMER16_1_IRQHandler
 .text.__weak_main
                0x00000d68        0x8 c:/nxp/lpcxpresso_5.0.14_1109/lpcxpresso/tools/bin/../lib/gcc/arm-none-eabi/4.6.2/../../../../arm-none-eabi/lib/armv6-m\libcr_c.a(__weak__main.o)
                0x00000d68                __weak_main
                0x00000d68                __main
 .text.__aeabi_division_uidivmod
                0x00000d70       0x72 c:/nxp/lpcxpresso_5.0.14_1109/lpcxpresso/tools/bin/../lib/gcc/arm-none-eabi/4.6.2/armv6-m\libcr_eabihelpers.a(division.o)
                0x00000d70                __aeabi_uidivmod
                0x00000d70                __aeabi_uidiv
 .text.__aeabi_division_idiv0
                0x00000de2        0x2 c:/nxp/lpcxpresso_5.0.14_1109/lpcxpresso/tools/bin/../lib/gcc/arm-none-eabi/4.6.2/armv6-m\libcr_eabihelpers.a(division.o)
                0x00000de2                __aeabi_idiv0
 *(.rodata*)

.glue_7         0x00000de4        0x0
 .glue_7        0x00000000        0x0 linker stubs

.glue_7t        0x00000de4        0x0
 .glue_7t       0x00000000        0x0 linker stubs

.vfp11_veneer   0x00000de4        0x0
 .vfp11_veneer  0x00000000        0x0 linker stubs

.v4_bx          0x00000de4        0x0
 .v4_bx         0x00000000        0x0 linker stubs

.ARM.extab
 *(.ARM.extab* .gnu.linkonce.armextab.*)
                0x00000de4                __exidx_start = .

.ARM.exidx
 *(.ARM.exidx* .gnu.linkonce.armexidx.*)
                0x00000de4                __exidx_end = .
                0x00000de4                _etext = .

.data           0x10000000        0x8 load address 0x00000de4
                0x10000000                _data = .
 *(vtable)
 *(.data*)
 .data.rom      0x10000000        0x4 ./src/main.o
                0x10000000                rom
 .data.currentClockSpeed
                0x10000004        0x4 ./src/main.o
                0x10000004                currentClockSpeed
                0x10000008                _edata = .

.bss            0x10000008       0x3c load address 0x00000dec
                0x10000008                _bss = .
 *(.bss*)
 .bss.WDO_clocks.4184
                0x10000008        0x4 ./src/main.o
 .bss.timer16_0_counter
                0x1000000c        0x4 ./driver/timer16.o
                0x1000000c                timer16_0_counter
 .bss.timer16_1_counter
                0x10000010        0x4 ./driver/timer16.o
                0x10000010                timer16_1_counter
 .bss.timer16_0_capture
                0x10000014        0x4 ./driver/timer16.o
                0x10000014                timer16_0_capture
 .bss.timer16_1_capture
                0x10000018        0x4 ./driver/timer16.o
                0x10000018                timer16_1_capture
 *(COMMON)
 COMMON         0x1000001c       0x28 ./src/main.o
                0x1000001c                command
                0x10000030                result
                0x10000044                _ebss = .

.cr_heap        0x10000044        0x0 load address 0x00000dec
                0x10000044                end = .
                0x10000044                _pvHeapStart = .
                0x10002000                _vRamTop = __top_RamLoc8
                0x10002000                _vStackTop = _vRamTop
OUTPUT(Part2.axf elf32-littlearm)

.debug_info     0x00000000     0x29c4
 .debug_info    0x00000000      0x1b4 ./startup/cr_startup_lpc11.o
 .debug_info    0x000001b4     0x107b ./src/main.o
 .debug_info    0x0000122f       0x92 ./driver/crp.o
 .debug_info    0x000012c1       0x70 ./driver/gpio.o
 .debug_info    0x00001331      0xe60 ./driver/timer16.o
 .debug_info    0x00002191      0x2ab ./cmsis/core_cm0.o
 .debug_info    0x0000243c      0x588 ./cmsis/system_LPC11xx.o

.debug_abbrev   0x00000000      0x7ac
 .debug_abbrev  0x00000000       0xa9 ./startup/cr_startup_lpc11.o
 .debug_abbrev  0x000000a9      0x2af ./src/main.o
 .debug_abbrev  0x00000358       0x51 ./driver/crp.o
 .debug_abbrev  0x000003a9       0x2c ./driver/gpio.o
 .debug_abbrev  0x000003d5      0x1ca ./driver/timer16.o
 .debug_abbrev  0x0000059f       0xd0 ./cmsis/core_cm0.o
 .debug_abbrev  0x0000066f      0x13d ./cmsis/system_LPC11xx.o

.debug_loc      0x00000000      0x7d0
 .debug_loc     0x00000000      0x140 ./startup/cr_startup_lpc11.o
 .debug_loc     0x00000140      0x258 ./src/main.o
 .debug_loc     0x00000398      0x218 ./driver/timer16.o
 .debug_loc     0x000005b0      0x188 ./cmsis/core_cm0.o
 .debug_loc     0x00000738       0x98 ./cmsis/system_LPC11xx.o

.debug_aranges  0x00000000      0x1c8
 .debug_aranges
                0x00000000       0x50 ./startup/cr_startup_lpc11.o
 .debug_aranges
                0x00000050       0x78 ./src/main.o
 .debug_aranges
                0x000000c8       0x68 ./driver/timer16.o
 .debug_aranges
                0x00000130       0x70 ./cmsis/core_cm0.o
 .debug_aranges
                0x000001a0       0x28 ./cmsis/system_LPC11xx.o

.debug_ranges   0x00000000      0x178
 .debug_ranges  0x00000000       0x40 ./startup/cr_startup_lpc11.o
 .debug_ranges  0x00000040       0x68 ./src/main.o
 .debug_ranges  0x000000a8       0x58 ./driver/timer16.o
 .debug_ranges  0x00000100       0x60 ./cmsis/core_cm0.o
 .debug_ranges  0x00000160       0x18 ./cmsis/system_LPC11xx.o

.debug_line     0x00000000     0x1a11
 .debug_line    0x00000000       0xf0 ./startup/cr_startup_lpc11.o
 .debug_line    0x000000f0      0x608 ./src/main.o
 .debug_line    0x000006f8      0x35e ./driver/crp.o
 .debug_line    0x00000a56      0x356 ./driver/gpio.o
 .debug_line    0x00000dac      0x4b8 ./driver/timer16.o
 .debug_line    0x00001264      0x3dc ./cmsis/core_cm0.o
 .debug_line    0x00001640      0x3d1 ./cmsis/system_LPC11xx.o

.debug_macinfo  0x00000000    0x24c94
 .debug_macinfo
                0x00000000     0x2236 ./startup/cr_startup_lpc11.o
 .debug_macinfo
                0x00002236     0x69b8 ./src/main.o
 .debug_macinfo
                0x00008bee     0x6442 ./driver/crp.o
 .debug_macinfo
                0x0000f030     0x6039 ./driver/gpio.o
 .debug_macinfo
                0x00015069     0x6123 ./driver/timer16.o
 .debug_macinfo
                0x0001b18c     0x3c2b ./cmsis/core_cm0.o
 .debug_macinfo
                0x0001edb7     0x5edd ./cmsis/system_LPC11xx.o

.debug_str      0x00000000      0xc2d
 .debug_str     0x00000000      0x14a ./startup/cr_startup_lpc11.o
                                0x169 (size before relaxing)
 .debug_str     0x0000014a      0x841 ./src/main.o
                                0x90c (size before relaxing)
 .debug_str     0x0000098b       0x19 ./driver/crp.o
                                0x117 (size before relaxing)
 .debug_str     0x000009a4       0x11 ./driver/gpio.o
                                0x106 (size before relaxing)
 .debug_str     0x000009b5      0x177 ./driver/timer16.o
                                0x8f0 (size before relaxing)
 .debug_str     0x00000b2c       0xb8 ./cmsis/core_cm0.o
                                0x1dc (size before relaxing)
 .debug_str     0x00000be4       0x49 ./cmsis/system_LPC11xx.o
                                0x403 (size before relaxing)

.comment        0x00000000       0x70
 .comment       0x00000000       0x70 ./startup/cr_startup_lpc11.o
                                 0x71 (size before relaxing)
 .comment       0x00000000       0x71 ./src/main.o
 .comment       0x00000000       0x71 ./driver/crp.o
 .comment       0x00000000       0x71 ./driver/gpio.o
 .comment       0x00000000       0x71 ./driver/timer16.o
 .comment       0x00000000       0x71 ./cmsis/core_cm0.o
 .comment       0x00000000       0x71 ./cmsis/system_LPC11xx.o
 .comment       0x00000000       0x71 c:/nxp/lpcxpresso_5.0.14_1109/lpcxpresso/tools/bin/../lib/gcc/arm-none-eabi/4.6.2/../../../../arm-none-eabi/lib/armv6-m\libcr_c.a(__weak__main.o)

.ARM.attributes
                0x00000000       0x2f
 .ARM.attributes
                0x00000000       0x31 ./startup/cr_startup_lpc11.o
 .ARM.attributes
                0x00000031       0x31 ./src/main.o
 .ARM.attributes
                0x00000062       0x31 ./driver/crp.o
 .ARM.attributes
                0x00000093       0x31 ./driver/gpio.o
 .ARM.attributes
                0x000000c4       0x31 ./driver/timer16.o
 .ARM.attributes
                0x000000f5       0x31 ./cmsis/core_cm0.o
 .ARM.attributes
                0x00000126       0x31 ./cmsis/system_LPC11xx.o
 .ARM.attributes
                0x00000157       0x31 c:/nxp/lpcxpresso_5.0.14_1109/lpcxpresso/tools/bin/../lib/gcc/arm-none-eabi/4.6.2/../../../../arm-none-eabi/lib/armv6-m\libcr_c.a(__weak__main.o)
 .ARM.attributes
                0x00000188       0x21 c:/nxp/lpcxpresso_5.0.14_1109/lpcxpresso/tools/bin/../lib/gcc/arm-none-eabi/4.6.2/armv6-m\libcr_eabihelpers.a(division.o)

.debug_frame    0x00000000      0x514
 .debug_frame   0x00000000       0xd8 ./startup/cr_startup_lpc11.o
 .debug_frame   0x000000d8      0x17c ./src/main.o
 .debug_frame   0x00000254      0x148 ./driver/timer16.o
 .debug_frame   0x0000039c      0x130 ./cmsis/core_cm0.o
 .debug_frame   0x000004cc       0x48 ./cmsis/system_LPC11xx.o
