
Discarded input sections

 .data          0x00000000        0x0 ./src/asm_sum_cm0.o
 .bss           0x00000000        0x0 ./src/asm_sum_cm0.o
 .text          0x00000000        0x0 ./src/cr_startup_lpc11.o
 .data          0x00000000        0x0 ./src/cr_startup_lpc11.o
 .bss           0x00000000        0x0 ./src/cr_startup_lpc11.o
 .text          0x00000000        0x0 ./src/main.o
 .data          0x00000000        0x0 ./src/main.o

Memory Configuration

Name             Origin             Length             Attributes
MFlash32         0x00000000         0x00008000         xr
RamLoc8          0x10000000         0x00002000         xrw
*default*        0x00000000         0xffffffff

Linker script and memory map

LOAD ./src/asm_sum_cm0.o
LOAD ./src/cr_startup_lpc11.o
LOAD ./src/main.o
START GROUP
LOAD c:/nxp/lpcxpresso_5.0.14_1109/lpcxpresso/tools/bin/../lib/gcc/arm-none-eabi/4.6.2/../../../../arm-none-eabi/lib/armv6-m\libcr_semihost.a
LOAD c:/nxp/lpcxpresso_5.0.14_1109/lpcxpresso/tools/bin/../lib/gcc/arm-none-eabi/4.6.2/../../../../arm-none-eabi/lib/armv6-m\libcr_c.a
LOAD c:/nxp/lpcxpresso_5.0.14_1109/lpcxpresso/tools/bin/../lib/gcc/arm-none-eabi/4.6.2/armv6-m\libcr_eabihelpers.a
END GROUP
                0x00008000                __top_MFlash32 = 0x8000
                0x10002000                __top_RamLoc8 = 0x10002000

.text           0x00000000      0x1c0
 FILL mask 0xff
 *(.isr_vector)
 .isr_vector    0x00000000       0xc0 ./src/cr_startup_lpc11.o
                0x00000000                g_pfnVectors
                0x000000c0                . = ALIGN (0x4)
                0x000000c0                __section_table_start = .
                0x000000c0                __data_section_table = .
                0x000000c0        0x4 LONG 0x1c0 LOADADDR (.data)
                0x000000c4        0x4 LONG 0x10000000 ADDR (.data)
                0x000000c8        0x4 LONG 0x0 SIZEOF (.data)
                0x000000cc                __data_section_table_end = .
                0x000000cc                __bss_section_table = .
                0x000000cc        0x4 LONG 0x10000000 ADDR (.bss)
                0x000000d0        0x4 LONG 0x4 SIZEOF (.bss)
                0x000000d4                __bss_section_table_end = .
                0x000000d4                __section_table_end = .
 *(.after_vectors*)
 *(.text*)
 .text          0x000000d4        0x4 ./src/asm_sum_cm0.o
                0x000000d4                asm_sum
 .text.Reset_Handler
                0x000000d8       0x70 ./src/cr_startup_lpc11.o
                0x000000d8                ResetISR
                0x000000d8                Reset_Handler
 .text.NMI_Handler
                0x00000148        0x8 ./src/cr_startup_lpc11.o
                0x00000148                NMI_Handler
 .text.HardFault_Handler
                0x00000150        0x8 ./src/cr_startup_lpc11.o
                0x00000150                HardFault_Handler
 .text.SVCall_Handler
                0x00000158        0x8 ./src/cr_startup_lpc11.o
                0x00000158                SVCall_Handler
 .text.PendSV_Handler
                0x00000160        0x8 ./src/cr_startup_lpc11.o
                0x00000160                PendSV_Handler
 .text.SysTick_Handler
                0x00000168        0x8 ./src/cr_startup_lpc11.o
                0x00000168                SysTick_Handler
 .text.IntDefaultHandler
                0x00000170        0x8 ./src/cr_startup_lpc11.o
                0x00000170                TIMER16_0_IRQHandler
                0x00000170                UART_IRQHandler
                0x00000170                TIMER32_0_IRQHandler
                0x00000170                TIMER32_1_IRQHandler
                0x00000170                IntDefaultHandler
                0x00000170                PIOINT1_IRQHandler
                0x00000170                SSP_IRQHandler
                0x00000170                TIMER16_1_IRQHandler
                0x00000170                USB_FIQHandler
                0x00000170                ADC_IRQHandler
                0x00000170                PIOINT2_IRQHandler
                0x00000170                USB_IRQHandler
                0x00000170                BOD_IRQHandler
                0x00000170                WAKEUP_IRQHandler
                0x00000170                PIOINT0_IRQHandler
                0x00000170                I2C_IRQHandler
                0x00000170                WDT_IRQHandler
                0x00000170                PIOINT3_IRQHandler
                0x00000170                FMC_IRQHandler
 .text.sum      0x00000178       0x18 ./src/main.o
                0x00000178                sum
 .text.main     0x00000190       0x30 ./src/main.o
                0x00000190                main
 *(.rodata .rodata.*)
                0x000001c0                . = ALIGN (0x4)

.glue_7         0x000001c0        0x0
 .glue_7        0x00000000        0x0 linker stubs

.glue_7t        0x000001c0        0x0
 .glue_7t       0x00000000        0x0 linker stubs

.vfp11_veneer   0x000001c0        0x0
 .vfp11_veneer  0x00000000        0x0 linker stubs

.v4_bx          0x000001c0        0x0
 .v4_bx         0x00000000        0x0 linker stubs

.ARM.extab
 *(.ARM.extab* .gnu.linkonce.armextab.*)
                0x000001c0                __exidx_start = .

.ARM.exidx
 *(.ARM.exidx* .gnu.linkonce.armexidx.*)
                0x000001c0                __exidx_end = .
                0x000001c0                _etext = .

.uninit_RESERVED
                0x10000000        0x0
 *(.bss.$RESERVED*)
                0x10000000                . = ALIGN (0x4)
                0x10000000                _end_uninit_RESERVED = .

.data           0x10000000        0x0 load address 0x000001c0
 FILL mask 0xff
                0x10000000                _data = .
 *(vtable)
 *(.data*)
                0x10000000                . = ALIGN (0x4)
                0x10000000                _edata = .

.bss            0x10000000        0x4 load address 0x000001c0
                0x10000000                _bss = .
 *(.bss*)
 .bss           0x10000000        0x4 ./src/main.o
 *(COMMON)
                0x10000004                . = ALIGN (0x4)
                0x10000004                _ebss = .
                0x10000004                PROVIDE (end, .)

.noinit         0x10000004        0x0 load address 0x000001c0
                0x10000004                _noinit = .
 *(.noinit*)
                0x10000004                . = ALIGN (0x4)
                0x10000004                _end_noinit = .
                0x10000004                PROVIDE (_pvHeapStart, .)
                0x10002000                PROVIDE (_vStackTop, (__top_RamLoc8 - 0x0))
OUTPUT(asm_xample11.axf elf32-littlearm)

.ARM.attributes
                0x00000000       0x2d
 .ARM.attributes
                0x00000000       0x21 ./src/asm_sum_cm0.o
 .ARM.attributes
                0x00000021       0x31 ./src/cr_startup_lpc11.o
 .ARM.attributes
                0x00000052       0x31 ./src/main.o

.comment        0x00000000       0x70
 .comment       0x00000000       0x70 ./src/cr_startup_lpc11.o
                                 0x71 (size before relaxing)
 .comment       0x00000000       0x71 ./src/main.o

.debug_line     0x00000000      0x185
 .debug_line    0x00000000       0x43 ./src/asm_sum_cm0.o
 .debug_line    0x00000043       0xec ./src/cr_startup_lpc11.o
 .debug_line    0x0000012f       0x56 ./src/main.o

.debug_info     0x00000000      0x2eb
 .debug_info    0x00000000       0x77 ./src/asm_sum_cm0.o
 .debug_info    0x00000077      0x1bd ./src/cr_startup_lpc11.o
 .debug_info    0x00000234       0xb7 ./src/main.o

.debug_abbrev   0x00000000      0x16a
 .debug_abbrev  0x00000000       0x14 ./src/asm_sum_cm0.o
 .debug_abbrev  0x00000014       0xcd ./src/cr_startup_lpc11.o
 .debug_abbrev  0x000000e1       0x89 ./src/main.o

.debug_aranges  0x00000000       0x98
 .debug_aranges
                0x00000000       0x20 ./src/asm_sum_cm0.o
 .debug_aranges
                0x00000020       0x50 ./src/cr_startup_lpc11.o
 .debug_aranges
                0x00000070       0x28 ./src/main.o

.debug_loc      0x00000000      0x1b0
 .debug_loc     0x00000000      0x140 ./src/cr_startup_lpc11.o
 .debug_loc     0x00000140       0x70 ./src/main.o

.debug_ranges   0x00000000       0x58
 .debug_ranges  0x00000000       0x40 ./src/cr_startup_lpc11.o
 .debug_ranges  0x00000040       0x18 ./src/main.o

.debug_macinfo  0x00000000     0x4420
 .debug_macinfo
                0x00000000     0x2236 ./src/cr_startup_lpc11.o
 .debug_macinfo
                0x00002236     0x21ea ./src/main.o

.debug_str      0x00000000      0x182
 .debug_str     0x00000000      0x16a ./src/cr_startup_lpc11.o
 .debug_str     0x0000016a       0x18 ./src/main.o
                                 0x9b (size before relaxing)

.debug_frame    0x00000000      0x128
 .debug_frame   0x00000000       0xd8 ./src/cr_startup_lpc11.o
 .debug_frame   0x000000d8       0x50 ./src/main.o
