14:29:38 **** Incremental Build of configuration Debug for project Part2 ****
make all 
Building file: ../src/main.c
Invoking: MCU C Compiler
arm-none-eabi-gcc -D__REDLIB__ -DDEBUG -D__CODE_RED -I../cmsis -I../config -I../driver -O0 -g3 -Wall -c -fmessage-length=0 -fno-builtin -ffunction-sections -fdata-sections -mcpu=cortex-m0 -mthumb -MMD -MP -MF"src/main.d" -MT"src/main.d" -o "src/main.o" "../src/main.c"
../src/main.c: In function 'InitFromPowerAPIDemo':
../src/main.c:135:1: warning: control reaches end of non-void function [-Wreturn-type]
Finished building: ../src/main.c
 
Building target: Part2.axf
Invoking: MCU Linker
arm-none-eabi-gcc -nostdlib -Xlinker -Map=Part2.map -Xlinker --gc-sections -mcpu=cortex-m0 -mthumb -T "../linker/lpc1114_flash_crp.ld" -o "Part2.axf"  ./startup/cr_startup_lpc11.o  ./src/main.o  ./driver/crp.o ./driver/gpio.o ./driver/timer16.o  ./cmsis/core_cm0.o ./cmsis/system_LPC11xx.o   
Finished building target: Part2.axf
 
make --no-print-directory post-build
Performing post-build steps
arm-none-eabi-size Part2.axf; arm-none-eabi-objcopy -O binary Part2.axf Part2.bin ; checksum -p LPC1114_302 -d Part2.bin;
   text	   data	    bss	    dec	    hex	filename
   3556	      8	     60	   3624	    e28	Part2.axf
Created checksum 0xefffd635 at offset 0x1c in file Part2.bin 

14:29:42 Build Finished (took 3s.468ms)

