Archive member included because of file (symbol)

C:\Users\Jacob\Dropbox\ECEN 3000\Lab 1\BlinkyExample\blinky\lib_small_printf_m0\Lib\liblib_small_printf_m0.a(small_printf_nofloat.o)
                              ./driver/debug_printf.o (printf_format_nofloat)
C:\Users\Jacob\Dropbox\ECEN 3000\Lab 1\BlinkyExample\blinky\lib_small_printf_m0\Lib\liblib_small_printf_m0.a(small_printf_support.o)
                              C:\Users\Jacob\Dropbox\ECEN 3000\Lab 1\BlinkyExample\blinky\lib_small_printf_m0\Lib\liblib_small_printf_m0.a(small_printf_nofloat.o) (prints)
C:\Users\Jacob\Dropbox\ECEN 3000\Lab 1\BlinkyExample\blinky\lib_small_printf_m0\Lib\liblib_small_printf_m0.a(small_utils.o)
                              ./driver/debug_printf.o (small_strlen)
c:/nxp/lpcxpresso_5.0.14_1109/lpcxpresso/tools/bin/../lib/gcc/arm-none-eabi/4.6.2/../../../../arm-none-eabi/lib/armv6-m\libcr_c.a(__weak__main.o)
                              ./startup/cr_startup_lpc11.o (__main)
c:/nxp/lpcxpresso_5.0.14_1109/lpcxpresso/tools/bin/../lib/gcc/arm-none-eabi/4.6.2/../../../../arm-none-eabi/lib/armv6-m\libcr_c.a(fpprintf.o)
                              ./src/adc_main.o (printf)
c:/nxp/lpcxpresso_5.0.14_1109/lpcxpresso/tools/bin/../lib/gcc/arm-none-eabi/4.6.2/../../../../arm-none-eabi/lib/armv6-m\libcr_c.a(printf.o)
                              c:/nxp/lpcxpresso_5.0.14_1109/lpcxpresso/tools/bin/../lib/gcc/arm-none-eabi/4.6.2/../../../../arm-none-eabi/lib/armv6-m\libcr_c.a(fpprintf.o) (__vfprintf)
c:/nxp/lpcxpresso_5.0.14_1109/lpcxpresso/tools/bin/../lib/gcc/arm-none-eabi/4.6.2/../../../../arm-none-eabi/lib/armv6-m\libcr_c.a(stdio.o)
                              c:/nxp/lpcxpresso_5.0.14_1109/lpcxpresso/tools/bin/../lib/gcc/arm-none-eabi/4.6.2/../../../../arm-none-eabi/lib/armv6-m\libcr_c.a(fpprintf.o) (__Ciob)
c:/nxp/lpcxpresso_5.0.14_1109/lpcxpresso/tools/bin/../lib/gcc/arm-none-eabi/4.6.2/../../../../arm-none-eabi/lib/armv6-m\libcr_c.a(strlen.o)
                              c:/nxp/lpcxpresso_5.0.14_1109/lpcxpresso/tools/bin/../lib/gcc/arm-none-eabi/4.6.2/../../../../arm-none-eabi/lib/armv6-m\libcr_c.a(printf.o) (strlen)
c:/nxp/lpcxpresso_5.0.14_1109/lpcxpresso/tools/bin/../lib/gcc/arm-none-eabi/4.6.2/../../../../arm-none-eabi/lib/armv6-m\libcr_c.a(memset.o)
                              c:/nxp/lpcxpresso_5.0.14_1109/lpcxpresso/tools/bin/../lib/gcc/arm-none-eabi/4.6.2/../../../../arm-none-eabi/lib/armv6-m\libcr_c.a(fpprintf.o) (memset)
c:/nxp/lpcxpresso_5.0.14_1109/lpcxpresso/tools/bin/../lib/gcc/arm-none-eabi/4.6.2/../../../../arm-none-eabi/lib/armv6-m\libcr_c.a(__fillbuf.o)
                              c:/nxp/lpcxpresso_5.0.14_1109/lpcxpresso/tools/bin/../lib/gcc/arm-none-eabi/4.6.2/../../../../arm-none-eabi/lib/armv6-m\libcr_c.a(stdio.o) (__filbuf)
c:/nxp/lpcxpresso_5.0.14_1109/lpcxpresso/tools/bin/../lib/gcc/arm-none-eabi/4.6.2/../../../../arm-none-eabi/lib/armv6-m\libcr_c.a(_deferredlazyseek.o)
                              c:/nxp/lpcxpresso_5.0.14_1109/lpcxpresso/tools/bin/../lib/gcc/arm-none-eabi/4.6.2/../../../../arm-none-eabi/lib/armv6-m\libcr_c.a(__fillbuf.o) (_deferredlazyseek)
c:/nxp/lpcxpresso_5.0.14_1109/lpcxpresso/tools/bin/../lib/gcc/arm-none-eabi/4.6.2/../../../../arm-none-eabi/lib/armv6-m\libcr_c.a(_fflush.o)
                              c:/nxp/lpcxpresso_5.0.14_1109/lpcxpresso/tools/bin/../lib/gcc/arm-none-eabi/4.6.2/../../../../arm-none-eabi/lib/armv6-m\libcr_c.a(__fillbuf.o) (_fflush)
c:/nxp/lpcxpresso_5.0.14_1109/lpcxpresso/tools/bin/../lib/gcc/arm-none-eabi/4.6.2/../../../../arm-none-eabi/lib/armv6-m\libcr_c.a(_frexpl.o)
                              c:/nxp/lpcxpresso_5.0.14_1109/lpcxpresso/tools/bin/../lib/gcc/arm-none-eabi/4.6.2/../../../../arm-none-eabi/lib/armv6-m\libcr_c.a(fpprintf.o) (_frexpl)
c:/nxp/lpcxpresso_5.0.14_1109/lpcxpresso/tools/bin/../lib/gcc/arm-none-eabi/4.6.2/../../../../arm-none-eabi/lib/armv6-m\libcr_c.a(_ldexpl.o)
                              c:/nxp/lpcxpresso_5.0.14_1109/lpcxpresso/tools/bin/../lib/gcc/arm-none-eabi/4.6.2/../../../../arm-none-eabi/lib/armv6-m\libcr_c.a(fpprintf.o) (_ldexpl)
c:/nxp/lpcxpresso_5.0.14_1109/lpcxpresso/tools/bin/../lib/gcc/arm-none-eabi/4.6.2/../../../../arm-none-eabi/lib/armv6-m\libcr_c.a(_writebuf.o)
                              c:/nxp/lpcxpresso_5.0.14_1109/lpcxpresso/tools/bin/../lib/gcc/arm-none-eabi/4.6.2/../../../../arm-none-eabi/lib/armv6-m\libcr_c.a(_deferredlazyseek.o) (_Cwritebuf)
c:/nxp/lpcxpresso_5.0.14_1109/lpcxpresso/tools/bin/../lib/gcc/arm-none-eabi/4.6.2/../../../../arm-none-eabi/lib/armv6-m\libcr_c.a(alloc.o)
                              c:/nxp/lpcxpresso_5.0.14_1109/lpcxpresso/tools/bin/../lib/gcc/arm-none-eabi/4.6.2/../../../../arm-none-eabi/lib/armv6-m\libcr_c.a(fpprintf.o) (malloc)
c:/nxp/lpcxpresso_5.0.14_1109/lpcxpresso/tools/bin/../lib/gcc/arm-none-eabi/4.6.2/../../../../arm-none-eabi/lib/armv6-m\libcr_c.a(errno.o)
                              c:/nxp/lpcxpresso_5.0.14_1109/lpcxpresso/tools/bin/../lib/gcc/arm-none-eabi/4.6.2/../../../../arm-none-eabi/lib/armv6-m\libcr_c.a(_ldexpl.o) (errno)
c:/nxp/lpcxpresso_5.0.14_1109/lpcxpresso/tools/bin/../lib/gcc/arm-none-eabi/4.6.2/../../../../arm-none-eabi/lib/armv6-m\libcr_c.a(memcpy.o)
                              c:/nxp/lpcxpresso_5.0.14_1109/lpcxpresso/tools/bin/../lib/gcc/arm-none-eabi/4.6.2/../../../../arm-none-eabi/lib/armv6-m\libcr_c.a(alloc.o) (memcpy)
c:/nxp/lpcxpresso_5.0.14_1109/lpcxpresso/tools/bin/../lib/gcc/arm-none-eabi/4.6.2/../../../../arm-none-eabi/lib/armv6-m\libcr_c.a(__init_alloc.o)
                              c:/nxp/lpcxpresso_5.0.14_1109/lpcxpresso/tools/bin/../lib/gcc/arm-none-eabi/4.6.2/../../../../arm-none-eabi/lib/armv6-m\libcr_c.a(alloc.o) (__heaps)
c:/nxp/lpcxpresso_5.0.14_1109/lpcxpresso/tools/bin/../lib/gcc/arm-none-eabi/4.6.2/../../../../arm-none-eabi/lib/armv6-m\libcr_c.a(_hugeval.o)
                              c:/nxp/lpcxpresso_5.0.14_1109/lpcxpresso/tools/bin/../lib/gcc/arm-none-eabi/4.6.2/../../../../arm-none-eabi/lib/armv6-m\libcr_c.a(_ldexpl.o) (__huge_vall)
c:/nxp/lpcxpresso_5.0.14_1109/lpcxpresso/tools/bin/../lib/gcc/arm-none-eabi/4.6.2/../../../../arm-none-eabi/lib/armv6-m\libcr_semihost.a(__sys_appexit.o)
                              c:/nxp/lpcxpresso_5.0.14_1109/lpcxpresso/tools/bin/../lib/gcc/arm-none-eabi/4.6.2/../../../../arm-none-eabi/lib/armv6-m\libcr_c.a(alloc.o) (__sys_appexit)
c:/nxp/lpcxpresso_5.0.14_1109/lpcxpresso/tools/bin/../lib/gcc/arm-none-eabi/4.6.2/../../../../arm-none-eabi/lib/armv6-m\libcr_semihost.a(__sys_flen.o)
                              c:/nxp/lpcxpresso_5.0.14_1109/lpcxpresso/tools/bin/../lib/gcc/arm-none-eabi/4.6.2/../../../../arm-none-eabi/lib/armv6-m\libcr_c.a(_writebuf.o) (__sys_flen)
c:/nxp/lpcxpresso_5.0.14_1109/lpcxpresso/tools/bin/../lib/gcc/arm-none-eabi/4.6.2/../../../../arm-none-eabi/lib/armv6-m\libcr_semihost.a(__sys_istty.o)
                              c:/nxp/lpcxpresso_5.0.14_1109/lpcxpresso/tools/bin/../lib/gcc/arm-none-eabi/4.6.2/../../../../arm-none-eabi/lib/armv6-m\libcr_c.a(_deferredlazyseek.o) (__sys_istty)
c:/nxp/lpcxpresso_5.0.14_1109/lpcxpresso/tools/bin/../lib/gcc/arm-none-eabi/4.6.2/../../../../arm-none-eabi/lib/armv6-m\libcr_semihost.a(__sys_read.o)
                              c:/nxp/lpcxpresso_5.0.14_1109/lpcxpresso/tools/bin/../lib/gcc/arm-none-eabi/4.6.2/../../../../arm-none-eabi/lib/armv6-m\libcr_c.a(__fillbuf.o) (__sys_read)
c:/nxp/lpcxpresso_5.0.14_1109/lpcxpresso/tools/bin/../lib/gcc/arm-none-eabi/4.6.2/../../../../arm-none-eabi/lib/armv6-m\libcr_semihost.a(__sys_readc.o)
                              c:/nxp/lpcxpresso_5.0.14_1109/lpcxpresso/tools/bin/../lib/gcc/arm-none-eabi/4.6.2/../../../../arm-none-eabi/lib/armv6-m\libcr_c.a(__fillbuf.o) (__sys_readc)
c:/nxp/lpcxpresso_5.0.14_1109/lpcxpresso/tools/bin/../lib/gcc/arm-none-eabi/4.6.2/../../../../arm-none-eabi/lib/armv6-m\libcr_semihost.a(__sys_seek.o)
                              c:/nxp/lpcxpresso_5.0.14_1109/lpcxpresso/tools/bin/../lib/gcc/arm-none-eabi/4.6.2/../../../../arm-none-eabi/lib/armv6-m\libcr_c.a(__fillbuf.o) (__sys_seek)
c:/nxp/lpcxpresso_5.0.14_1109/lpcxpresso/tools/bin/../lib/gcc/arm-none-eabi/4.6.2/../../../../arm-none-eabi/lib/armv6-m\libcr_semihost.a(__sys_write.o)
                              ./driver/debug_printf.o (__write)
c:/nxp/lpcxpresso_5.0.14_1109/lpcxpresso/tools/bin/../lib/gcc/arm-none-eabi/4.6.2/../../../../arm-none-eabi/lib/armv6-m\libcr_semihost.a(_cr_sbrk.o)
                              c:/nxp/lpcxpresso_5.0.14_1109/lpcxpresso/tools/bin/../lib/gcc/arm-none-eabi/4.6.2/../../../../arm-none-eabi/lib/armv6-m\libcr_c.a(alloc.o) (_sbrk)
c:/nxp/lpcxpresso_5.0.14_1109/lpcxpresso/tools/bin/../lib/gcc/arm-none-eabi/4.6.2/../../../../arm-none-eabi/lib/armv6-m\libcr_semihost.a(_cr_check_heap.o)
                              c:/nxp/lpcxpresso_5.0.14_1109/lpcxpresso/tools/bin/../lib/gcc/arm-none-eabi/4.6.2/../../../../arm-none-eabi/lib/armv6-m\libcr_semihost.a(_cr_sbrk.o) (__check_heap_overflow)
c:/nxp/lpcxpresso_5.0.14_1109/lpcxpresso/tools/bin/../lib/gcc/arm-none-eabi/4.6.2/armv6-m\libcr_eabihelpers.a(division.o)
                              c:/nxp/lpcxpresso_5.0.14_1109/lpcxpresso/tools/bin/../lib/gcc/arm-none-eabi/4.6.2/../../../../arm-none-eabi/lib/armv6-m\libcr_c.a(fpprintf.o) (__aeabi_idiv)
c:/nxp/lpcxpresso_5.0.14_1109/lpcxpresso/tools/bin/../lib/gcc/arm-none-eabi/4.6.2/armv6-m\libcr_eabihelpers.a(double.o)
                              ./src/adc_main.o (__aeabi_dmul)
c:/nxp/lpcxpresso_5.0.14_1109/lpcxpresso/tools/bin/../lib/gcc/arm-none-eabi/4.6.2/armv6-m\libcr_eabihelpers.a(llong.o)
                              c:/nxp/lpcxpresso_5.0.14_1109/lpcxpresso/tools/bin/../lib/gcc/arm-none-eabi/4.6.2/../../../../arm-none-eabi/lib/armv6-m\libcr_c.a(printf.o) (__aeabi_lmul)
c:/nxp/lpcxpresso_5.0.14_1109/lpcxpresso/tools/bin/../lib/gcc/arm-none-eabi/4.6.2/armv6-m\libcr_eabihelpers.a(memcpy.o)
                              c:/nxp/lpcxpresso_5.0.14_1109/lpcxpresso/tools/bin/../lib/gcc/arm-none-eabi/4.6.2/../../../../arm-none-eabi/lib/armv6-m\libcr_c.a(memcpy.o) (__aeabi_memcpy)

Allocating common symbols
Common symbol       size              file

fseek               0x4               ./driver/debug_printf.o
fclose              0x4               ./driver/debug_printf.o
ADCValue            0x20              ./driver/adc.o
__heaps             0x4               c:/nxp/lpcxpresso_5.0.14_1109/lpcxpresso/tools/bin/../lib/gcc/arm-none-eabi/4.6.2/../../../../arm-none-eabi/lib/armv6-m\libcr_c.a(__init_alloc.o)
__end_of_heap       0x4               c:/nxp/lpcxpresso_5.0.14_1109/lpcxpresso/tools/bin/../lib/gcc/arm-none-eabi/4.6.2/../../../../arm-none-eabi/lib/armv6-m\libcr_c.a(__init_alloc.o)
__Ciob              0x140             c:/nxp/lpcxpresso_5.0.14_1109/lpcxpresso/tools/bin/../lib/gcc/arm-none-eabi/4.6.2/../../../../arm-none-eabi/lib/armv6-m\libcr_c.a(stdio.o)

Discarded input sections

 .text          0x00000000        0x0 ./startup/cr_startup_lpc11.o
 .data          0x00000000        0x0 ./startup/cr_startup_lpc11.o
 .bss           0x00000000        0x0 ./startup/cr_startup_lpc11.o
 .text.SysTick_Handler
                0x00000000        0x8 ./startup/cr_startup_lpc11.o
 .text          0x00000000        0x0 ./src/adc_main.o
 .data          0x00000000        0x0 ./src/adc_main.o
 .bss           0x00000000        0x0 ./src/adc_main.o
 .rodata.LPC_GPIO
                0x00000000       0x10 ./src/adc_main.o
 .text.ConvertDigital
                0x00000000       0x4c ./src/adc_main.o
 .text.FillString
                0x00000000       0x44 ./src/adc_main.o
 .text          0x00000000        0x0 ./driver/adc.o
 .data          0x00000000        0x0 ./driver/adc.o
 .bss           0x00000000        0x0 ./driver/adc.o
 .text.ADCBurstRead
                0x00000000       0x48 ./driver/adc.o
 .text          0x00000000        0x0 ./driver/crp.o
 .data          0x00000000        0x0 ./driver/crp.o
 .bss           0x00000000        0x0 ./driver/crp.o
 .text          0x00000000        0x0 ./driver/debug_printf.o
 .data          0x00000000        0x0 ./driver/debug_printf.o
 .bss           0x00000000        0x0 ./driver/debug_printf.o
 .bss.debug_write_buf
                0x00000000       0x54 ./driver/debug_printf.o
 .bss.debug_buf_read_index
                0x00000000        0x1 ./driver/debug_printf.o
 .bss.debug_buf_write_index
                0x00000000        0x1 ./driver/debug_printf.o
 .text._debug_printf_flush
                0x00000000       0xa8 ./driver/debug_printf.o
 .text._debug_putchar
                0x00000000       0x88 ./driver/debug_printf.o
 .text._debug_printf
                0x00000000       0x30 ./driver/debug_printf.o
 .bss.debug_read_buf
                0x00000000       0x18 ./driver/debug_printf.o
 .text._debug_getstr
                0x00000000       0x58 ./driver/debug_printf.o
 .text._debug_puts
                0x00000000       0x30 ./driver/debug_printf.o
 .text          0x00000000        0x0 ./driver/gpio.o
 .data          0x00000000        0x0 ./driver/gpio.o
 .bss           0x00000000        0x0 ./driver/gpio.o
 .text.GPIOSetInterrupt
                0x00000000      0x334 ./driver/gpio.o
 .text.GPIOIntEnable
                0x00000000       0xa8 ./driver/gpio.o
 .text.GPIOIntDisable
                0x00000000       0xa8 ./driver/gpio.o
 .text.GPIOIntStatus
                0x00000000       0xb4 ./driver/gpio.o
 .text.GPIOIntClear
                0x00000000       0xa8 ./driver/gpio.o
 .text          0x00000000        0x0 ./cmsis/core_cm0.o
 .data          0x00000000        0x0 ./cmsis/core_cm0.o
 .bss           0x00000000        0x0 ./cmsis/core_cm0.o
 .text.__get_PSP
                0x00000000        0x8 ./cmsis/core_cm0.o
 .text.__set_PSP
                0x00000000        0x6 ./cmsis/core_cm0.o
 .text.__get_MSP
                0x00000000        0x8 ./cmsis/core_cm0.o
 .text.__set_MSP
                0x00000000        0x6 ./cmsis/core_cm0.o
 .text.__get_PRIMASK
                0x00000000        0x6 ./cmsis/core_cm0.o
 .text.__set_PRIMASK
                0x00000000        0x6 ./cmsis/core_cm0.o
 .text.__get_CONTROL
                0x00000000        0x6 ./cmsis/core_cm0.o
 .text.__set_CONTROL
                0x00000000        0x6 ./cmsis/core_cm0.o
 .text.__REV    0x00000000        0x4 ./cmsis/core_cm0.o
 .text.__REV16  0x00000000        0x4 ./cmsis/core_cm0.o
 .text.__REVSH  0x00000000        0x4 ./cmsis/core_cm0.o
 .text          0x00000000        0x0 ./cmsis/system_LPC11xx.o
 .data          0x00000000        0x0 ./cmsis/system_LPC11xx.o
 .bss           0x00000000        0x0 ./cmsis/system_LPC11xx.o
 .text          0x00000000        0x0 C:\Users\Jacob\Dropbox\ECEN 3000\Lab 1\BlinkyExample\blinky\lib_small_printf_m0\Lib\liblib_small_printf_m0.a(small_printf_nofloat.o)
 .data          0x00000000        0x0 C:\Users\Jacob\Dropbox\ECEN 3000\Lab 1\BlinkyExample\blinky\lib_small_printf_m0\Lib\liblib_small_printf_m0.a(small_printf_nofloat.o)
 .bss           0x00000000        0x0 C:\Users\Jacob\Dropbox\ECEN 3000\Lab 1\BlinkyExample\blinky\lib_small_printf_m0\Lib\liblib_small_printf_m0.a(small_printf_nofloat.o)
 .text.printf_format_nofloat
                0x00000000      0x18c C:\Users\Jacob\Dropbox\ECEN 3000\Lab 1\BlinkyExample\blinky\lib_small_printf_m0\Lib\liblib_small_printf_m0.a(small_printf_nofloat.o)
 .text.func_printf_nofloat
                0x00000000       0x16 C:\Users\Jacob\Dropbox\ECEN 3000\Lab 1\BlinkyExample\blinky\lib_small_printf_m0\Lib\liblib_small_printf_m0.a(small_printf_nofloat.o)
 .text.nsprintf
                0x00000000       0x24 C:\Users\Jacob\Dropbox\ECEN 3000\Lab 1\BlinkyExample\blinky\lib_small_printf_m0\Lib\liblib_small_printf_m0.a(small_printf_nofloat.o)
 .rodata.str1.1
                0x00000000        0x7 C:\Users\Jacob\Dropbox\ECEN 3000\Lab 1\BlinkyExample\blinky\lib_small_printf_m0\Lib\liblib_small_printf_m0.a(small_printf_nofloat.o)
 .text          0x00000000        0x0 C:\Users\Jacob\Dropbox\ECEN 3000\Lab 1\BlinkyExample\blinky\lib_small_printf_m0\Lib\liblib_small_printf_m0.a(small_printf_support.o)
 .data          0x00000000        0x0 C:\Users\Jacob\Dropbox\ECEN 3000\Lab 1\BlinkyExample\blinky\lib_small_printf_m0\Lib\liblib_small_printf_m0.a(small_printf_support.o)
 .bss           0x00000000        0x0 C:\Users\Jacob\Dropbox\ECEN 3000\Lab 1\BlinkyExample\blinky\lib_small_printf_m0\Lib\liblib_small_printf_m0.a(small_printf_support.o)
 .text.prints   0x00000000       0x7a C:\Users\Jacob\Dropbox\ECEN 3000\Lab 1\BlinkyExample\blinky\lib_small_printf_m0\Lib\liblib_small_printf_m0.a(small_printf_support.o)
 .text.printi   0x00000000       0xa4 C:\Users\Jacob\Dropbox\ECEN 3000\Lab 1\BlinkyExample\blinky\lib_small_printf_m0\Lib\liblib_small_printf_m0.a(small_printf_support.o)
 .text.nsprintf_write_init
                0x00000000       0x1c C:\Users\Jacob\Dropbox\ECEN 3000\Lab 1\BlinkyExample\blinky\lib_small_printf_m0\Lib\liblib_small_printf_m0.a(small_printf_support.o)
 .text.nsprintf_write
                0x00000000       0x30 C:\Users\Jacob\Dropbox\ECEN 3000\Lab 1\BlinkyExample\blinky\lib_small_printf_m0\Lib\liblib_small_printf_m0.a(small_printf_support.o)
 .bss.nsprintf_buffer_index
                0x00000000        0x4 C:\Users\Jacob\Dropbox\ECEN 3000\Lab 1\BlinkyExample\blinky\lib_small_printf_m0\Lib\liblib_small_printf_m0.a(small_printf_support.o)
 .bss.nsprintf_buffer
                0x00000000        0x4 C:\Users\Jacob\Dropbox\ECEN 3000\Lab 1\BlinkyExample\blinky\lib_small_printf_m0\Lib\liblib_small_printf_m0.a(small_printf_support.o)
 .bss.nsprintf_buffer_length
                0x00000000        0x4 C:\Users\Jacob\Dropbox\ECEN 3000\Lab 1\BlinkyExample\blinky\lib_small_printf_m0\Lib\liblib_small_printf_m0.a(small_printf_support.o)
 .text          0x00000000        0x0 C:\Users\Jacob\Dropbox\ECEN 3000\Lab 1\BlinkyExample\blinky\lib_small_printf_m0\Lib\liblib_small_printf_m0.a(small_utils.o)
 .data          0x00000000        0x0 C:\Users\Jacob\Dropbox\ECEN 3000\Lab 1\BlinkyExample\blinky\lib_small_printf_m0\Lib\liblib_small_printf_m0.a(small_utils.o)
 .bss           0x00000000        0x0 C:\Users\Jacob\Dropbox\ECEN 3000\Lab 1\BlinkyExample\blinky\lib_small_printf_m0\Lib\liblib_small_printf_m0.a(small_utils.o)
 .text.small_strlen
                0x00000000       0x12 C:\Users\Jacob\Dropbox\ECEN 3000\Lab 1\BlinkyExample\blinky\lib_small_printf_m0\Lib\liblib_small_printf_m0.a(small_utils.o)
 .text.small_strcmp
                0x00000000       0x1e C:\Users\Jacob\Dropbox\ECEN 3000\Lab 1\BlinkyExample\blinky\lib_small_printf_m0\Lib\liblib_small_printf_m0.a(small_utils.o)
 .text.small_stricmp
                0x00000000       0x34 C:\Users\Jacob\Dropbox\ECEN 3000\Lab 1\BlinkyExample\blinky\lib_small_printf_m0\Lib\liblib_small_printf_m0.a(small_utils.o)
 .text.small_strim
                0x00000000       0x2c C:\Users\Jacob\Dropbox\ECEN 3000\Lab 1\BlinkyExample\blinky\lib_small_printf_m0\Lib\liblib_small_printf_m0.a(small_utils.o)
 .text.gethex   0x00000000       0x34 C:\Users\Jacob\Dropbox\ECEN 3000\Lab 1\BlinkyExample\blinky\lib_small_printf_m0\Lib\liblib_small_printf_m0.a(small_utils.o)
 .text.small_fmodf
                0x00000000       0x68 C:\Users\Jacob\Dropbox\ECEN 3000\Lab 1\BlinkyExample\blinky\lib_small_printf_m0\Lib\liblib_small_printf_m0.a(small_utils.o)
 .text          0x00000000        0x0 c:/nxp/lpcxpresso_5.0.14_1109/lpcxpresso/tools/bin/../lib/gcc/arm-none-eabi/4.6.2/../../../../arm-none-eabi/lib/armv6-m\libcr_c.a(__weak__main.o)
 .data          0x00000000        0x0 c:/nxp/lpcxpresso_5.0.14_1109/lpcxpresso/tools/bin/../lib/gcc/arm-none-eabi/4.6.2/../../../../arm-none-eabi/lib/armv6-m\libcr_c.a(__weak__main.o)
 .bss           0x00000000        0x0 c:/nxp/lpcxpresso_5.0.14_1109/lpcxpresso/tools/bin/../lib/gcc/arm-none-eabi/4.6.2/../../../../arm-none-eabi/lib/armv6-m\libcr_c.a(__weak__main.o)
 .text          0x00000000        0x0 c:/nxp/lpcxpresso_5.0.14_1109/lpcxpresso/tools/bin/../lib/gcc/arm-none-eabi/4.6.2/../../../../arm-none-eabi/lib/armv6-m\libcr_c.a(fpprintf.o)
 .data          0x00000000        0x0 c:/nxp/lpcxpresso_5.0.14_1109/lpcxpresso/tools/bin/../lib/gcc/arm-none-eabi/4.6.2/../../../../arm-none-eabi/lib/armv6-m\libcr_c.a(fpprintf.o)
 .bss           0x00000000        0x0 c:/nxp/lpcxpresso_5.0.14_1109/lpcxpresso/tools/bin/../lib/gcc/arm-none-eabi/4.6.2/../../../../arm-none-eabi/lib/armv6-m\libcr_c.a(fpprintf.o)
 .text.fprintf  0x00000000       0x38 c:/nxp/lpcxpresso_5.0.14_1109/lpcxpresso/tools/bin/../lib/gcc/arm-none-eabi/4.6.2/../../../../arm-none-eabi/lib/armv6-m\libcr_c.a(fpprintf.o)
 .text.printf_char
                0x00000000       0x38 c:/nxp/lpcxpresso_5.0.14_1109/lpcxpresso/tools/bin/../lib/gcc/arm-none-eabi/4.6.2/../../../../arm-none-eabi/lib/armv6-m\libcr_c.a(fpprintf.o)
 .text.snprintf
                0x00000000       0x6c c:/nxp/lpcxpresso_5.0.14_1109/lpcxpresso/tools/bin/../lib/gcc/arm-none-eabi/4.6.2/../../../../arm-none-eabi/lib/armv6-m\libcr_c.a(fpprintf.o)
 .text.vfprintf
                0x00000000       0x28 c:/nxp/lpcxpresso_5.0.14_1109/lpcxpresso/tools/bin/../lib/gcc/arm-none-eabi/4.6.2/../../../../arm-none-eabi/lib/armv6-m\libcr_c.a(fpprintf.o)
 .text.vprintf  0x00000000       0x28 c:/nxp/lpcxpresso_5.0.14_1109/lpcxpresso/tools/bin/../lib/gcc/arm-none-eabi/4.6.2/../../../../arm-none-eabi/lib/armv6-m\libcr_c.a(fpprintf.o)
 .text.vsprintf
                0x00000000       0x68 c:/nxp/lpcxpresso_5.0.14_1109/lpcxpresso/tools/bin/../lib/gcc/arm-none-eabi/4.6.2/../../../../arm-none-eabi/lib/armv6-m\libcr_c.a(fpprintf.o)
 .text          0x00000000        0x0 c:/nxp/lpcxpresso_5.0.14_1109/lpcxpresso/tools/bin/../lib/gcc/arm-none-eabi/4.6.2/../../../../arm-none-eabi/lib/armv6-m\libcr_c.a(printf.o)
 .data          0x00000000        0x0 c:/nxp/lpcxpresso_5.0.14_1109/lpcxpresso/tools/bin/../lib/gcc/arm-none-eabi/4.6.2/../../../../arm-none-eabi/lib/armv6-m\libcr_c.a(printf.o)
 .bss           0x00000000        0x0 c:/nxp/lpcxpresso_5.0.14_1109/lpcxpresso/tools/bin/../lib/gcc/arm-none-eabi/4.6.2/../../../../arm-none-eabi/lib/armv6-m\libcr_c.a(printf.o)
 .text.no_fp_display
                0x00000000        0x4 c:/nxp/lpcxpresso_5.0.14_1109/lpcxpresso/tools/bin/../lib/gcc/arm-none-eabi/4.6.2/../../../../arm-none-eabi/lib/armv6-m\libcr_c.a(printf.o)
 .text._fprintf
                0x00000000       0x38 c:/nxp/lpcxpresso_5.0.14_1109/lpcxpresso/tools/bin/../lib/gcc/arm-none-eabi/4.6.2/../../../../arm-none-eabi/lib/armv6-m\libcr_c.a(printf.o)
 .text._printf_char
                0x00000000       0x38 c:/nxp/lpcxpresso_5.0.14_1109/lpcxpresso/tools/bin/../lib/gcc/arm-none-eabi/4.6.2/../../../../arm-none-eabi/lib/armv6-m\libcr_c.a(printf.o)
 .text._sprintf
                0x00000000       0x78 c:/nxp/lpcxpresso_5.0.14_1109/lpcxpresso/tools/bin/../lib/gcc/arm-none-eabi/4.6.2/../../../../arm-none-eabi/lib/armv6-m\libcr_c.a(printf.o)
 .text._snprintf
                0x00000000       0x6c c:/nxp/lpcxpresso_5.0.14_1109/lpcxpresso/tools/bin/../lib/gcc/arm-none-eabi/4.6.2/../../../../arm-none-eabi/lib/armv6-m\libcr_c.a(printf.o)
 .text._vfprintf
                0x00000000       0x28 c:/nxp/lpcxpresso_5.0.14_1109/lpcxpresso/tools/bin/../lib/gcc/arm-none-eabi/4.6.2/../../../../arm-none-eabi/lib/armv6-m\libcr_c.a(printf.o)
 .text._vsprintf
                0x00000000       0x68 c:/nxp/lpcxpresso_5.0.14_1109/lpcxpresso/tools/bin/../lib/gcc/arm-none-eabi/4.6.2/../../../../arm-none-eabi/lib/armv6-m\libcr_c.a(printf.o)
 .text._vsnprintf
                0x00000000       0x5c c:/nxp/lpcxpresso_5.0.14_1109/lpcxpresso/tools/bin/../lib/gcc/arm-none-eabi/4.6.2/../../../../arm-none-eabi/lib/armv6-m\libcr_c.a(printf.o)
 .text._printf  0x00000000       0x50 c:/nxp/lpcxpresso_5.0.14_1109/lpcxpresso/tools/bin/../lib/gcc/arm-none-eabi/4.6.2/../../../../arm-none-eabi/lib/armv6-m\libcr_c.a(printf.o)
 .text          0x00000000        0x0 c:/nxp/lpcxpresso_5.0.14_1109/lpcxpresso/tools/bin/../lib/gcc/arm-none-eabi/4.6.2/../../../../arm-none-eabi/lib/armv6-m\libcr_c.a(stdio.o)
 .data          0x00000000        0x0 c:/nxp/lpcxpresso_5.0.14_1109/lpcxpresso/tools/bin/../lib/gcc/arm-none-eabi/4.6.2/../../../../arm-none-eabi/lib/armv6-m\libcr_c.a(stdio.o)
 .bss           0x00000000        0x0 c:/nxp/lpcxpresso_5.0.14_1109/lpcxpresso/tools/bin/../lib/gcc/arm-none-eabi/4.6.2/../../../../arm-none-eabi/lib/armv6-m\libcr_c.a(stdio.o)
 .text.fgetc    0x00000000       0x1e c:/nxp/lpcxpresso_5.0.14_1109/lpcxpresso/tools/bin/../lib/gcc/arm-none-eabi/4.6.2/../../../../arm-none-eabi/lib/armv6-m\libcr_c.a(stdio.o)
 .text.fputc    0x00000000       0x1e c:/nxp/lpcxpresso_5.0.14_1109/lpcxpresso/tools/bin/../lib/gcc/arm-none-eabi/4.6.2/../../../../arm-none-eabi/lib/armv6-m\libcr_c.a(stdio.o)
 .text.getc     0x00000000       0x1e c:/nxp/lpcxpresso_5.0.14_1109/lpcxpresso/tools/bin/../lib/gcc/arm-none-eabi/4.6.2/../../../../arm-none-eabi/lib/armv6-m\libcr_c.a(stdio.o)
 .text.getchar  0x00000000       0x24 c:/nxp/lpcxpresso_5.0.14_1109/lpcxpresso/tools/bin/../lib/gcc/arm-none-eabi/4.6.2/../../../../arm-none-eabi/lib/armv6-m\libcr_c.a(stdio.o)
 .text.putc     0x00000000       0x1e c:/nxp/lpcxpresso_5.0.14_1109/lpcxpresso/tools/bin/../lib/gcc/arm-none-eabi/4.6.2/../../../../arm-none-eabi/lib/armv6-m\libcr_c.a(stdio.o)
 .text.putchar  0x00000000       0x28 c:/nxp/lpcxpresso_5.0.14_1109/lpcxpresso/tools/bin/../lib/gcc/arm-none-eabi/4.6.2/../../../../arm-none-eabi/lib/armv6-m\libcr_c.a(stdio.o)
 .text.feof     0x00000000        0x8 c:/nxp/lpcxpresso_5.0.14_1109/lpcxpresso/tools/bin/../lib/gcc/arm-none-eabi/4.6.2/../../../../arm-none-eabi/lib/armv6-m\libcr_c.a(stdio.o)
 .text.ferror   0x00000000        0x8 c:/nxp/lpcxpresso_5.0.14_1109/lpcxpresso/tools/bin/../lib/gcc/arm-none-eabi/4.6.2/../../../../arm-none-eabi/lib/armv6-m\libcr_c.a(stdio.o)
 .text.clearerr
                0x00000000       0x10 c:/nxp/lpcxpresso_5.0.14_1109/lpcxpresso/tools/bin/../lib/gcc/arm-none-eabi/4.6.2/../../../../arm-none-eabi/lib/armv6-m\libcr_c.a(stdio.o)
 .text          0x00000000        0x0 c:/nxp/lpcxpresso_5.0.14_1109/lpcxpresso/tools/bin/../lib/gcc/arm-none-eabi/4.6.2/../../../../arm-none-eabi/lib/armv6-m\libcr_c.a(strlen.o)
 .data          0x00000000        0x0 c:/nxp/lpcxpresso_5.0.14_1109/lpcxpresso/tools/bin/../lib/gcc/arm-none-eabi/4.6.2/../../../../arm-none-eabi/lib/armv6-m\libcr_c.a(strlen.o)
 .bss           0x00000000        0x0 c:/nxp/lpcxpresso_5.0.14_1109/lpcxpresso/tools/bin/../lib/gcc/arm-none-eabi/4.6.2/../../../../arm-none-eabi/lib/armv6-m\libcr_c.a(strlen.o)
 .text          0x00000000        0x0 c:/nxp/lpcxpresso_5.0.14_1109/lpcxpresso/tools/bin/../lib/gcc/arm-none-eabi/4.6.2/../../../../arm-none-eabi/lib/armv6-m\libcr_c.a(memset.o)
 .data          0x00000000        0x0 c:/nxp/lpcxpresso_5.0.14_1109/lpcxpresso/tools/bin/../lib/gcc/arm-none-eabi/4.6.2/../../../../arm-none-eabi/lib/armv6-m\libcr_c.a(memset.o)
 .bss           0x00000000        0x0 c:/nxp/lpcxpresso_5.0.14_1109/lpcxpresso/tools/bin/../lib/gcc/arm-none-eabi/4.6.2/../../../../arm-none-eabi/lib/armv6-m\libcr_c.a(memset.o)
 .text          0x00000000        0x0 c:/nxp/lpcxpresso_5.0.14_1109/lpcxpresso/tools/bin/../lib/gcc/arm-none-eabi/4.6.2/../../../../arm-none-eabi/lib/armv6-m\libcr_c.a(__fillbuf.o)
 .data          0x00000000        0x0 c:/nxp/lpcxpresso_5.0.14_1109/lpcxpresso/tools/bin/../lib/gcc/arm-none-eabi/4.6.2/../../../../arm-none-eabi/lib/armv6-m\libcr_c.a(__fillbuf.o)
 .bss           0x00000000        0x0 c:/nxp/lpcxpresso_5.0.14_1109/lpcxpresso/tools/bin/../lib/gcc/arm-none-eabi/4.6.2/../../../../arm-none-eabi/lib/armv6-m\libcr_c.a(__fillbuf.o)
 .text._Csys_read_
                0x00000000       0x22 c:/nxp/lpcxpresso_5.0.14_1109/lpcxpresso/tools/bin/../lib/gcc/arm-none-eabi/4.6.2/../../../../arm-none-eabi/lib/armv6-m\libcr_c.a(__fillbuf.o)
 .text.__filbuf
                0x00000000      0x184 c:/nxp/lpcxpresso_5.0.14_1109/lpcxpresso/tools/bin/../lib/gcc/arm-none-eabi/4.6.2/../../../../arm-none-eabi/lib/armv6-m\libcr_c.a(__fillbuf.o)
 .text._fillb2  0x00000000       0x1c c:/nxp/lpcxpresso_5.0.14_1109/lpcxpresso/tools/bin/../lib/gcc/arm-none-eabi/4.6.2/../../../../arm-none-eabi/lib/armv6-m\libcr_c.a(__fillbuf.o)
 .text          0x00000000        0x0 c:/nxp/lpcxpresso_5.0.14_1109/lpcxpresso/tools/bin/../lib/gcc/arm-none-eabi/4.6.2/../../../../arm-none-eabi/lib/armv6-m\libcr_c.a(_deferredlazyseek.o)
 .data          0x00000000        0x0 c:/nxp/lpcxpresso_5.0.14_1109/lpcxpresso/tools/bin/../lib/gcc/arm-none-eabi/4.6.2/../../../../arm-none-eabi/lib/armv6-m\libcr_c.a(_deferredlazyseek.o)
 .bss           0x00000000        0x0 c:/nxp/lpcxpresso_5.0.14_1109/lpcxpresso/tools/bin/../lib/gcc/arm-none-eabi/4.6.2/../../../../arm-none-eabi/lib/armv6-m\libcr_c.a(_deferredlazyseek.o)
 .text          0x00000000        0x0 c:/nxp/lpcxpresso_5.0.14_1109/lpcxpresso/tools/bin/../lib/gcc/arm-none-eabi/4.6.2/../../../../arm-none-eabi/lib/armv6-m\libcr_c.a(_fflush.o)
 .data          0x00000000        0x0 c:/nxp/lpcxpresso_5.0.14_1109/lpcxpresso/tools/bin/../lib/gcc/arm-none-eabi/4.6.2/../../../../arm-none-eabi/lib/armv6-m\libcr_c.a(_fflush.o)
 .bss           0x00000000        0x0 c:/nxp/lpcxpresso_5.0.14_1109/lpcxpresso/tools/bin/../lib/gcc/arm-none-eabi/4.6.2/../../../../arm-none-eabi/lib/armv6-m\libcr_c.a(_fflush.o)
 .text          0x00000000        0x0 c:/nxp/lpcxpresso_5.0.14_1109/lpcxpresso/tools/bin/../lib/gcc/arm-none-eabi/4.6.2/../../../../arm-none-eabi/lib/armv6-m\libcr_c.a(_frexpl.o)
 .data          0x00000000        0x0 c:/nxp/lpcxpresso_5.0.14_1109/lpcxpresso/tools/bin/../lib/gcc/arm-none-eabi/4.6.2/../../../../arm-none-eabi/lib/armv6-m\libcr_c.a(_frexpl.o)
 .bss           0x00000000        0x0 c:/nxp/lpcxpresso_5.0.14_1109/lpcxpresso/tools/bin/../lib/gcc/arm-none-eabi/4.6.2/../../../../arm-none-eabi/lib/armv6-m\libcr_c.a(_frexpl.o)
 .text          0x00000000        0x0 c:/nxp/lpcxpresso_5.0.14_1109/lpcxpresso/tools/bin/../lib/gcc/arm-none-eabi/4.6.2/../../../../arm-none-eabi/lib/armv6-m\libcr_c.a(_ldexpl.o)
 .data          0x00000000        0x0 c:/nxp/lpcxpresso_5.0.14_1109/lpcxpresso/tools/bin/../lib/gcc/arm-none-eabi/4.6.2/../../../../arm-none-eabi/lib/armv6-m\libcr_c.a(_ldexpl.o)
 .bss           0x00000000        0x0 c:/nxp/lpcxpresso_5.0.14_1109/lpcxpresso/tools/bin/../lib/gcc/arm-none-eabi/4.6.2/../../../../arm-none-eabi/lib/armv6-m\libcr_c.a(_ldexpl.o)
 .text          0x00000000        0x0 c:/nxp/lpcxpresso_5.0.14_1109/lpcxpresso/tools/bin/../lib/gcc/arm-none-eabi/4.6.2/../../../../arm-none-eabi/lib/armv6-m\libcr_c.a(_writebuf.o)
 .data          0x00000000        0x0 c:/nxp/lpcxpresso_5.0.14_1109/lpcxpresso/tools/bin/../lib/gcc/arm-none-eabi/4.6.2/../../../../arm-none-eabi/lib/armv6-m\libcr_c.a(_writebuf.o)
 .bss           0x00000000        0x0 c:/nxp/lpcxpresso_5.0.14_1109/lpcxpresso/tools/bin/../lib/gcc/arm-none-eabi/4.6.2/../../../../arm-none-eabi/lib/armv6-m\libcr_c.a(_writebuf.o)
 .text          0x00000000        0x0 c:/nxp/lpcxpresso_5.0.14_1109/lpcxpresso/tools/bin/../lib/gcc/arm-none-eabi/4.6.2/../../../../arm-none-eabi/lib/armv6-m\libcr_c.a(alloc.o)
 .data          0x00000000        0x0 c:/nxp/lpcxpresso_5.0.14_1109/lpcxpresso/tools/bin/../lib/gcc/arm-none-eabi/4.6.2/../../../../arm-none-eabi/lib/armv6-m\libcr_c.a(alloc.o)
 .bss           0x00000000        0x0 c:/nxp/lpcxpresso_5.0.14_1109/lpcxpresso/tools/bin/../lib/gcc/arm-none-eabi/4.6.2/../../../../arm-none-eabi/lib/armv6-m\libcr_c.a(alloc.o)
 .text.calloc   0x00000000       0x52 c:/nxp/lpcxpresso_5.0.14_1109/lpcxpresso/tools/bin/../lib/gcc/arm-none-eabi/4.6.2/../../../../arm-none-eabi/lib/armv6-m\libcr_c.a(alloc.o)
 .text.realloc  0x00000000       0x1e c:/nxp/lpcxpresso_5.0.14_1109/lpcxpresso/tools/bin/../lib/gcc/arm-none-eabi/4.6.2/../../../../arm-none-eabi/lib/armv6-m\libcr_c.a(alloc.o)
 .text          0x00000000        0x0 c:/nxp/lpcxpresso_5.0.14_1109/lpcxpresso/tools/bin/../lib/gcc/arm-none-eabi/4.6.2/../../../../arm-none-eabi/lib/armv6-m\libcr_c.a(errno.o)
 .data          0x00000000        0x0 c:/nxp/lpcxpresso_5.0.14_1109/lpcxpresso/tools/bin/../lib/gcc/arm-none-eabi/4.6.2/../../../../arm-none-eabi/lib/armv6-m\libcr_c.a(errno.o)
 .bss           0x00000000        0x0 c:/nxp/lpcxpresso_5.0.14_1109/lpcxpresso/tools/bin/../lib/gcc/arm-none-eabi/4.6.2/../../../../arm-none-eabi/lib/armv6-m\libcr_c.a(errno.o)
 .text          0x00000000        0x0 c:/nxp/lpcxpresso_5.0.14_1109/lpcxpresso/tools/bin/../lib/gcc/arm-none-eabi/4.6.2/../../../../arm-none-eabi/lib/armv6-m\libcr_c.a(memcpy.o)
 .data          0x00000000        0x0 c:/nxp/lpcxpresso_5.0.14_1109/lpcxpresso/tools/bin/../lib/gcc/arm-none-eabi/4.6.2/../../../../arm-none-eabi/lib/armv6-m\libcr_c.a(memcpy.o)
 .bss           0x00000000        0x0 c:/nxp/lpcxpresso_5.0.14_1109/lpcxpresso/tools/bin/../lib/gcc/arm-none-eabi/4.6.2/../../../../arm-none-eabi/lib/armv6-m\libcr_c.a(memcpy.o)
 .text.memcpy   0x00000000        0x8 c:/nxp/lpcxpresso_5.0.14_1109/lpcxpresso/tools/bin/../lib/gcc/arm-none-eabi/4.6.2/../../../../arm-none-eabi/lib/armv6-m\libcr_c.a(memcpy.o)
 .text          0x00000000        0x0 c:/nxp/lpcxpresso_5.0.14_1109/lpcxpresso/tools/bin/../lib/gcc/arm-none-eabi/4.6.2/../../../../arm-none-eabi/lib/armv6-m\libcr_c.a(__init_alloc.o)
 .data          0x00000000        0x0 c:/nxp/lpcxpresso_5.0.14_1109/lpcxpresso/tools/bin/../lib/gcc/arm-none-eabi/4.6.2/../../../../arm-none-eabi/lib/armv6-m\libcr_c.a(__init_alloc.o)
 .bss           0x00000000        0x0 c:/nxp/lpcxpresso_5.0.14_1109/lpcxpresso/tools/bin/../lib/gcc/arm-none-eabi/4.6.2/../../../../arm-none-eabi/lib/armv6-m\libcr_c.a(__init_alloc.o)
 .text._init_alloc
                0x00000000       0x14 c:/nxp/lpcxpresso_5.0.14_1109/lpcxpresso/tools/bin/../lib/gcc/arm-none-eabi/4.6.2/../../../../arm-none-eabi/lib/armv6-m\libcr_c.a(__init_alloc.o)
 .text          0x00000000        0x0 c:/nxp/lpcxpresso_5.0.14_1109/lpcxpresso/tools/bin/../lib/gcc/arm-none-eabi/4.6.2/../../../../arm-none-eabi/lib/armv6-m\libcr_c.a(_hugeval.o)
 .data          0x00000000        0x0 c:/nxp/lpcxpresso_5.0.14_1109/lpcxpresso/tools/bin/../lib/gcc/arm-none-eabi/4.6.2/../../../../arm-none-eabi/lib/armv6-m\libcr_c.a(_hugeval.o)
 .bss           0x00000000        0x0 c:/nxp/lpcxpresso_5.0.14_1109/lpcxpresso/tools/bin/../lib/gcc/arm-none-eabi/4.6.2/../../../../arm-none-eabi/lib/armv6-m\libcr_c.a(_hugeval.o)
 .rodata.__huge_val
                0x00000000        0x8 c:/nxp/lpcxpresso_5.0.14_1109/lpcxpresso/tools/bin/../lib/gcc/arm-none-eabi/4.6.2/../../../../arm-none-eabi/lib/armv6-m\libcr_c.a(_hugeval.o)
 .text          0x00000000        0x0 c:/nxp/lpcxpresso_5.0.14_1109/lpcxpresso/tools/bin/../lib/gcc/arm-none-eabi/4.6.2/../../../../arm-none-eabi/lib/armv6-m\libcr_semihost.a(__sys_appexit.o)
 .data          0x00000000        0x0 c:/nxp/lpcxpresso_5.0.14_1109/lpcxpresso/tools/bin/../lib/gcc/arm-none-eabi/4.6.2/../../../../arm-none-eabi/lib/armv6-m\libcr_semihost.a(__sys_appexit.o)
 .bss           0x00000000        0x0 c:/nxp/lpcxpresso_5.0.14_1109/lpcxpresso/tools/bin/../lib/gcc/arm-none-eabi/4.6.2/../../../../arm-none-eabi/lib/armv6-m\libcr_semihost.a(__sys_appexit.o)
 .text          0x00000000        0x0 c:/nxp/lpcxpresso_5.0.14_1109/lpcxpresso/tools/bin/../lib/gcc/arm-none-eabi/4.6.2/../../../../arm-none-eabi/lib/armv6-m\libcr_semihost.a(__sys_flen.o)
 .data          0x00000000        0x0 c:/nxp/lpcxpresso_5.0.14_1109/lpcxpresso/tools/bin/../lib/gcc/arm-none-eabi/4.6.2/../../../../arm-none-eabi/lib/armv6-m\libcr_semihost.a(__sys_flen.o)
 .bss           0x00000000        0x0 c:/nxp/lpcxpresso_5.0.14_1109/lpcxpresso/tools/bin/../lib/gcc/arm-none-eabi/4.6.2/../../../../arm-none-eabi/lib/armv6-m\libcr_semihost.a(__sys_flen.o)
 .text          0x00000000        0x0 c:/nxp/lpcxpresso_5.0.14_1109/lpcxpresso/tools/bin/../lib/gcc/arm-none-eabi/4.6.2/../../../../arm-none-eabi/lib/armv6-m\libcr_semihost.a(__sys_istty.o)
 .data          0x00000000        0x0 c:/nxp/lpcxpresso_5.0.14_1109/lpcxpresso/tools/bin/../lib/gcc/arm-none-eabi/4.6.2/../../../../arm-none-eabi/lib/armv6-m\libcr_semihost.a(__sys_istty.o)
 .bss           0x00000000        0x0 c:/nxp/lpcxpresso_5.0.14_1109/lpcxpresso/tools/bin/../lib/gcc/arm-none-eabi/4.6.2/../../../../arm-none-eabi/lib/armv6-m\libcr_semihost.a(__sys_istty.o)
 .text          0x00000000        0x0 c:/nxp/lpcxpresso_5.0.14_1109/lpcxpresso/tools/bin/../lib/gcc/arm-none-eabi/4.6.2/../../../../arm-none-eabi/lib/armv6-m\libcr_semihost.a(__sys_read.o)
 .data          0x00000000        0x0 c:/nxp/lpcxpresso_5.0.14_1109/lpcxpresso/tools/bin/../lib/gcc/arm-none-eabi/4.6.2/../../../../arm-none-eabi/lib/armv6-m\libcr_semihost.a(__sys_read.o)
 .bss           0x00000000        0x0 c:/nxp/lpcxpresso_5.0.14_1109/lpcxpresso/tools/bin/../lib/gcc/arm-none-eabi/4.6.2/../../../../arm-none-eabi/lib/armv6-m\libcr_semihost.a(__sys_read.o)
 .text.__sys_read
                0x00000000        0xc c:/nxp/lpcxpresso_5.0.14_1109/lpcxpresso/tools/bin/../lib/gcc/arm-none-eabi/4.6.2/../../../../arm-none-eabi/lib/armv6-m\libcr_semihost.a(__sys_read.o)
 .text          0x00000000        0x0 c:/nxp/lpcxpresso_5.0.14_1109/lpcxpresso/tools/bin/../lib/gcc/arm-none-eabi/4.6.2/../../../../arm-none-eabi/lib/armv6-m\libcr_semihost.a(__sys_readc.o)
 .data          0x00000000        0x0 c:/nxp/lpcxpresso_5.0.14_1109/lpcxpresso/tools/bin/../lib/gcc/arm-none-eabi/4.6.2/../../../../arm-none-eabi/lib/armv6-m\libcr_semihost.a(__sys_readc.o)
 .bss           0x00000000        0x0 c:/nxp/lpcxpresso_5.0.14_1109/lpcxpresso/tools/bin/../lib/gcc/arm-none-eabi/4.6.2/../../../../arm-none-eabi/lib/armv6-m\libcr_semihost.a(__sys_readc.o)
 .text.__sys_readc
                0x00000000        0x8 c:/nxp/lpcxpresso_5.0.14_1109/lpcxpresso/tools/bin/../lib/gcc/arm-none-eabi/4.6.2/../../../../arm-none-eabi/lib/armv6-m\libcr_semihost.a(__sys_readc.o)
 .text          0x00000000        0x0 c:/nxp/lpcxpresso_5.0.14_1109/lpcxpresso/tools/bin/../lib/gcc/arm-none-eabi/4.6.2/../../../../arm-none-eabi/lib/armv6-m\libcr_semihost.a(__sys_seek.o)
 .data          0x00000000        0x0 c:/nxp/lpcxpresso_5.0.14_1109/lpcxpresso/tools/bin/../lib/gcc/arm-none-eabi/4.6.2/../../../../arm-none-eabi/lib/armv6-m\libcr_semihost.a(__sys_seek.o)
 .bss           0x00000000        0x0 c:/nxp/lpcxpresso_5.0.14_1109/lpcxpresso/tools/bin/../lib/gcc/arm-none-eabi/4.6.2/../../../../arm-none-eabi/lib/armv6-m\libcr_semihost.a(__sys_seek.o)
 .text          0x00000000        0x0 c:/nxp/lpcxpresso_5.0.14_1109/lpcxpresso/tools/bin/../lib/gcc/arm-none-eabi/4.6.2/../../../../arm-none-eabi/lib/armv6-m\libcr_semihost.a(__sys_write.o)
 .data          0x00000000        0x0 c:/nxp/lpcxpresso_5.0.14_1109/lpcxpresso/tools/bin/../lib/gcc/arm-none-eabi/4.6.2/../../../../arm-none-eabi/lib/armv6-m\libcr_semihost.a(__sys_write.o)
 .bss           0x00000000        0x0 c:/nxp/lpcxpresso_5.0.14_1109/lpcxpresso/tools/bin/../lib/gcc/arm-none-eabi/4.6.2/../../../../arm-none-eabi/lib/armv6-m\libcr_semihost.a(__sys_write.o)
 .text          0x00000000        0x0 c:/nxp/lpcxpresso_5.0.14_1109/lpcxpresso/tools/bin/../lib/gcc/arm-none-eabi/4.6.2/../../../../arm-none-eabi/lib/armv6-m\libcr_semihost.a(_cr_sbrk.o)
 .data          0x00000000        0x0 c:/nxp/lpcxpresso_5.0.14_1109/lpcxpresso/tools/bin/../lib/gcc/arm-none-eabi/4.6.2/../../../../arm-none-eabi/lib/armv6-m\libcr_semihost.a(_cr_sbrk.o)
 .bss           0x00000000        0x0 c:/nxp/lpcxpresso_5.0.14_1109/lpcxpresso/tools/bin/../lib/gcc/arm-none-eabi/4.6.2/../../../../arm-none-eabi/lib/armv6-m\libcr_semihost.a(_cr_sbrk.o)
 .text          0x00000000        0x0 c:/nxp/lpcxpresso_5.0.14_1109/lpcxpresso/tools/bin/../lib/gcc/arm-none-eabi/4.6.2/../../../../arm-none-eabi/lib/armv6-m\libcr_semihost.a(_cr_check_heap.o)
 .data          0x00000000        0x0 c:/nxp/lpcxpresso_5.0.14_1109/lpcxpresso/tools/bin/../lib/gcc/arm-none-eabi/4.6.2/../../../../arm-none-eabi/lib/armv6-m\libcr_semihost.a(_cr_check_heap.o)
 .bss           0x00000000        0x0 c:/nxp/lpcxpresso_5.0.14_1109/lpcxpresso/tools/bin/../lib/gcc/arm-none-eabi/4.6.2/../../../../arm-none-eabi/lib/armv6-m\libcr_semihost.a(_cr_check_heap.o)
 .text          0x00000000        0x0 c:/nxp/lpcxpresso_5.0.14_1109/lpcxpresso/tools/bin/../lib/gcc/arm-none-eabi/4.6.2/armv6-m\libcr_eabihelpers.a(division.o)
 .data          0x00000000        0x0 c:/nxp/lpcxpresso_5.0.14_1109/lpcxpresso/tools/bin/../lib/gcc/arm-none-eabi/4.6.2/armv6-m\libcr_eabihelpers.a(division.o)
 .bss           0x00000000        0x0 c:/nxp/lpcxpresso_5.0.14_1109/lpcxpresso/tools/bin/../lib/gcc/arm-none-eabi/4.6.2/armv6-m\libcr_eabihelpers.a(division.o)
 .text.__aeabi_division_uldivmod
                0x00000000       0x5a c:/nxp/lpcxpresso_5.0.14_1109/lpcxpresso/tools/bin/../lib/gcc/arm-none-eabi/4.6.2/armv6-m\libcr_eabihelpers.a(division.o)
 .text.__aeabi_division_ldivmod
                0x00000000       0x32 c:/nxp/lpcxpresso_5.0.14_1109/lpcxpresso/tools/bin/../lib/gcc/arm-none-eabi/4.6.2/armv6-m\libcr_eabihelpers.a(division.o)
 .text.__aeabi_division_ldiv0
                0x00000000        0x2 c:/nxp/lpcxpresso_5.0.14_1109/lpcxpresso/tools/bin/../lib/gcc/arm-none-eabi/4.6.2/armv6-m\libcr_eabihelpers.a(division.o)
 .text.__aeabi_division_idivq31+15
                0x00000000      0x188 c:/nxp/lpcxpresso_5.0.14_1109/lpcxpresso/tools/bin/../lib/gcc/arm-none-eabi/4.6.2/armv6-m\libcr_eabihelpers.a(division.o)
 .text          0x00000000        0x0 c:/nxp/lpcxpresso_5.0.14_1109/lpcxpresso/tools/bin/../lib/gcc/arm-none-eabi/4.6.2/armv6-m\libcr_eabihelpers.a(double.o)
 .data          0x00000000        0x0 c:/nxp/lpcxpresso_5.0.14_1109/lpcxpresso/tools/bin/../lib/gcc/arm-none-eabi/4.6.2/armv6-m\libcr_eabihelpers.a(double.o)
 .bss           0x00000000        0x0 c:/nxp/lpcxpresso_5.0.14_1109/lpcxpresso/tools/bin/../lib/gcc/arm-none-eabi/4.6.2/armv6-m\libcr_eabihelpers.a(double.o)
 .text.__aeabi_drsub
                0x00000000       0x28 c:/nxp/lpcxpresso_5.0.14_1109/lpcxpresso/tools/bin/../lib/gcc/arm-none-eabi/4.6.2/armv6-m\libcr_eabihelpers.a(double.o)
 .text.__aeabi_dneg
                0x00000000       0x10 c:/nxp/lpcxpresso_5.0.14_1109/lpcxpresso/tools/bin/../lib/gcc/arm-none-eabi/4.6.2/armv6-m\libcr_eabihelpers.a(double.o)
 .text.__aeabi_d2f
                0x00000000       0x5c c:/nxp/lpcxpresso_5.0.14_1109/lpcxpresso/tools/bin/../lib/gcc/arm-none-eabi/4.6.2/armv6-m\libcr_eabihelpers.a(double.o)
 .text.__aeabi_d2uiz
                0x00000000       0x38 c:/nxp/lpcxpresso_5.0.14_1109/lpcxpresso/tools/bin/../lib/gcc/arm-none-eabi/4.6.2/armv6-m\libcr_eabihelpers.a(double.o)
 .text.__aeabi_d2lz
                0x00000000       0x78 c:/nxp/lpcxpresso_5.0.14_1109/lpcxpresso/tools/bin/../lib/gcc/arm-none-eabi/4.6.2/armv6-m\libcr_eabihelpers.a(double.o)
 .text.__aeabi_d2ulz
                0x00000000       0x58 c:/nxp/lpcxpresso_5.0.14_1109/lpcxpresso/tools/bin/../lib/gcc/arm-none-eabi/4.6.2/armv6-m\libcr_eabihelpers.a(double.o)
 .text.__bhs_ul2d
                0x00000000       0xb4 c:/nxp/lpcxpresso_5.0.14_1109/lpcxpresso/tools/bin/../lib/gcc/arm-none-eabi/4.6.2/armv6-m\libcr_eabihelpers.a(double.o)
 .text.__aeabi_l2d
                0x00000000       0x20 c:/nxp/lpcxpresso_5.0.14_1109/lpcxpresso/tools/bin/../lib/gcc/arm-none-eabi/4.6.2/armv6-m\libcr_eabihelpers.a(double.o)
 .text.__aeabi_ul2d
                0x00000000        0xc c:/nxp/lpcxpresso_5.0.14_1109/lpcxpresso/tools/bin/../lib/gcc/arm-none-eabi/4.6.2/armv6-m\libcr_eabihelpers.a(double.o)
 .text.__aeabi_dcmpgt
                0x00000000       0x64 c:/nxp/lpcxpresso_5.0.14_1109/lpcxpresso/tools/bin/../lib/gcc/arm-none-eabi/4.6.2/armv6-m\libcr_eabihelpers.a(double.o)
 .text.__aeabi_dcmpun
                0x00000000       0x1c c:/nxp/lpcxpresso_5.0.14_1109/lpcxpresso/tools/bin/../lib/gcc/arm-none-eabi/4.6.2/armv6-m\libcr_eabihelpers.a(double.o)
 .text.__aeabi_cdcmple
                0x00000000       0x2e c:/nxp/lpcxpresso_5.0.14_1109/lpcxpresso/tools/bin/../lib/gcc/arm-none-eabi/4.6.2/armv6-m\libcr_eabihelpers.a(double.o)
 .text.__aeabi_cdrcmple
                0x00000000       0x14 c:/nxp/lpcxpresso_5.0.14_1109/lpcxpresso/tools/bin/../lib/gcc/arm-none-eabi/4.6.2/armv6-m\libcr_eabihelpers.a(double.o)
 .text          0x00000000        0x0 c:/nxp/lpcxpresso_5.0.14_1109/lpcxpresso/tools/bin/../lib/gcc/arm-none-eabi/4.6.2/armv6-m\libcr_eabihelpers.a(llong.o)
 .data          0x00000000        0x0 c:/nxp/lpcxpresso_5.0.14_1109/lpcxpresso/tools/bin/../lib/gcc/arm-none-eabi/4.6.2/armv6-m\libcr_eabihelpers.a(llong.o)
 .bss           0x00000000        0x0 c:/nxp/lpcxpresso_5.0.14_1109/lpcxpresso/tools/bin/../lib/gcc/arm-none-eabi/4.6.2/armv6-m\libcr_eabihelpers.a(llong.o)
 .text.__aeabi_llong_llsl
                0x00000000       0x18 c:/nxp/lpcxpresso_5.0.14_1109/lpcxpresso/tools/bin/../lib/gcc/arm-none-eabi/4.6.2/armv6-m\libcr_eabihelpers.a(llong.o)
 .text.__aeabi_llong_llsr
                0x00000000       0x18 c:/nxp/lpcxpresso_5.0.14_1109/lpcxpresso/tools/bin/../lib/gcc/arm-none-eabi/4.6.2/armv6-m\libcr_eabihelpers.a(llong.o)
 .text.__aeabi_llong_lasr
                0x00000000       0x18 c:/nxp/lpcxpresso_5.0.14_1109/lpcxpresso/tools/bin/../lib/gcc/arm-none-eabi/4.6.2/armv6-m\libcr_eabihelpers.a(llong.o)
 .text.__aeabi_llong_lcmp
                0x00000000       0x14 c:/nxp/lpcxpresso_5.0.14_1109/lpcxpresso/tools/bin/../lib/gcc/arm-none-eabi/4.6.2/armv6-m\libcr_eabihelpers.a(llong.o)
 .text.__aeabi_llong_ulcmp
                0x00000000       0x10 c:/nxp/lpcxpresso_5.0.14_1109/lpcxpresso/tools/bin/../lib/gcc/arm-none-eabi/4.6.2/armv6-m\libcr_eabihelpers.a(llong.o)
 .text          0x00000000        0x0 c:/nxp/lpcxpresso_5.0.14_1109/lpcxpresso/tools/bin/../lib/gcc/arm-none-eabi/4.6.2/armv6-m\libcr_eabihelpers.a(memcpy.o)
 .data          0x00000000        0x0 c:/nxp/lpcxpresso_5.0.14_1109/lpcxpresso/tools/bin/../lib/gcc/arm-none-eabi/4.6.2/armv6-m\libcr_eabihelpers.a(memcpy.o)
 .bss           0x00000000        0x0 c:/nxp/lpcxpresso_5.0.14_1109/lpcxpresso/tools/bin/../lib/gcc/arm-none-eabi/4.6.2/armv6-m\libcr_eabihelpers.a(memcpy.o)
 .text.__aeabi_memcpy
                0x00000000       0x2c c:/nxp/lpcxpresso_5.0.14_1109/lpcxpresso/tools/bin/../lib/gcc/arm-none-eabi/4.6.2/armv6-m\libcr_eabihelpers.a(memcpy.o)
 .text.__aeabi_memmove
                0x00000000       0x1c c:/nxp/lpcxpresso_5.0.14_1109/lpcxpresso/tools/bin/../lib/gcc/arm-none-eabi/4.6.2/armv6-m\libcr_eabihelpers.a(memcpy.o)
 .text.__aeabi_memclr
                0x00000000        0x6 c:/nxp/lpcxpresso_5.0.14_1109/lpcxpresso/tools/bin/../lib/gcc/arm-none-eabi/4.6.2/armv6-m\libcr_eabihelpers.a(memcpy.o)
 .text.__aeabi_memset
                0x00000000        0x8 c:/nxp/lpcxpresso_5.0.14_1109/lpcxpresso/tools/bin/../lib/gcc/arm-none-eabi/4.6.2/armv6-m\libcr_eabihelpers.a(memcpy.o)

Memory Configuration

Name             Origin             Length             Attributes
MFlash32         0x00000000         0x00008000         xr
RamLoc8          0x10000000         0x00002000         xrw
*default*        0x00000000         0xffffffff

Linker script and memory map

LOAD ./startup/cr_startup_lpc11.o
LOAD ./src/adc_main.o
LOAD ./driver/adc.o
LOAD ./driver/crp.o
LOAD ./driver/debug_printf.o
LOAD ./driver/gpio.o
LOAD ./cmsis/core_cm0.o
LOAD ./cmsis/system_LPC11xx.o
LOAD C:\Users\Jacob\Dropbox\ECEN 3000\Lab 1\BlinkyExample\blinky\lib_small_printf_m0\Lib\liblib_small_printf_m0.a
START GROUP
LOAD c:/nxp/lpcxpresso_5.0.14_1109/lpcxpresso/tools/bin/../lib/gcc/arm-none-eabi/4.6.2/../../../../arm-none-eabi/lib/armv6-m\libcr_c.a
LOAD c:/nxp/lpcxpresso_5.0.14_1109/lpcxpresso/tools/bin/../lib/gcc/arm-none-eabi/4.6.2/../../../../arm-none-eabi/lib/armv6-m\libcr_semihost.a
LOAD c:/nxp/lpcxpresso_5.0.14_1109/lpcxpresso/tools/bin/../lib/gcc/arm-none-eabi/4.6.2/armv6-m\libcr_eabihelpers.a
END GROUP
                0x00008000                __top_MFlash32 = 0x8000
                0x10002000                __top_RamLoc8 = 0x10002000

.text           0x00000000     0x3348
 FILL mask 0xff
 *(.isr_vector)
 .isr_vector    0x00000000       0xc0 ./startup/cr_startup_lpc11.o
                0x00000000                g_pfnVectors
 *(.text.Reset_Handler .text.SystemInit)
 .text.SystemInit
                0x000000c0       0xb0 ./cmsis/system_LPC11xx.o
                0x000000c0                SystemInit
                0x000002fc                . = 0x2fc
 *fill*         0x00000170      0x18c ff
 *(.crp)
 .crp           0x000002fc        0x4 ./driver/crp.o
                0x000002fc                CRP_WORD
 *(.text*)
 .text.ResetISR
                0x00000300       0x64 ./startup/cr_startup_lpc11.o
                0x00000300                ResetISR
 .text.NMI_Handler
                0x00000364        0x8 ./startup/cr_startup_lpc11.o
                0x00000364                NMI_Handler
 .text.HardFault_Handler
                0x0000036c        0x8 ./startup/cr_startup_lpc11.o
                0x0000036c                HardFault_Handler
 .text.SVCall_Handler
                0x00000374        0x8 ./startup/cr_startup_lpc11.o
                0x00000374                SVCall_Handler
 .text.PendSV_Handler
                0x0000037c        0x8 ./startup/cr_startup_lpc11.o
                0x0000037c                PendSV_Handler
 .text.IntDefaultHandler
                0x00000384        0x8 ./startup/cr_startup_lpc11.o
                0x00000384                TIMER16_0_IRQHandler
                0x00000384                UART_IRQHandler
                0x00000384                TIMER32_0_IRQHandler
                0x00000384                TIMER32_1_IRQHandler
                0x00000384                IntDefaultHandler
                0x00000384                PIOINT1_IRQHandler
                0x00000384                CAN_IRQHandler
                0x00000384                SSP0_IRQHandler
                0x00000384                TIMER16_1_IRQHandler
                0x00000384                SSP1_IRQHandler
                0x00000384                PIOINT2_IRQHandler
                0x00000384                BOD_IRQHandler
                0x00000384                WAKEUP_IRQHandler
                0x00000384                PIOINT0_IRQHandler
                0x00000384                I2C_IRQHandler
                0x00000384                WDT_IRQHandler
                0x00000384                PIOINT3_IRQHandler
 .text.NVIC_SetPriority
                0x0000038c       0xe0 ./src/adc_main.o
 .text.SysTick_Config
                0x0000046c       0x4c ./src/adc_main.o
 .text.SysTick_Handler
                0x000004b8       0x18 ./src/adc_main.o
                0x000004b8                SysTick_Handler
 .text.ADCBar   0x000004d0       0x40 ./src/adc_main.o
                0x000004d0                ADCBar
 .text.main     0x00000510      0x150 ./src/adc_main.o
                0x00000510                main
 .text.NVIC_EnableIRQ
                0x00000660       0x2c ./driver/adc.o
 .text.ADC_IRQHandler
                0x0000068c       0xe8 ./driver/adc.o
                0x0000068c                ADC_IRQHandler
 .text.ADCInit  0x00000774      0x138 ./driver/adc.o
                0x00000774                ADCInit
 .text.ADCRead  0x000008ac       0x54 ./driver/adc.o
                0x000008ac                ADCRead
 .text.GPIOInit
                0x00000900       0x1c ./driver/gpio.o
                0x00000900                GPIOInit
 .text.GPIOSetValue
                0x0000091c       0x38 ./driver/gpio.o
                0x0000091c                GPIOSetValue
 .text.GPIOSetDir
                0x00000954       0x74 ./driver/gpio.o
                0x00000954                GPIOSetDir
 .text.SystemCoreClockUpdate
                0x000009c8       0xac ./cmsis/system_LPC11xx.o
                0x000009c8                SystemCoreClockUpdate
 .text.__weak_main
                0x00000a74        0x8 c:/nxp/lpcxpresso_5.0.14_1109/lpcxpresso/tools/bin/../lib/gcc/arm-none-eabi/4.6.2/../../../../arm-none-eabi/lib/armv6-m\libcr_c.a(__weak__main.o)
                0x00000a74                __weak_main
                0x00000a74                __main
 .text.lose_trailing_zeros
                0x00000a7c       0x22 c:/nxp/lpcxpresso_5.0.14_1109/lpcxpresso/tools/bin/../lib/gcc/arm-none-eabi/4.6.2/../../../../arm-none-eabi/lib/armv6-m\libcr_c.a(fpprintf.o)
 .text.fp_round
                0x00000a9e       0x4c c:/nxp/lpcxpresso_5.0.14_1109/lpcxpresso/tools/bin/../lib/gcc/arm-none-eabi/4.6.2/../../../../arm-none-eabi/lib/armv6-m\libcr_c.a(fpprintf.o)
 .text.pr_dec.constprop.1
                0x00000aea       0x2a c:/nxp/lpcxpresso_5.0.14_1109/lpcxpresso/tools/bin/../lib/gcc/arm-none-eabi/4.6.2/../../../../arm-none-eabi/lib/armv6-m\libcr_c.a(fpprintf.o)
 *fill*         0x00000b14        0x4 00
 .text.sprintf  0x00000b18       0x78 c:/nxp/lpcxpresso_5.0.14_1109/lpcxpresso/tools/bin/../lib/gcc/arm-none-eabi/4.6.2/../../../../arm-none-eabi/lib/armv6-m\libcr_c.a(fpprintf.o)
                0x00000b18                sprintf
 .text.fp_display
                0x00000b90      0x978 c:/nxp/lpcxpresso_5.0.14_1109/lpcxpresso/tools/bin/../lib/gcc/arm-none-eabi/4.6.2/../../../../arm-none-eabi/lib/armv6-m\libcr_c.a(fpprintf.o)
 .text.vsnprintf
                0x00001508       0x5c c:/nxp/lpcxpresso_5.0.14_1109/lpcxpresso/tools/bin/../lib/gcc/arm-none-eabi/4.6.2/../../../../arm-none-eabi/lib/armv6-m\libcr_c.a(fpprintf.o)
                0x00001508                vsnprintf
 .text.printf   0x00001564       0x50 c:/nxp/lpcxpresso_5.0.14_1109/lpcxpresso/tools/bin/../lib/gcc/arm-none-eabi/4.6.2/../../../../arm-none-eabi/lib/armv6-m\libcr_c.a(fpprintf.o)
                0x00001564                printf
 .text.__vfprintf
                0x000015b4      0xe18 c:/nxp/lpcxpresso_5.0.14_1109/lpcxpresso/tools/bin/../lib/gcc/arm-none-eabi/4.6.2/../../../../arm-none-eabi/lib/armv6-m\libcr_c.a(printf.o)
                0x000015b4                __vfprintf
 .text.strlen   0x000023cc       0x58 c:/nxp/lpcxpresso_5.0.14_1109/lpcxpresso/tools/bin/../lib/gcc/arm-none-eabi/4.6.2/../../../../arm-none-eabi/lib/armv6-m\libcr_c.a(strlen.o)
                0x000023cc                strlen
 .text.memset   0x00002424        0x8 c:/nxp/lpcxpresso_5.0.14_1109/lpcxpresso/tools/bin/../lib/gcc/arm-none-eabi/4.6.2/../../../../arm-none-eabi/lib/armv6-m\libcr_c.a(memset.o)
                0x00002424                memset
 .text._deferredlazyseek
                0x0000242c       0x44 c:/nxp/lpcxpresso_5.0.14_1109/lpcxpresso/tools/bin/../lib/gcc/arm-none-eabi/4.6.2/../../../../arm-none-eabi/lib/armv6-m\libcr_c.a(_deferredlazyseek.o)
                0x0000242c                _deferredlazyseek
 .text.__flsbuf
                0x00002470      0x154 c:/nxp/lpcxpresso_5.0.14_1109/lpcxpresso/tools/bin/../lib/gcc/arm-none-eabi/4.6.2/../../../../arm-none-eabi/lib/armv6-m\libcr_c.a(_deferredlazyseek.o)
                0x00002470                __flsbuf
 .text._fflush  0x000025c4       0x60 c:/nxp/lpcxpresso_5.0.14_1109/lpcxpresso/tools/bin/../lib/gcc/arm-none-eabi/4.6.2/../../../../arm-none-eabi/lib/armv6-m\libcr_c.a(_fflush.o)
                0x000025c4                _fflush
 *fill*         0x00002624        0x4 00
 .text._frexpl  0x00002628       0x88 c:/nxp/lpcxpresso_5.0.14_1109/lpcxpresso/tools/bin/../lib/gcc/arm-none-eabi/4.6.2/../../../../arm-none-eabi/lib/armv6-m\libcr_c.a(_frexpl.o)
                0x00002628                _frexpl
 .text._ldexpl  0x000026b0       0x68 c:/nxp/lpcxpresso_5.0.14_1109/lpcxpresso/tools/bin/../lib/gcc/arm-none-eabi/4.6.2/../../../../arm-none-eabi/lib/armv6-m\libcr_c.a(_ldexpl.o)
                0x000026b0                _ldexpl
 .text._Cwritebuf
                0x00002718       0x6c c:/nxp/lpcxpresso_5.0.14_1109/lpcxpresso/tools/bin/../lib/gcc/arm-none-eabi/4.6.2/../../../../arm-none-eabi/lib/armv6-m\libcr_c.a(_writebuf.o)
                0x00002718                _Cwritebuf
 .text.malloc   0x00002784       0xbc c:/nxp/lpcxpresso_5.0.14_1109/lpcxpresso/tools/bin/../lib/gcc/arm-none-eabi/4.6.2/../../../../arm-none-eabi/lib/armv6-m\libcr_c.a(alloc.o)
                0x00002784                malloc
 .text.free     0x00002840        0xa c:/nxp/lpcxpresso_5.0.14_1109/lpcxpresso/tools/bin/../lib/gcc/arm-none-eabi/4.6.2/../../../../arm-none-eabi/lib/armv6-m\libcr_c.a(alloc.o)
                0x00002840                free
 *fill*         0x0000284a        0x2 00
 .text._Csys_alloc
                0x0000284c       0x20 c:/nxp/lpcxpresso_5.0.14_1109/lpcxpresso/tools/bin/../lib/gcc/arm-none-eabi/4.6.2/../../../../arm-none-eabi/lib/armv6-m\libcr_c.a(alloc.o)
                0x0000284c                _Csys_alloc
 .text.__sys_appexit
                0x0000286c        0xc c:/nxp/lpcxpresso_5.0.14_1109/lpcxpresso/tools/bin/../lib/gcc/arm-none-eabi/4.6.2/../../../../arm-none-eabi/lib/armv6-m\libcr_semihost.a(__sys_appexit.o)
                0x0000286c                __sys_appexit
                0x0000286c                __exit
 .text.__sys_flen
                0x00002878        0xc c:/nxp/lpcxpresso_5.0.14_1109/lpcxpresso/tools/bin/../lib/gcc/arm-none-eabi/4.6.2/../../../../arm-none-eabi/lib/armv6-m\libcr_semihost.a(__sys_flen.o)
                0x00002878                __sys_flen
 .text.__sys_istty
                0x00002884        0xc c:/nxp/lpcxpresso_5.0.14_1109/lpcxpresso/tools/bin/../lib/gcc/arm-none-eabi/4.6.2/../../../../arm-none-eabi/lib/armv6-m\libcr_semihost.a(__sys_istty.o)
                0x00002884                __sys_istty
 .text.__sys_seek
                0x00002890        0xc c:/nxp/lpcxpresso_5.0.14_1109/lpcxpresso/tools/bin/../lib/gcc/arm-none-eabi/4.6.2/../../../../arm-none-eabi/lib/armv6-m\libcr_semihost.a(__sys_seek.o)
                0x00002890                __sys_seek
 .text.__sys_write
                0x0000289c        0xc c:/nxp/lpcxpresso_5.0.14_1109/lpcxpresso/tools/bin/../lib/gcc/arm-none-eabi/4.6.2/../../../../arm-none-eabi/lib/armv6-m\libcr_semihost.a(__sys_write.o)
                0x0000289c                __sys_write
                0x0000289c                __write
 .text._sbrk    0x000028a8       0x40 c:/nxp/lpcxpresso_5.0.14_1109/lpcxpresso/tools/bin/../lib/gcc/arm-none-eabi/4.6.2/../../../../arm-none-eabi/lib/armv6-m\libcr_semihost.a(_cr_sbrk.o)
                0x000028a8                _sbrk
 .text.__check_heap_overflow
                0x000028e8       0x2c c:/nxp/lpcxpresso_5.0.14_1109/lpcxpresso/tools/bin/../lib/gcc/arm-none-eabi/4.6.2/../../../../arm-none-eabi/lib/armv6-m\libcr_semihost.a(_cr_check_heap.o)
                0x000028e8                __check_heap_overflow
 .text.__aeabi_division_idivmod
                0x00002914        0x6 c:/nxp/lpcxpresso_5.0.14_1109/lpcxpresso/tools/bin/../lib/gcc/arm-none-eabi/4.6.2/armv6-m\libcr_eabihelpers.a(division.o)
                0x00002914                __aeabi_idivmod
                0x00002914                __aeabi_idiv
 .text.__aeabi_division_uidivmod
                0x0000291a       0x72 c:/nxp/lpcxpresso_5.0.14_1109/lpcxpresso/tools/bin/../lib/gcc/arm-none-eabi/4.6.2/armv6-m\libcr_eabihelpers.a(division.o)
                0x0000291a                __aeabi_uidivmod
                0x0000291a                __aeabi_uidiv
 .text.__aeabi_division_idiv0
                0x0000298c        0x2 c:/nxp/lpcxpresso_5.0.14_1109/lpcxpresso/tools/bin/../lib/gcc/arm-none-eabi/4.6.2/armv6-m\libcr_eabihelpers.a(division.o)
                0x0000298c                __aeabi_idiv0
 *fill*         0x0000298e        0x2 00
 .text.__aeabi_dmul
                0x00002990      0x180 c:/nxp/lpcxpresso_5.0.14_1109/lpcxpresso/tools/bin/../lib/gcc/arm-none-eabi/4.6.2/armv6-m\libcr_eabihelpers.a(double.o)
                0x00002990                __aeabi_dmul
 .text.__aeabi_ddiv
                0x00002b10      0x178 c:/nxp/lpcxpresso_5.0.14_1109/lpcxpresso/tools/bin/../lib/gcc/arm-none-eabi/4.6.2/armv6-m\libcr_eabihelpers.a(double.o)
                0x00002b10                __aeabi_ddiv
 .text.__aeabi_dsub
                0x00002c88      0x1d8 c:/nxp/lpcxpresso_5.0.14_1109/lpcxpresso/tools/bin/../lib/gcc/arm-none-eabi/4.6.2/armv6-m\libcr_eabihelpers.a(double.o)
                0x00002c88                __aeabi_dsub
 .text.__aeabi_dadd
                0x00002e60      0x140 c:/nxp/lpcxpresso_5.0.14_1109/lpcxpresso/tools/bin/../lib/gcc/arm-none-eabi/4.6.2/armv6-m\libcr_eabihelpers.a(double.o)
                0x00002e60                __aeabi_dadd
 .text.__aeabi_d2iz
                0x00002fa0       0x4c c:/nxp/lpcxpresso_5.0.14_1109/lpcxpresso/tools/bin/../lib/gcc/arm-none-eabi/4.6.2/armv6-m\libcr_eabihelpers.a(double.o)
                0x00002fa0                __aeabi_d2iz
 .text.__bhs_ui2d
                0x00002fec       0x5e c:/nxp/lpcxpresso_5.0.14_1109/lpcxpresso/tools/bin/../lib/gcc/arm-none-eabi/4.6.2/armv6-m\libcr_eabihelpers.a(double.o)
                0x00002fec                __bhs_ui2d
 .text.__aeabi_i2d
                0x0000304a       0x16 c:/nxp/lpcxpresso_5.0.14_1109/lpcxpresso/tools/bin/../lib/gcc/arm-none-eabi/4.6.2/armv6-m\libcr_eabihelpers.a(double.o)
                0x0000304a                __aeabi_i2d
 .text.__aeabi_ui2d
                0x00003060        0xc c:/nxp/lpcxpresso_5.0.14_1109/lpcxpresso/tools/bin/../lib/gcc/arm-none-eabi/4.6.2/armv6-m\libcr_eabihelpers.a(double.o)
                0x00003060                __aeabi_ui2d
 .text.__aeabi_dcmpeq
                0x0000306c       0x40 c:/nxp/lpcxpresso_5.0.14_1109/lpcxpresso/tools/bin/../lib/gcc/arm-none-eabi/4.6.2/armv6-m\libcr_eabihelpers.a(double.o)
                0x0000306c                __aeabi_dcmpeq
 .text.__aeabi_dcmplt
                0x000030ac       0x64 c:/nxp/lpcxpresso_5.0.14_1109/lpcxpresso/tools/bin/../lib/gcc/arm-none-eabi/4.6.2/armv6-m\libcr_eabihelpers.a(double.o)
                0x000030ac                __aeabi_dcmplt
 .text.__aeabi_dcmple
                0x00003110       0x64 c:/nxp/lpcxpresso_5.0.14_1109/lpcxpresso/tools/bin/../lib/gcc/arm-none-eabi/4.6.2/armv6-m\libcr_eabihelpers.a(double.o)
                0x00003110                __aeabi_dcmple
 .text.__aeabi_dcmpge
                0x00003174       0x64 c:/nxp/lpcxpresso_5.0.14_1109/lpcxpresso/tools/bin/../lib/gcc/arm-none-eabi/4.6.2/armv6-m\libcr_eabihelpers.a(double.o)
                0x00003174                __aeabi_dcmpge
 .text.__aeabi_llong_lmul
                0x000031d8       0x2e c:/nxp/lpcxpresso_5.0.14_1109/lpcxpresso/tools/bin/../lib/gcc/arm-none-eabi/4.6.2/armv6-m\libcr_eabihelpers.a(llong.o)
                0x000031d8                __aeabi_lmul
 .text.__aeabi_memset_lowlevel
                0x00003206       0x2a c:/nxp/lpcxpresso_5.0.14_1109/lpcxpresso/tools/bin/../lib/gcc/arm-none-eabi/4.6.2/armv6-m\libcr_eabihelpers.a(memcpy.o)
                0x00003206                __aeabi_lowlevel_memset
 .text.__aeabi_memset_lowlevel.stub
                0x00003230        0x8 linker stubs
 *(.rodata*)
 .rodata        0x00003238       0x34 ./src/adc_main.o
 .rodata.LPC_GPIO
                0x0000326c       0x10 ./driver/gpio.o
 .rodata.CSWTCH.7
                0x0000327c       0x40 ./cmsis/system_LPC11xx.o
 .rodata.str1.1
                0x000032bc       0x34 c:/nxp/lpcxpresso_5.0.14_1109/lpcxpresso/tools/bin/../lib/gcc/arm-none-eabi/4.6.2/../../../../arm-none-eabi/lib/armv6-m\libcr_c.a(fpprintf.o)
                                 0x35 (size before relaxing)
 .rodata.str1.1
                0x000032f0       0x31 c:/nxp/lpcxpresso_5.0.14_1109/lpcxpresso/tools/bin/../lib/gcc/arm-none-eabi/4.6.2/../../../../arm-none-eabi/lib/armv6-m\libcr_c.a(printf.o)
                                 0x38 (size before relaxing)
 .rodata.str1.1
                0x00003321       0x18 c:/nxp/lpcxpresso_5.0.14_1109/lpcxpresso/tools/bin/../lib/gcc/arm-none-eabi/4.6.2/../../../../arm-none-eabi/lib/armv6-m\libcr_c.a(alloc.o)
 *fill*         0x00003339        0x7 00
 .rodata.__huge_vall
                0x00003340        0x8 c:/nxp/lpcxpresso_5.0.14_1109/lpcxpresso/tools/bin/../lib/gcc/arm-none-eabi/4.6.2/../../../../arm-none-eabi/lib/armv6-m\libcr_c.a(_hugeval.o)
                0x00003340                __huge_vall

.glue_7         0x00003348        0x0
 .glue_7        0x00000000        0x0 linker stubs

.glue_7t        0x00003348        0x0
 .glue_7t       0x00000000        0x0 linker stubs

.vfp11_veneer   0x00003348        0x0
 .vfp11_veneer  0x00000000        0x0 linker stubs

.v4_bx          0x00003348        0x0
 .v4_bx         0x00000000        0x0 linker stubs

.ARM.extab
 *(.ARM.extab* .gnu.linkonce.armextab.*)
                0x00003348                __exidx_start = .

.ARM.exidx
 *(.ARM.exidx* .gnu.linkonce.armexidx.*)
                0x00003348                __exidx_end = .
                0x00003348                _etext = .

.data           0x10000000        0x4 load address 0x00003348
                0x10000000                _data = .
 *(vtable)
 *(.data*)
 .data.SystemCoreClock
                0x10000000        0x4 ./cmsis/system_LPC11xx.o
                0x10000000                SystemCoreClock
                0x10000004                _edata = .

.bss            0x10000004      0x180 load address 0x0000334c
                0x10000004                _bss = .
 *(.bss*)
 .bss.TimeTick  0x10000004        0x4 ./src/adc_main.o
                0x10000004                TimeTick
 .bss.ADCIntDone
                0x10000008        0x4 ./driver/adc.o
                0x10000008                ADCIntDone
 .bss.OverRunCounter
                0x1000000c        0x4 ./driver/adc.o
                0x1000000c                OverRunCounter
 .bss.errno     0x10000010        0x4 c:/nxp/lpcxpresso_5.0.14_1109/lpcxpresso/tools/bin/../lib/gcc/arm-none-eabi/4.6.2/../../../../arm-none-eabi/lib/armv6-m\libcr_c.a(errno.o)
                0x10000010                errno
 *(COMMON)
 COMMON         0x10000014       0x20 ./driver/adc.o
                0x10000014                ADCValue
 COMMON         0x10000034        0x8 ./driver/debug_printf.o
                0x10000034                fseek
                0x10000038                fclose
 COMMON         0x1000003c      0x140 c:/nxp/lpcxpresso_5.0.14_1109/lpcxpresso/tools/bin/../lib/gcc/arm-none-eabi/4.6.2/../../../../arm-none-eabi/lib/armv6-m\libcr_c.a(stdio.o)
                0x1000003c                __Ciob
 COMMON         0x1000017c        0x8 c:/nxp/lpcxpresso_5.0.14_1109/lpcxpresso/tools/bin/../lib/gcc/arm-none-eabi/4.6.2/../../../../arm-none-eabi/lib/armv6-m\libcr_c.a(__init_alloc.o)
                0x1000017c                __heaps
                0x10000180                __end_of_heap
                0x10000184                _ebss = .

.cr_heap        0x10000184        0x0 load address 0x0000334c
                0x10000184                end = .
                0x10000184                _pvHeapStart = .
                0x10002000                _vRamTop = __top_RamLoc8
                0x10002000                _vStackTop = _vRamTop
OUTPUT(adc.axf elf32-littlearm)

.debug_info     0x00000000     0x2e22
 .debug_info    0x00000000      0x1ec ./startup/cr_startup_lpc11.o
 .debug_info    0x000001ec      0x71e ./src/adc_main.o
 .debug_info    0x0000090a      0xb20 ./driver/adc.o
 .debug_info    0x0000142a       0x92 ./driver/crp.o
 .debug_info    0x000014bc      0x257 ./driver/debug_printf.o
 .debug_info    0x00001713      0x7fb ./driver/gpio.o
 .debug_info    0x00001f0e      0x2ae ./cmsis/core_cm0.o
 .debug_info    0x000021bc      0x588 ./cmsis/system_LPC11xx.o
 .debug_info    0x00002744      0x257 C:\Users\Jacob\Dropbox\ECEN 3000\Lab 1\BlinkyExample\blinky\lib_small_printf_m0\Lib\liblib_small_printf_m0.a(small_printf_nofloat.o)
 .debug_info    0x0000299b      0x2c0 C:\Users\Jacob\Dropbox\ECEN 3000\Lab 1\BlinkyExample\blinky\lib_small_printf_m0\Lib\liblib_small_printf_m0.a(small_printf_support.o)
 .debug_info    0x00002c5b      0x1c7 C:\Users\Jacob\Dropbox\ECEN 3000\Lab 1\BlinkyExample\blinky\lib_small_printf_m0\Lib\liblib_small_printf_m0.a(small_utils.o)

.debug_abbrev   0x00000000      0xc85
 .debug_abbrev  0x00000000       0xb4 ./startup/cr_startup_lpc11.o
 .debug_abbrev  0x000000b4      0x211 ./src/adc_main.o
 .debug_abbrev  0x000002c5      0x19b ./driver/adc.o
 .debug_abbrev  0x00000460       0x51 ./driver/crp.o
 .debug_abbrev  0x000004b1      0x120 ./driver/debug_printf.o
 .debug_abbrev  0x000005d1      0x192 ./driver/gpio.o
 .debug_abbrev  0x00000763       0xaf ./cmsis/core_cm0.o
 .debug_abbrev  0x00000812      0x13d ./cmsis/system_LPC11xx.o
 .debug_abbrev  0x0000094f      0x15f C:\Users\Jacob\Dropbox\ECEN 3000\Lab 1\BlinkyExample\blinky\lib_small_printf_m0\Lib\liblib_small_printf_m0.a(small_printf_nofloat.o)
 .debug_abbrev  0x00000aae      0x11e C:\Users\Jacob\Dropbox\ECEN 3000\Lab 1\BlinkyExample\blinky\lib_small_printf_m0\Lib\liblib_small_printf_m0.a(small_printf_support.o)
 .debug_abbrev  0x00000bcc       0xb9 C:\Users\Jacob\Dropbox\ECEN 3000\Lab 1\BlinkyExample\blinky\lib_small_printf_m0\Lib\liblib_small_printf_m0.a(small_utils.o)

.debug_loc      0x00000000     0x1215
 .debug_loc     0x00000000      0x140 ./startup/cr_startup_lpc11.o
 .debug_loc     0x00000140      0x17e ./src/adc_main.o
 .debug_loc     0x000002be      0x10c ./driver/adc.o
 .debug_loc     0x000003ca      0x124 ./driver/debug_printf.o
 .debug_loc     0x000004ee      0x1b4 ./driver/gpio.o
 .debug_loc     0x000006a2      0x112 ./cmsis/core_cm0.o
 .debug_loc     0x000007b4       0x98 ./cmsis/system_LPC11xx.o
 .debug_loc     0x0000084c      0x4ad C:\Users\Jacob\Dropbox\ECEN 3000\Lab 1\BlinkyExample\blinky\lib_small_printf_m0\Lib\liblib_small_printf_m0.a(small_printf_nofloat.o)
 .debug_loc     0x00000cf9      0x2de C:\Users\Jacob\Dropbox\ECEN 3000\Lab 1\BlinkyExample\blinky\lib_small_printf_m0\Lib\liblib_small_printf_m0.a(small_printf_support.o)
 .debug_loc     0x00000fd7      0x23e C:\Users\Jacob\Dropbox\ECEN 3000\Lab 1\BlinkyExample\blinky\lib_small_printf_m0\Lib\liblib_small_printf_m0.a(small_utils.o)

.debug_aranges  0x00000000      0x2c0
 .debug_aranges
                0x00000000       0x50 ./startup/cr_startup_lpc11.o
 .debug_aranges
                0x00000050       0x50 ./src/adc_main.o
 .debug_aranges
                0x000000a0       0x40 ./driver/adc.o
 .debug_aranges
                0x000000e0       0x40 ./driver/debug_printf.o
 .debug_aranges
                0x00000120       0x58 ./driver/gpio.o
 .debug_aranges
                0x00000178       0x70 ./cmsis/core_cm0.o
 .debug_aranges
                0x000001e8       0x28 ./cmsis/system_LPC11xx.o
 .debug_aranges
                0x00000210       0x30 C:\Users\Jacob\Dropbox\ECEN 3000\Lab 1\BlinkyExample\blinky\lib_small_printf_m0\Lib\liblib_small_printf_m0.a(small_printf_nofloat.o)
 .debug_aranges
                0x00000240       0x38 C:\Users\Jacob\Dropbox\ECEN 3000\Lab 1\BlinkyExample\blinky\lib_small_printf_m0\Lib\liblib_small_printf_m0.a(small_printf_support.o)
 .debug_aranges
                0x00000278       0x48 C:\Users\Jacob\Dropbox\ECEN 3000\Lab 1\BlinkyExample\blinky\lib_small_printf_m0\Lib\liblib_small_printf_m0.a(small_utils.o)

.debug_ranges   0x00000000      0x220
 .debug_ranges  0x00000000       0x40 ./startup/cr_startup_lpc11.o
 .debug_ranges  0x00000040       0x40 ./src/adc_main.o
 .debug_ranges  0x00000080       0x30 ./driver/adc.o
 .debug_ranges  0x000000b0       0x30 ./driver/debug_printf.o
 .debug_ranges  0x000000e0       0x48 ./driver/gpio.o
 .debug_ranges  0x00000128       0x60 ./cmsis/core_cm0.o
 .debug_ranges  0x00000188       0x18 ./cmsis/system_LPC11xx.o
 .debug_ranges  0x000001a0       0x20 C:\Users\Jacob\Dropbox\ECEN 3000\Lab 1\BlinkyExample\blinky\lib_small_printf_m0\Lib\liblib_small_printf_m0.a(small_printf_nofloat.o)
 .debug_ranges  0x000001c0       0x28 C:\Users\Jacob\Dropbox\ECEN 3000\Lab 1\BlinkyExample\blinky\lib_small_printf_m0\Lib\liblib_small_printf_m0.a(small_printf_support.o)
 .debug_ranges  0x000001e8       0x38 C:\Users\Jacob\Dropbox\ECEN 3000\Lab 1\BlinkyExample\blinky\lib_small_printf_m0\Lib\liblib_small_printf_m0.a(small_utils.o)

.debug_line     0x00000000     0x2b90
 .debug_line    0x00000000      0x3df ./startup/cr_startup_lpc11.o
 .debug_line    0x000003df      0x4ff ./src/adc_main.o
 .debug_line    0x000008de      0x414 ./driver/adc.o
 .debug_line    0x00000cf2      0x35e ./driver/crp.o
 .debug_line    0x00001050      0x4b6 ./driver/debug_printf.o
 .debug_line    0x00001506      0x453 ./driver/gpio.o
 .debug_line    0x00001959      0x3d2 ./cmsis/core_cm0.o
 .debug_line    0x00001d2b      0x3d1 ./cmsis/system_LPC11xx.o
 .debug_line    0x000020fc      0x468 C:\Users\Jacob\Dropbox\ECEN 3000\Lab 1\BlinkyExample\blinky\lib_small_printf_m0\Lib\liblib_small_printf_m0.a(small_printf_nofloat.o)
 .debug_line    0x00002564      0x4b5 C:\Users\Jacob\Dropbox\ECEN 3000\Lab 1\BlinkyExample\blinky\lib_small_printf_m0\Lib\liblib_small_printf_m0.a(small_printf_support.o)
 .debug_line    0x00002a19      0x177 C:\Users\Jacob\Dropbox\ECEN 3000\Lab 1\BlinkyExample\blinky\lib_small_printf_m0\Lib\liblib_small_printf_m0.a(small_utils.o)

.debug_macinfo  0x00000000    0x3584d
 .debug_macinfo
                0x00000000     0x3e81 ./startup/cr_startup_lpc11.o
 .debug_macinfo
                0x00003e81     0x637c ./src/adc_main.o
 .debug_macinfo
                0x0000a1fd     0x5f72 ./driver/adc.o
 .debug_macinfo
                0x0001016f     0x5f0a ./driver/crp.o
 .debug_macinfo
                0x00016079     0x6081 ./driver/debug_printf.o
 .debug_macinfo
                0x0001c0fa     0x5ddd ./driver/gpio.o
 .debug_macinfo
                0x00021ed7     0x3c50 ./cmsis/core_cm0.o
 .debug_macinfo
                0x00025b27     0x5eed ./cmsis/system_LPC11xx.o
 .debug_macinfo
                0x0002ba14     0x3dd1 C:\Users\Jacob\Dropbox\ECEN 3000\Lab 1\BlinkyExample\blinky\lib_small_printf_m0\Lib\liblib_small_printf_m0.a(small_printf_nofloat.o)
 .debug_macinfo
                0x0002f7e5     0x3de0 C:\Users\Jacob\Dropbox\ECEN 3000\Lab 1\BlinkyExample\blinky\lib_small_printf_m0\Lib\liblib_small_printf_m0.a(small_printf_support.o)
 .debug_macinfo
                0x000335c5     0x2288 C:\Users\Jacob\Dropbox\ECEN 3000\Lab 1\BlinkyExample\blinky\lib_small_printf_m0\Lib\liblib_small_printf_m0.a(small_utils.o)

.debug_str      0x00000000      0xe5d
 .debug_str     0x00000000      0x1a6 ./startup/cr_startup_lpc11.o
                                0x1da (size before relaxing)
 .debug_str     0x000001a6      0x38d ./src/adc_main.o
                                0x4c3 (size before relaxing)
 .debug_str     0x00000533      0x47e ./driver/adc.o
                                0x7ea (size before relaxing)
 .debug_str     0x000009b1       0x19 ./driver/crp.o
                                0x12a (size before relaxing)
 .debug_str     0x000009ca       0xee ./driver/debug_printf.o
                                0x20b (size before relaxing)
 .debug_str     0x00000ab8       0xa5 ./driver/gpio.o
                                0x489 (size before relaxing)
 .debug_str     0x00000b5d       0xce ./cmsis/core_cm0.o
                                0x1ef (size before relaxing)
 .debug_str     0x00000c2b       0x49 ./cmsis/system_LPC11xx.o
                                0x416 (size before relaxing)
 .debug_str     0x00000c74       0xd6 C:\Users\Jacob\Dropbox\ECEN 3000\Lab 1\BlinkyExample\blinky\lib_small_printf_m0\Lib\liblib_small_printf_m0.a(small_printf_nofloat.o)
                                0x1e8 (size before relaxing)
 .debug_str     0x00000d4a       0xad C:\Users\Jacob\Dropbox\ECEN 3000\Lab 1\BlinkyExample\blinky\lib_small_printf_m0\Lib\liblib_small_printf_m0.a(small_printf_support.o)
                                0x205 (size before relaxing)
 .debug_str     0x00000df7       0x66 C:\Users\Jacob\Dropbox\ECEN 3000\Lab 1\BlinkyExample\blinky\lib_small_printf_m0\Lib\liblib_small_printf_m0.a(small_utils.o)
                                0x135 (size before relaxing)

.comment        0x00000000       0x70
 .comment       0x00000000       0x70 ./startup/cr_startup_lpc11.o
                                 0x71 (size before relaxing)
 .comment       0x00000000       0x71 ./src/adc_main.o
 .comment       0x00000000       0x71 ./driver/adc.o
 .comment       0x00000000       0x71 ./driver/crp.o
 .comment       0x00000000       0x71 ./driver/debug_printf.o
 .comment       0x00000000       0x71 ./driver/gpio.o
 .comment       0x00000000       0x71 ./cmsis/core_cm0.o
 .comment       0x00000000       0x71 ./cmsis/system_LPC11xx.o
 .comment       0x00000000       0x71 C:\Users\Jacob\Dropbox\ECEN 3000\Lab 1\BlinkyExample\blinky\lib_small_printf_m0\Lib\liblib_small_printf_m0.a(small_printf_nofloat.o)
 .comment       0x00000000       0x71 C:\Users\Jacob\Dropbox\ECEN 3000\Lab 1\BlinkyExample\blinky\lib_small_printf_m0\Lib\liblib_small_printf_m0.a(small_printf_support.o)
 .comment       0x00000000       0x71 C:\Users\Jacob\Dropbox\ECEN 3000\Lab 1\BlinkyExample\blinky\lib_small_printf_m0\Lib\liblib_small_printf_m0.a(small_utils.o)
 .comment       0x00000000       0x71 c:/nxp/lpcxpresso_5.0.14_1109/lpcxpresso/tools/bin/../lib/gcc/arm-none-eabi/4.6.2/../../../../arm-none-eabi/lib/armv6-m\libcr_c.a(__weak__main.o)
 .comment       0x00000000       0x71 c:/nxp/lpcxpresso_5.0.14_1109/lpcxpresso/tools/bin/../lib/gcc/arm-none-eabi/4.6.2/../../../../arm-none-eabi/lib/armv6-m\libcr_c.a(fpprintf.o)
 .comment       0x00000000       0x71 c:/nxp/lpcxpresso_5.0.14_1109/lpcxpresso/tools/bin/../lib/gcc/arm-none-eabi/4.6.2/../../../../arm-none-eabi/lib/armv6-m\libcr_c.a(printf.o)
 .comment       0x00000000       0x71 c:/nxp/lpcxpresso_5.0.14_1109/lpcxpresso/tools/bin/../lib/gcc/arm-none-eabi/4.6.2/../../../../arm-none-eabi/lib/armv6-m\libcr_c.a(stdio.o)
 .comment       0x00000000       0x71 c:/nxp/lpcxpresso_5.0.14_1109/lpcxpresso/tools/bin/../lib/gcc/arm-none-eabi/4.6.2/../../../../arm-none-eabi/lib/armv6-m\libcr_c.a(strlen.o)
 .comment       0x00000000       0x71 c:/nxp/lpcxpresso_5.0.14_1109/lpcxpresso/tools/bin/../lib/gcc/arm-none-eabi/4.6.2/../../../../arm-none-eabi/lib/armv6-m\libcr_c.a(memset.o)
 .comment       0x00000000       0x71 c:/nxp/lpcxpresso_5.0.14_1109/lpcxpresso/tools/bin/../lib/gcc/arm-none-eabi/4.6.2/../../../../arm-none-eabi/lib/armv6-m\libcr_c.a(__fillbuf.o)
 .comment       0x00000000       0x71 c:/nxp/lpcxpresso_5.0.14_1109/lpcxpresso/tools/bin/../lib/gcc/arm-none-eabi/4.6.2/../../../../arm-none-eabi/lib/armv6-m\libcr_c.a(_deferredlazyseek.o)
 .comment       0x00000000       0x71 c:/nxp/lpcxpresso_5.0.14_1109/lpcxpresso/tools/bin/../lib/gcc/arm-none-eabi/4.6.2/../../../../arm-none-eabi/lib/armv6-m\libcr_c.a(_fflush.o)
 .comment       0x00000000       0x71 c:/nxp/lpcxpresso_5.0.14_1109/lpcxpresso/tools/bin/../lib/gcc/arm-none-eabi/4.6.2/../../../../arm-none-eabi/lib/armv6-m\libcr_c.a(_frexpl.o)
 .comment       0x00000000       0x71 c:/nxp/lpcxpresso_5.0.14_1109/lpcxpresso/tools/bin/../lib/gcc/arm-none-eabi/4.6.2/../../../../arm-none-eabi/lib/armv6-m\libcr_c.a(_ldexpl.o)
 .comment       0x00000000       0x71 c:/nxp/lpcxpresso_5.0.14_1109/lpcxpresso/tools/bin/../lib/gcc/arm-none-eabi/4.6.2/../../../../arm-none-eabi/lib/armv6-m\libcr_c.a(_writebuf.o)
 .comment       0x00000000       0x71 c:/nxp/lpcxpresso_5.0.14_1109/lpcxpresso/tools/bin/../lib/gcc/arm-none-eabi/4.6.2/../../../../arm-none-eabi/lib/armv6-m\libcr_c.a(alloc.o)
 .comment       0x00000000       0x71 c:/nxp/lpcxpresso_5.0.14_1109/lpcxpresso/tools/bin/../lib/gcc/arm-none-eabi/4.6.2/../../../../arm-none-eabi/lib/armv6-m\libcr_c.a(errno.o)
 .comment       0x00000000       0x71 c:/nxp/lpcxpresso_5.0.14_1109/lpcxpresso/tools/bin/../lib/gcc/arm-none-eabi/4.6.2/../../../../arm-none-eabi/lib/armv6-m\libcr_c.a(memcpy.o)
 .comment       0x00000000       0x71 c:/nxp/lpcxpresso_5.0.14_1109/lpcxpresso/tools/bin/../lib/gcc/arm-none-eabi/4.6.2/../../../../arm-none-eabi/lib/armv6-m\libcr_c.a(__init_alloc.o)
 .comment       0x00000000       0x71 c:/nxp/lpcxpresso_5.0.14_1109/lpcxpresso/tools/bin/../lib/gcc/arm-none-eabi/4.6.2/../../../../arm-none-eabi/lib/armv6-m\libcr_c.a(_hugeval.o)
 .comment       0x00000000       0x71 c:/nxp/lpcxpresso_5.0.14_1109/lpcxpresso/tools/bin/../lib/gcc/arm-none-eabi/4.6.2/../../../../arm-none-eabi/lib/armv6-m\libcr_semihost.a(_cr_sbrk.o)
 .comment       0x00000000       0x71 c:/nxp/lpcxpresso_5.0.14_1109/lpcxpresso/tools/bin/../lib/gcc/arm-none-eabi/4.6.2/../../../../arm-none-eabi/lib/armv6-m\libcr_semihost.a(_cr_check_heap.o)
 .comment       0x00000000       0x71 c:/nxp/lpcxpresso_5.0.14_1109/lpcxpresso/tools/bin/../lib/gcc/arm-none-eabi/4.6.2/armv6-m\libcr_eabihelpers.a(double.o)

.ARM.attributes
                0x00000000       0x2f
 .ARM.attributes
                0x00000000       0x31 ./startup/cr_startup_lpc11.o
 .ARM.attributes
                0x00000031       0x31 ./src/adc_main.o
 .ARM.attributes
                0x00000062       0x31 ./driver/adc.o
 .ARM.attributes
                0x00000093       0x31 ./driver/crp.o
 .ARM.attributes
                0x000000c4       0x31 ./driver/debug_printf.o
 .ARM.attributes
                0x000000f5       0x31 ./driver/gpio.o
 .ARM.attributes
                0x00000126       0x31 ./cmsis/core_cm0.o
 .ARM.attributes
                0x00000157       0x31 ./cmsis/system_LPC11xx.o
 .ARM.attributes
                0x00000188       0x31 C:\Users\Jacob\Dropbox\ECEN 3000\Lab 1\BlinkyExample\blinky\lib_small_printf_m0\Lib\liblib_small_printf_m0.a(small_printf_nofloat.o)
 .ARM.attributes
                0x000001b9       0x31 C:\Users\Jacob\Dropbox\ECEN 3000\Lab 1\BlinkyExample\blinky\lib_small_printf_m0\Lib\liblib_small_printf_m0.a(small_printf_support.o)
 .ARM.attributes
                0x000001ea       0x31 C:\Users\Jacob\Dropbox\ECEN 3000\Lab 1\BlinkyExample\blinky\lib_small_printf_m0\Lib\liblib_small_printf_m0.a(small_utils.o)
 .ARM.attributes
                0x0000021b       0x31 c:/nxp/lpcxpresso_5.0.14_1109/lpcxpresso/tools/bin/../lib/gcc/arm-none-eabi/4.6.2/../../../../arm-none-eabi/lib/armv6-m\libcr_c.a(__weak__main.o)
 .ARM.attributes
                0x0000024c       0x31 c:/nxp/lpcxpresso_5.0.14_1109/lpcxpresso/tools/bin/../lib/gcc/arm-none-eabi/4.6.2/../../../../arm-none-eabi/lib/armv6-m\libcr_c.a(fpprintf.o)
 .ARM.attributes
                0x0000027d       0x31 c:/nxp/lpcxpresso_5.0.14_1109/lpcxpresso/tools/bin/../lib/gcc/arm-none-eabi/4.6.2/../../../../arm-none-eabi/lib/armv6-m\libcr_c.a(printf.o)
 .ARM.attributes
                0x000002ae       0x31 c:/nxp/lpcxpresso_5.0.14_1109/lpcxpresso/tools/bin/../lib/gcc/arm-none-eabi/4.6.2/../../../../arm-none-eabi/lib/armv6-m\libcr_c.a(stdio.o)
 .ARM.attributes
                0x000002df       0x31 c:/nxp/lpcxpresso_5.0.14_1109/lpcxpresso/tools/bin/../lib/gcc/arm-none-eabi/4.6.2/../../../../arm-none-eabi/lib/armv6-m\libcr_c.a(strlen.o)
 .ARM.attributes
                0x00000310       0x31 c:/nxp/lpcxpresso_5.0.14_1109/lpcxpresso/tools/bin/../lib/gcc/arm-none-eabi/4.6.2/../../../../arm-none-eabi/lib/armv6-m\libcr_c.a(memset.o)
 .ARM.attributes
                0x00000341       0x31 c:/nxp/lpcxpresso_5.0.14_1109/lpcxpresso/tools/bin/../lib/gcc/arm-none-eabi/4.6.2/../../../../arm-none-eabi/lib/armv6-m\libcr_c.a(__fillbuf.o)
 .ARM.attributes
                0x00000372       0x31 c:/nxp/lpcxpresso_5.0.14_1109/lpcxpresso/tools/bin/../lib/gcc/arm-none-eabi/4.6.2/../../../../arm-none-eabi/lib/armv6-m\libcr_c.a(_deferredlazyseek.o)
 .ARM.attributes
                0x000003a3       0x31 c:/nxp/lpcxpresso_5.0.14_1109/lpcxpresso/tools/bin/../lib/gcc/arm-none-eabi/4.6.2/../../../../arm-none-eabi/lib/armv6-m\libcr_c.a(_fflush.o)
 .ARM.attributes
                0x000003d4       0x31 c:/nxp/lpcxpresso_5.0.14_1109/lpcxpresso/tools/bin/../lib/gcc/arm-none-eabi/4.6.2/../../../../arm-none-eabi/lib/armv6-m\libcr_c.a(_frexpl.o)
 .ARM.attributes
                0x00000405       0x31 c:/nxp/lpcxpresso_5.0.14_1109/lpcxpresso/tools/bin/../lib/gcc/arm-none-eabi/4.6.2/../../../../arm-none-eabi/lib/armv6-m\libcr_c.a(_ldexpl.o)
 .ARM.attributes
                0x00000436       0x31 c:/nxp/lpcxpresso_5.0.14_1109/lpcxpresso/tools/bin/../lib/gcc/arm-none-eabi/4.6.2/../../../../arm-none-eabi/lib/armv6-m\libcr_c.a(_writebuf.o)
 .ARM.attributes
                0x00000467       0x31 c:/nxp/lpcxpresso_5.0.14_1109/lpcxpresso/tools/bin/../lib/gcc/arm-none-eabi/4.6.2/../../../../arm-none-eabi/lib/armv6-m\libcr_c.a(alloc.o)
 .ARM.attributes
                0x00000498       0x31 c:/nxp/lpcxpresso_5.0.14_1109/lpcxpresso/tools/bin/../lib/gcc/arm-none-eabi/4.6.2/../../../../arm-none-eabi/lib/armv6-m\libcr_c.a(errno.o)
 .ARM.attributes
                0x000004c9       0x31 c:/nxp/lpcxpresso_5.0.14_1109/lpcxpresso/tools/bin/../lib/gcc/arm-none-eabi/4.6.2/../../../../arm-none-eabi/lib/armv6-m\libcr_c.a(memcpy.o)
 .ARM.attributes
                0x000004fa       0x31 c:/nxp/lpcxpresso_5.0.14_1109/lpcxpresso/tools/bin/../lib/gcc/arm-none-eabi/4.6.2/../../../../arm-none-eabi/lib/armv6-m\libcr_c.a(__init_alloc.o)
 .ARM.attributes
                0x0000052b       0x31 c:/nxp/lpcxpresso_5.0.14_1109/lpcxpresso/tools/bin/../lib/gcc/arm-none-eabi/4.6.2/../../../../arm-none-eabi/lib/armv6-m\libcr_c.a(_hugeval.o)
 .ARM.attributes
                0x0000055c       0x21 c:/nxp/lpcxpresso_5.0.14_1109/lpcxpresso/tools/bin/../lib/gcc/arm-none-eabi/4.6.2/../../../../arm-none-eabi/lib/armv6-m\libcr_semihost.a(__sys_appexit.o)
 .ARM.attributes
                0x0000057d       0x21 c:/nxp/lpcxpresso_5.0.14_1109/lpcxpresso/tools/bin/../lib/gcc/arm-none-eabi/4.6.2/../../../../arm-none-eabi/lib/armv6-m\libcr_semihost.a(__sys_flen.o)
 .ARM.attributes
                0x0000059e       0x21 c:/nxp/lpcxpresso_5.0.14_1109/lpcxpresso/tools/bin/../lib/gcc/arm-none-eabi/4.6.2/../../../../arm-none-eabi/lib/armv6-m\libcr_semihost.a(__sys_istty.o)
 .ARM.attributes
                0x000005bf       0x21 c:/nxp/lpcxpresso_5.0.14_1109/lpcxpresso/tools/bin/../lib/gcc/arm-none-eabi/4.6.2/../../../../arm-none-eabi/lib/armv6-m\libcr_semihost.a(__sys_read.o)
 .ARM.attributes
                0x000005e0       0x21 c:/nxp/lpcxpresso_5.0.14_1109/lpcxpresso/tools/bin/../lib/gcc/arm-none-eabi/4.6.2/../../../../arm-none-eabi/lib/armv6-m\libcr_semihost.a(__sys_readc.o)
 .ARM.attributes
                0x00000601       0x21 c:/nxp/lpcxpresso_5.0.14_1109/lpcxpresso/tools/bin/../lib/gcc/arm-none-eabi/4.6.2/../../../../arm-none-eabi/lib/armv6-m\libcr_semihost.a(__sys_seek.o)
 .ARM.attributes
                0x00000622       0x21 c:/nxp/lpcxpresso_5.0.14_1109/lpcxpresso/tools/bin/../lib/gcc/arm-none-eabi/4.6.2/../../../../arm-none-eabi/lib/armv6-m\libcr_semihost.a(__sys_write.o)
 .ARM.attributes
                0x00000643       0x31 c:/nxp/lpcxpresso_5.0.14_1109/lpcxpresso/tools/bin/../lib/gcc/arm-none-eabi/4.6.2/../../../../arm-none-eabi/lib/armv6-m\libcr_semihost.a(_cr_sbrk.o)
 .ARM.attributes
                0x00000674       0x31 c:/nxp/lpcxpresso_5.0.14_1109/lpcxpresso/tools/bin/../lib/gcc/arm-none-eabi/4.6.2/../../../../arm-none-eabi/lib/armv6-m\libcr_semihost.a(_cr_check_heap.o)
 .ARM.attributes
                0x000006a5       0x21 c:/nxp/lpcxpresso_5.0.14_1109/lpcxpresso/tools/bin/../lib/gcc/arm-none-eabi/4.6.2/armv6-m\libcr_eabihelpers.a(division.o)
 .ARM.attributes
                0x000006c6       0x31 c:/nxp/lpcxpresso_5.0.14_1109/lpcxpresso/tools/bin/../lib/gcc/arm-none-eabi/4.6.2/armv6-m\libcr_eabihelpers.a(double.o)
 .ARM.attributes
                0x000006f7       0x21 c:/nxp/lpcxpresso_5.0.14_1109/lpcxpresso/tools/bin/../lib/gcc/arm-none-eabi/4.6.2/armv6-m\libcr_eabihelpers.a(llong.o)
 .ARM.attributes
                0x00000718       0x21 c:/nxp/lpcxpresso_5.0.14_1109/lpcxpresso/tools/bin/../lib/gcc/arm-none-eabi/4.6.2/armv6-m\libcr_eabihelpers.a(memcpy.o)

.debug_frame    0x00000000      0x6d0
 .debug_frame   0x00000000       0xd8 ./startup/cr_startup_lpc11.o
 .debug_frame   0x000000d8       0xf4 ./src/adc_main.o
 .debug_frame   0x000001cc       0xac ./driver/adc.o
 .debug_frame   0x00000278       0xb0 ./driver/debug_printf.o
 .debug_frame   0x00000328      0x10c ./driver/gpio.o
 .debug_frame   0x00000434       0xc0 ./cmsis/core_cm0.o
 .debug_frame   0x000004f4       0x48 ./cmsis/system_LPC11xx.o
 .debug_frame   0x0000053c       0x6c C:\Users\Jacob\Dropbox\ECEN 3000\Lab 1\BlinkyExample\blinky\lib_small_printf_m0\Lib\liblib_small_printf_m0.a(small_printf_nofloat.o)
 .debug_frame   0x000005a8       0x7c C:\Users\Jacob\Dropbox\ECEN 3000\Lab 1\BlinkyExample\blinky\lib_small_printf_m0\Lib\liblib_small_printf_m0.a(small_printf_support.o)
 .debug_frame   0x00000624       0xac C:\Users\Jacob\Dropbox\ECEN 3000\Lab 1\BlinkyExample\blinky\lib_small_printf_m0\Lib\liblib_small_printf_m0.a(small_utils.o)
