Archive member included because of file (symbol)

C:\Users\Jacob\Dropbox\ECEN 3000\Lab 3\CMSISv1p30_LPC11xx\Debug\libCMSISv1p30_LPC11xx.a(system_LPC11xx.o)
                              ./src/main.o (SystemCoreClock)
c:/nxp/lpcxpresso_5.0.14_1109/lpcxpresso/tools/bin/../lib/gcc/arm-none-eabi/4.6.2/../../../../arm-none-eabi/lib/armv6-m\libcr_c.a(__weak__main.o)
                              ./src/cr_startup_lpc11.o (__main)
c:/nxp/lpcxpresso_5.0.14_1109/lpcxpresso/tools/bin/../lib/gcc/arm-none-eabi/4.6.2/armv6-m\libcr_eabihelpers.a(division.o)
                              ./src/main.o (__aeabi_uidiv)

Discarded input sections

 .text          0x00000000        0x0 ./src/cr_startup_lpc11.o
 .data          0x00000000        0x0 ./src/cr_startup_lpc11.o
 .bss           0x00000000        0x0 ./src/cr_startup_lpc11.o
 .text          0x00000000        0x0 ./src/main.o
 .data          0x00000000        0x0 ./src/main.o
 .bss           0x00000000        0x0 ./src/main.o
 .crp           0x00000000        0x4 ./src/main.o
 .text          0x00000000        0x0 C:\Users\Jacob\Dropbox\ECEN 3000\Lab 3\CMSISv1p30_LPC11xx\Debug\libCMSISv1p30_LPC11xx.a(system_LPC11xx.o)
 .bss           0x00000000        0x0 C:\Users\Jacob\Dropbox\ECEN 3000\Lab 3\CMSISv1p30_LPC11xx\Debug\libCMSISv1p30_LPC11xx.a(system_LPC11xx.o)
 .text.SystemCoreClockUpdate
                0x00000000      0x218 C:\Users\Jacob\Dropbox\ECEN 3000\Lab 3\CMSISv1p30_LPC11xx\Debug\libCMSISv1p30_LPC11xx.a(system_LPC11xx.o)
 .rodata        0x00000000       0x40 C:\Users\Jacob\Dropbox\ECEN 3000\Lab 3\CMSISv1p30_LPC11xx\Debug\libCMSISv1p30_LPC11xx.a(system_LPC11xx.o)
 .text          0x00000000        0x0 c:/nxp/lpcxpresso_5.0.14_1109/lpcxpresso/tools/bin/../lib/gcc/arm-none-eabi/4.6.2/../../../../arm-none-eabi/lib/armv6-m\libcr_c.a(__weak__main.o)
 .data          0x00000000        0x0 c:/nxp/lpcxpresso_5.0.14_1109/lpcxpresso/tools/bin/../lib/gcc/arm-none-eabi/4.6.2/../../../../arm-none-eabi/lib/armv6-m\libcr_c.a(__weak__main.o)
 .bss           0x00000000        0x0 c:/nxp/lpcxpresso_5.0.14_1109/lpcxpresso/tools/bin/../lib/gcc/arm-none-eabi/4.6.2/../../../../arm-none-eabi/lib/armv6-m\libcr_c.a(__weak__main.o)
 .text          0x00000000        0x0 c:/nxp/lpcxpresso_5.0.14_1109/lpcxpresso/tools/bin/../lib/gcc/arm-none-eabi/4.6.2/armv6-m\libcr_eabihelpers.a(division.o)
 .data          0x00000000        0x0 c:/nxp/lpcxpresso_5.0.14_1109/lpcxpresso/tools/bin/../lib/gcc/arm-none-eabi/4.6.2/armv6-m\libcr_eabihelpers.a(division.o)
 .bss           0x00000000        0x0 c:/nxp/lpcxpresso_5.0.14_1109/lpcxpresso/tools/bin/../lib/gcc/arm-none-eabi/4.6.2/armv6-m\libcr_eabihelpers.a(division.o)
 .text.__aeabi_division_idivmod
                0x00000000        0x6 c:/nxp/lpcxpresso_5.0.14_1109/lpcxpresso/tools/bin/../lib/gcc/arm-none-eabi/4.6.2/armv6-m\libcr_eabihelpers.a(division.o)
 .text.__aeabi_division_uldivmod
                0x00000000       0x5a c:/nxp/lpcxpresso_5.0.14_1109/lpcxpresso/tools/bin/../lib/gcc/arm-none-eabi/4.6.2/armv6-m\libcr_eabihelpers.a(division.o)
 .text.__aeabi_division_ldivmod
                0x00000000       0x32 c:/nxp/lpcxpresso_5.0.14_1109/lpcxpresso/tools/bin/../lib/gcc/arm-none-eabi/4.6.2/armv6-m\libcr_eabihelpers.a(division.o)
 .text.__aeabi_division_ldiv0
                0x00000000        0x2 c:/nxp/lpcxpresso_5.0.14_1109/lpcxpresso/tools/bin/../lib/gcc/arm-none-eabi/4.6.2/armv6-m\libcr_eabihelpers.a(division.o)
 .text.__aeabi_division_idivq31+15
                0x00000000      0x188 c:/nxp/lpcxpresso_5.0.14_1109/lpcxpresso/tools/bin/../lib/gcc/arm-none-eabi/4.6.2/armv6-m\libcr_eabihelpers.a(division.o)

Memory Configuration

Name             Origin             Length             Attributes
MFlash32         0x00000000         0x00008000         xr
RamLoc8          0x10000000         0x00002000         xrw
*default*        0x00000000         0xffffffff

Linker script and memory map

LOAD ./src/cr_startup_lpc11.o
LOAD ./src/main.o
LOAD C:\Users\Jacob\Dropbox\ECEN 3000\Lab 3\CMSISv1p30_LPC11xx\Debug\libCMSISv1p30_LPC11xx.a
START GROUP
LOAD c:/nxp/lpcxpresso_5.0.14_1109/lpcxpresso/tools/bin/../lib/gcc/arm-none-eabi/4.6.2/../../../../arm-none-eabi/lib/armv6-m\libcr_c.a
LOAD c:/nxp/lpcxpresso_5.0.14_1109/lpcxpresso/tools/bin/../lib/gcc/arm-none-eabi/4.6.2/armv6-m\libcr_eabihelpers.a
END GROUP
                0x00008000                __top_MFlash32 = 0x8000
                0x10002000                __top_RamLoc8 = 0x10002000

.text           0x00000000      0x714
 FILL mask 0xff
 *(.isr_vector)
 .isr_vector    0x00000000       0xc0 ./src/cr_startup_lpc11.o
                0x00000000                g_pfnVectors
                0x000000c0                . = ALIGN (0x4)
                0x000000c0                __section_table_start = .
                0x000000c0                __data_section_table = .
                0x000000c0        0x4 LONG 0x714 LOADADDR (.data)
                0x000000c4        0x4 LONG 0x10000000 ADDR (.data)
                0x000000c8        0x4 LONG 0x8 SIZEOF (.data)
                0x000000cc                __data_section_table_end = .
                0x000000cc                __bss_section_table = .
                0x000000cc        0x4 LONG 0x10000008 ADDR (.bss)
                0x000000d0        0x4 LONG 0x10 SIZEOF (.bss)
                0x000000d4                __bss_section_table_end = .
                0x000000d4                __section_table_end = .
 *(.after_vectors*)
 .after_vectors
                0x000000d4       0x80 ./src/cr_startup_lpc11.o
                0x000000d4                NMI_Handler
                0x000000d8                HardFault_Handler
                0x000000dc                SVC_Handler
                0x000000e0                PendSV_Handler
                0x000000e4                SysTick_Handler
                0x000000e8                data_init
                0x000000fa                bss_init
                0x0000010c                ResetISR
                0x00000150                IntDefaultHandler
                0x00000150                PIOINT1_IRQHandler
                0x00000150                CAN_IRQHandler
                0x00000150                TIMER32_1_IRQHandler
                0x00000150                TIMER16_0_IRQHandler
                0x00000150                TIMER16_1_IRQHandler
                0x00000150                ADC_IRQHandler
                0x00000150                SSP1_IRQHandler
                0x00000150                BOD_IRQHandler
                0x00000150                WAKEUP_IRQHandler
                0x00000150                PIOINT0_IRQHandler
                0x00000150                I2C_IRQHandler
                0x00000150                WDT_IRQHandler
                0x00000150                UART_IRQHandler
                0x00000150                SSP0_IRQHandler
                0x00000150                PIOINT3_IRQHandler
 *(.text*)
 .text.NVIC_EnableIRQ
                0x00000154       0x2c ./src/main.o
 .text.NVIC_SetPriority
                0x00000180       0xe0 ./src/main.o
 .text.GPIOInit
                0x00000260       0x48 ./src/main.o
                0x00000260                GPIOInit
 .text.TIMERInit
                0x000002a8      0x100 ./src/main.o
                0x000002a8                TIMERInit
 .text.SetPin   0x000003a8       0x74 ./src/main.o
                0x000003a8                SetPin
 .text.PIOINT2_IRQHandler
                0x0000041c       0x44 ./src/main.o
                0x0000041c                PIOINT2_IRQHandler
 .text.TIMER32_0_IRQHandler
                0x00000460       0x90 ./src/main.o
                0x00000460                TIMER32_0_IRQHandler
 .text.EnableInterupts
                0x000004f0       0x88 ./src/main.o
                0x000004f0                EnableInterupts
 .text.main     0x00000578       0x1c ./src/main.o
                0x00000578                main
 .text.__NOP    0x00000594        0xc C:\Users\Jacob\Dropbox\ECEN 3000\Lab 3\CMSISv1p30_LPC11xx\Debug\libCMSISv1p30_LPC11xx.a(system_LPC11xx.o)
 .text.SystemInit
                0x000005a0       0xe8 C:\Users\Jacob\Dropbox\ECEN 3000\Lab 3\CMSISv1p30_LPC11xx\Debug\libCMSISv1p30_LPC11xx.a(system_LPC11xx.o)
                0x000005a0                SystemInit
 .text.__weak_main
                0x00000688        0x8 c:/nxp/lpcxpresso_5.0.14_1109/lpcxpresso/tools/bin/../lib/gcc/arm-none-eabi/4.6.2/../../../../arm-none-eabi/lib/armv6-m\libcr_c.a(__weak__main.o)
                0x00000688                __weak_main
                0x00000688                __main
 .text.__aeabi_division_uidivmod
                0x00000690       0x72 c:/nxp/lpcxpresso_5.0.14_1109/lpcxpresso/tools/bin/../lib/gcc/arm-none-eabi/4.6.2/armv6-m\libcr_eabihelpers.a(division.o)
                0x00000690                __aeabi_uidivmod
                0x00000690                __aeabi_uidiv
 .text.__aeabi_division_idiv0
                0x00000702        0x2 c:/nxp/lpcxpresso_5.0.14_1109/lpcxpresso/tools/bin/../lib/gcc/arm-none-eabi/4.6.2/armv6-m\libcr_eabihelpers.a(division.o)
                0x00000702                __aeabi_idiv0
 *(.rodata .rodata.*)
 .rodata.LPC_GPIO
                0x00000704       0x10 ./src/main.o
                0x00000714                . = ALIGN (0x4)

.glue_7         0x00000714        0x0
 .glue_7        0x00000000        0x0 linker stubs

.glue_7t        0x00000714        0x0
 .glue_7t       0x00000000        0x0 linker stubs

.vfp11_veneer   0x00000714        0x0
 .vfp11_veneer  0x00000000        0x0 linker stubs

.v4_bx          0x00000714        0x0
 .v4_bx         0x00000000        0x0 linker stubs

.ARM.extab
 *(.ARM.extab* .gnu.linkonce.armextab.*)
                0x00000714                __exidx_start = .

.ARM.exidx
 *(.ARM.exidx* .gnu.linkonce.armexidx.*)
                0x00000714                __exidx_end = .
                0x00000714                _etext = .

.uninit_RESERVED
                0x10000000        0x0
 *(.bss.$RESERVED*)
                0x10000000                . = ALIGN (0x4)
                0x10000000                _end_uninit_RESERVED = .

.data           0x10000000        0x8 load address 0x00000714
 FILL mask 0xff
                0x10000000                _data = .
 *(vtable)
 *(.data*)
 .data.period   0x10000000        0x4 ./src/main.o
                0x10000000                period
 .data          0x10000004        0x4 C:\Users\Jacob\Dropbox\ECEN 3000\Lab 3\CMSISv1p30_LPC11xx\Debug\libCMSISv1p30_LPC11xx.a(system_LPC11xx.o)
                0x10000004                SystemCoreClock
                0x10000008                . = ALIGN (0x4)
                0x10000008                _edata = .

.bss            0x10000008       0x10 load address 0x0000071c
                0x10000008                _bss = .
 *(.bss*)
 .bss.timer32_0_counter
                0x10000008        0x4 ./src/main.o
                0x10000008                timer32_0_counter
 .bss.timer32_0_capture
                0x1000000c        0x4 ./src/main.o
                0x1000000c                timer32_0_capture
 .bss.lastLowIntTime
                0x10000010        0x4 ./src/main.o
                0x10000010                lastLowIntTime
 .bss.dutyCycle
                0x10000014        0x4 ./src/main.o
                0x10000014                dutyCycle
 *(COMMON)
                0x10000018                . = ALIGN (0x4)
                0x10000018                _ebss = .
                0x10000018                PROVIDE (end, .)

.noinit         0x10000018        0x0 load address 0x0000071c
                0x10000018                _noinit = .
 *(.noinit*)
                0x10000018                . = ALIGN (0x4)
                0x10000018                _end_noinit = .
                0x10000018                PROVIDE (_pvHeapStart, .)
                0x10002000                PROVIDE (_vStackTop, (__top_RamLoc8 - 0x0))
OUTPUT(OscilliscopeInterupt.axf elf32-littlearm)

.debug_info     0x00000000     0x15c8
 .debug_info    0x00000000      0x296 ./src/cr_startup_lpc11.o
 .debug_info    0x00000296      0xe38 ./src/main.o
 .debug_info    0x000010ce      0x4fa C:\Users\Jacob\Dropbox\ECEN 3000\Lab 3\CMSISv1p30_LPC11xx\Debug\libCMSISv1p30_LPC11xx.a(system_LPC11xx.o)

.debug_abbrev   0x00000000      0x3ff
 .debug_abbrev  0x00000000      0x116 ./src/cr_startup_lpc11.o
 .debug_abbrev  0x00000116      0x20a ./src/main.o
 .debug_abbrev  0x00000320       0xdf C:\Users\Jacob\Dropbox\ECEN 3000\Lab 3\CMSISv1p30_LPC11xx\Debug\libCMSISv1p30_LPC11xx.a(system_LPC11xx.o)

.debug_loc      0x00000000      0x4e7
 .debug_loc     0x00000000      0x28f ./src/cr_startup_lpc11.o
 .debug_loc     0x0000028f      0x1bc ./src/main.o
 .debug_loc     0x0000044b       0x9c C:\Users\Jacob\Dropbox\ECEN 3000\Lab 3\CMSISv1p30_LPC11xx\Debug\libCMSISv1p30_LPC11xx.a(system_LPC11xx.o)

.debug_aranges  0x00000000       0xf0
 .debug_aranges
                0x00000000       0x60 ./src/cr_startup_lpc11.o
 .debug_aranges
                0x00000060       0x60 ./src/main.o
 .debug_aranges
                0x000000c0       0x30 C:\Users\Jacob\Dropbox\ECEN 3000\Lab 3\CMSISv1p30_LPC11xx\Debug\libCMSISv1p30_LPC11xx.a(system_LPC11xx.o)

.debug_ranges   0x00000000       0xc0
 .debug_ranges  0x00000000       0x50 ./src/cr_startup_lpc11.o
 .debug_ranges  0x00000050       0x50 ./src/main.o
 .debug_ranges  0x000000a0       0x20 C:\Users\Jacob\Dropbox\ECEN 3000\Lab 3\CMSISv1p30_LPC11xx\Debug\libCMSISv1p30_LPC11xx.a(system_LPC11xx.o)

.debug_line     0x00000000      0xcc3
 .debug_line    0x00000000      0x3c6 ./src/cr_startup_lpc11.o
 .debug_line    0x000003c6      0x4e5 ./src/main.o
 .debug_line    0x000008ab      0x418 C:\Users\Jacob\Dropbox\ECEN 3000\Lab 3\CMSISv1p30_LPC11xx\Debug\libCMSISv1p30_LPC11xx.a(system_LPC11xx.o)

.debug_macinfo  0x00000000     0xfa0e
 .debug_macinfo
                0x00000000     0x3ca7 ./src/cr_startup_lpc11.o
 .debug_macinfo
                0x00003ca7     0x5eef ./src/main.o
 .debug_macinfo
                0x00009b96     0x5e78 C:\Users\Jacob\Dropbox\ECEN 3000\Lab 3\CMSISv1p30_LPC11xx\Debug\libCMSISv1p30_LPC11xx.a(system_LPC11xx.o)

.debug_str      0x00000000      0x9e5
 .debug_str     0x00000000      0x210 ./src/cr_startup_lpc11.o
                                0x238 (size before relaxing)
 .debug_str     0x00000210      0x74e ./src/main.o
                                0x857 (size before relaxing)
 .debug_str     0x0000095e       0x87 C:\Users\Jacob\Dropbox\ECEN 3000\Lab 3\CMSISv1p30_LPC11xx\Debug\libCMSISv1p30_LPC11xx.a(system_LPC11xx.o)
                                0x3df (size before relaxing)

.comment        0x00000000       0x70
 .comment       0x00000000       0x70 ./src/cr_startup_lpc11.o
                                 0x71 (size before relaxing)
 .comment       0x00000000       0x71 ./src/main.o
 .comment       0x00000000       0x71 C:\Users\Jacob\Dropbox\ECEN 3000\Lab 3\CMSISv1p30_LPC11xx\Debug\libCMSISv1p30_LPC11xx.a(system_LPC11xx.o)
 .comment       0x00000000       0x71 c:/nxp/lpcxpresso_5.0.14_1109/lpcxpresso/tools/bin/../lib/gcc/arm-none-eabi/4.6.2/../../../../arm-none-eabi/lib/armv6-m\libcr_c.a(__weak__main.o)

.ARM.attributes
                0x00000000       0x2f
 .ARM.attributes
                0x00000000       0x31 ./src/cr_startup_lpc11.o
 .ARM.attributes
                0x00000031       0x31 ./src/main.o
 .ARM.attributes
                0x00000062       0x31 C:\Users\Jacob\Dropbox\ECEN 3000\Lab 3\CMSISv1p30_LPC11xx\Debug\libCMSISv1p30_LPC11xx.a(system_LPC11xx.o)
 .ARM.attributes
                0x00000093       0x31 c:/nxp/lpcxpresso_5.0.14_1109/lpcxpresso/tools/bin/../lib/gcc/arm-none-eabi/4.6.2/../../../../arm-none-eabi/lib/armv6-m\libcr_c.a(__weak__main.o)
 .ARM.attributes
                0x000000c4       0x21 c:/nxp/lpcxpresso_5.0.14_1109/lpcxpresso/tools/bin/../lib/gcc/arm-none-eabi/4.6.2/armv6-m\libcr_eabihelpers.a(division.o)

.debug_frame    0x00000000      0x278
 .debug_frame   0x00000000       0xec ./src/cr_startup_lpc11.o
 .debug_frame   0x000000ec      0x120 ./src/main.o
 .debug_frame   0x0000020c       0x6c C:\Users\Jacob\Dropbox\ECEN 3000\Lab 3\CMSISv1p30_LPC11xx\Debug\libCMSISv1p30_LPC11xx.a(system_LPC11xx.o)
