14:08:32 **** Incremental Build of configuration Debug for project OscilliscopeInterupt ****
make all 
Building file: ../src/main.c
Invoking: MCU C Compiler
arm-none-eabi-gcc -D__REDLIB__ -DDEBUG -D__CODE_RED -D__USE_CMSIS=CMSISv1p30_LPC11xx -I"C:\Users\Jacob\Dropbox\ECEN 3000\Lab 3\CMSISv1p30_LPC11xx\inc" -O0 -g3 -Wall -c -fmessage-length=0 -fno-builtin -ffunction-sections -fdata-sections -mcpu=cortex-m0 -mthumb -MMD -MP -MF"src/main.d" -MT"src/main.d" -o "src/main.o" "../src/main.c"
Finished building: ../src/main.c
 
Building target: OscilliscopeInterupt.axf
Invoking: MCU Linker
arm-none-eabi-gcc -nostdlib -L"C:\Users\Jacob\Dropbox\ECEN 3000\Lab 3\CMSISv1p30_LPC11xx\Debug" -Xlinker -Map="OscilliscopeInterupt.map" -Xlinker --gc-sections -mcpu=cortex-m0 -mthumb -T "OscilliscopeInterupt_Debug.ld" -o "OscilliscopeInterupt.axf"  ./src/cr_startup_lpc11.o ./src/main.o   -lCMSISv1p30_LPC11xx
Finished building target: OscilliscopeInterupt.axf
 
make --no-print-directory post-build
Performing post-build steps
arm-none-eabi-size "OscilliscopeInterupt.axf"; # arm-none-eabi-objcopy -O binary "OscilliscopeInterupt.axf" "OscilliscopeInterupt.bin" ; checksum -p LPC1114_302 -d "OscilliscopeInterupt.bin";
   text	   data	    bss	    dec	    hex	filename
   1812	      8	     16	   1836	    72c	OscilliscopeInterupt.axf
 

14:08:38 Build Finished (took 5s.398ms)

