13:53:24 **** Incremental Build of configuration Debug for project asm_xample11 ****
make all 
Building file: ../src/asm_sum_cm0.s
Invoking: MCU Assembler
arm-none-eabi-gcc -c -x assembler-with-cpp -DDEBUG -D__CODE_RED -D__REDLIB__ -g3 -mcpu=cortex-m0 -mthumb -o "src/asm_sum_cm0.o" "../src/asm_sum_cm0.s"
Finished building: ../src/asm_sum_cm0.s
 
Building target: asm_xample11.axf
Invoking: MCU Linker
arm-none-eabi-gcc -nostdlib -Xlinker --gc-sections -Xlinker -Map=asm_xample11.map -mcpu=cortex-m0 -mthumb -T "asm_xample11_Debug.ld" -o "asm_xample11.axf"  ./src/asm_sum_cm0.o ./src/cr_startup_lpc11.o ./src/main.o   
Finished building target: asm_xample11.axf
 
make --no-print-directory post-build
Performing post-build steps
arm-none-eabi-size asm_xample11.axf; # arm-none-eabi-objcopy -O ihex asm_xample11.axf asm_xample11.hex ;
   text	   data	    bss	    dec	    hex	filename
    448	      0	      4	    452	    1c4	asm_xample11.axf
 
14:01:24 **** Build of configuration Debug for project Fibonacci ****
make all 
Building file: ../src/asm_sum_cm0.s
Invoking: MCU Assembler
arm-none-eabi-gcc -c -x assembler-with-cpp -DDEBUG -D__CODE_RED -D__REDLIB__ -g3 -mcpu=cortex-m0 -mthumb -o "src/asm_sum_cm0.o" "../src/asm_sum_cm0.s"
Finished building: ../src/asm_sum_cm0.s
 
Building file: ../src/cr_startup_lpc11.c
Invoking: MCU C Compiler
arm-none-eabi-gcc -DDEBUG -D__CODE_RED -D__NEWLIB__ -O0 -g3 -Wall -c -fmessage-length=0 -fno-builtin -ffunction-sections -Wa,-ahlnds=cr_startup_lpc11.asm -mcpu=cortex-m0 -mthumb -MMD -MP -MF"src/cr_startup_lpc11.d" -MT"src/cr_startup_lpc11.d" -o "src/cr_startup_lpc11.o" "../src/cr_startup_lpc11.c"
../src/cr_startup_lpc11.c:105:13: warning: taking address of expression of type 'void' [enabled by default]
Finished building: ../src/cr_startup_lpc11.c
 
Building file: ../src/main.c
Invoking: MCU C Compiler
arm-none-eabi-gcc -DDEBUG -D__CODE_RED -D__NEWLIB__ -O0 -g3 -Wall -c -fmessage-length=0 -fno-builtin -ffunction-sections -Wa,-ahlnds=main.asm -mcpu=cortex-m0 -mthumb -MMD -MP -MF"src/main.d" -MT"src/main.d" -o "src/main.o" "../src/main.c"
../src/main.c: In function 'fibEasy':
../src/main.c:13:10: error: 'n' undeclared (first use in this function)
../src/main.c:13:10: note: each undeclared identifier is reported only once for each function it appears in
../src/main.c: In function 'main':
../src/main.c:27:2: warning: implicit declaration of function 'fibonacci' [-Wimplicit-function-declaration]
../src/main.c:27:6: warning: unused variable 'fibOut' [-Wunused-variable]
../src/main.c:26:6: warning: unused variable 'fibOutEasy' [-Wunused-variable]
../src/main.c:31:1: warning: control reaches end of non-void function [-Wreturn-type]
../src/main.c: In function 'fibEasy':
../src/main.c:21:1: warning: control reaches end of non-void function [-Wreturn-type]
make: *** [src/main.o] Error 1
14:01:53 **** Incremental Build of configuration Debug for project Fibonacci ****
make all 
Building file: ../src/main.c
Invoking: MCU C Compiler
arm-none-eabi-gcc -DDEBUG -D__CODE_RED -D__NEWLIB__ -O0 -g3 -Wall -c -fmessage-length=0 -fno-builtin -ffunction-sections -Wa,-ahlnds=main.asm -mcpu=cortex-m0 -mthumb -MMD -MP -MF"src/main.d" -MT"src/main.d" -o "src/main.o" "../src/main.c"
../src/main.c: In function 'main':
../src/main.c:27:2: warning: implicit declaration of function 'fibonacci' [-Wimplicit-function-declaration]
../src/main.c:27:6: warning: unused variable 'fibOut' [-Wunused-variable]
../src/main.c:26:6: warning: unused variable 'fibOutEasy' [-Wunused-variable]
../src/main.c:31:1: warning: control reaches end of non-void function [-Wreturn-type]
../src/main.c: In function 'fibEasy':
../src/main.c:21:1: warning: control reaches end of non-void function [-Wreturn-type]
Finished building: ../src/main.c
 
Building target: Fibonacci.axf
Invoking: MCU Linker
arm-none-eabi-gcc -nostdlib -Xlinker --gc-sections -Xlinker -Map=Fibonacci.map -mcpu=cortex-m0 -mthumb -T "Fibonacci_Debug.ld" -o "Fibonacci.axf"  ./src/asm_sum_cm0.o ./src/cr_startup_lpc11.o ./src/main.o   
./src/main.o: In function `main':
C:\Users\Jacob\Dropbox\ECEN 3000\Lab 2\Fibonacci\Debug/../src/main.c:27: undefined reference to `fibonacci'
collect2: ld returned 1 exit status
make: *** [Fibonacci.axf] Error 1
14:03:00 **** Incremental Build of configuration Debug for project Fibonacci ****
make all 
Building file: ../src/fibonacci.s
Invoking: MCU Assembler
arm-none-eabi-gcc -c -x assembler-with-cpp -DDEBUG -D__CODE_RED -D__REDLIB__ -g3 -mcpu=cortex-m0 -mthumb -o "src/fibonacci.o" "../src/fibonacci.s"
Finished building: ../src/fibonacci.s
 
Building target: Fibonacci.axf
Invoking: MCU Linker
arm-none-eabi-gcc -nostdlib -Xlinker --gc-sections -Xlinker -Map=Fibonacci.map -mcpu=cortex-m0 -mthumb -T "Fibonacci_Debug.ld" -o "Fibonacci.axf"  ./src/cr_startup_lpc11.o ./src/fibonacci.o ./src/main.o   
./src/main.o: In function `main':
C:\Users\Jacob\Dropbox\ECEN 3000\Lab 2\Fibonacci\Debug/../src/main.c:27: undefined reference to `fibonacci'
collect2: ld returned 1 exit status
make: *** [Fibonacci.axf] Error 1
14:04:25 **** Incremental Build of configuration Debug for project Fibonacci ****
make all 
Building file: ../src/main.c
Invoking: MCU C Compiler
arm-none-eabi-gcc -DDEBUG -D__CODE_RED -D__NEWLIB__ -O0 -g3 -Wall -c -fmessage-length=0 -fno-builtin -ffunction-sections -Wa,-ahlnds=main.asm -mcpu=cortex-m0 -mthumb -MMD -MP -MF"src/main.d" -MT"src/main.d" -o "src/main.o" "../src/main.c"
../src/main.c: In function 'main':
../src/main.c:27:6: warning: unused variable 'fibOut' [-Wunused-variable]
../src/main.c:26:6: warning: unused variable 'fibOutEasy' [-Wunused-variable]
../src/main.c:31:1: warning: control reaches end of non-void function [-Wreturn-type]
../src/main.c: In function 'fibEasy':
../src/main.c:21:1: warning: control reaches end of non-void function [-Wreturn-type]
Finished building: ../src/main.c
 
Building target: Fibonacci.axf
Invoking: MCU Linker
arm-none-eabi-gcc -nostdlib -Xlinker --gc-sections -Xlinker -Map=Fibonacci.map -mcpu=cortex-m0 -mthumb -T "Fibonacci_Debug.ld" -o "Fibonacci.axf"  ./src/cr_startup_lpc11.o ./src/fibonacci.o ./src/main.o   
./src/main.o: In function `main':
C:\Users\Jacob\Dropbox\ECEN 3000\Lab 2\Fibonacci\Debug/../src/main.c:27: undefined reference to `fibonacci'
collect2: ld returned 1 exit status
make: *** [Fibonacci.axf] Error 1
14:05:01 **** Incremental Build of configuration Debug for project Fibonacci ****
make all 
Building file: ../src/fibonacci.s
Invoking: MCU Assembler
arm-none-eabi-gcc -c -x assembler-with-cpp -DDEBUG -D__CODE_RED -D__REDLIB__ -g3 -mcpu=cortex-m0 -mthumb -o "src/fibonacci.o" "../src/fibonacci.s"
Finished building: ../src/fibonacci.s
 
Building file: ../src/main.c
Invoking: MCU C Compiler
arm-none-eabi-gcc -DDEBUG -D__CODE_RED -D__NEWLIB__ -O0 -g3 -Wall -c -fmessage-length=0 -fno-builtin -ffunction-sections -Wa,-ahlnds=main.asm -mcpu=cortex-m0 -mthumb -MMD -MP -MF"src/main.d" -MT"src/main.d" -o "src/main.o" "../src/main.c"
../src/main.c: In function 'main':
../src/main.c:23:6: warning: unused variable 'fibOut' [-Wunused-variable]
../src/main.c:22:6: warning: unused variable 'fibOutEasy' [-Wunused-variable]
../src/main.c:27:1: warning: control reaches end of non-void function [-Wreturn-type]
../src/main.c: In function 'fibEasy':
../src/main.c:17:1: warning: control reaches end of non-void function [-Wreturn-type]
Finished building: ../src/main.c
 
Building target: Fibonacci.axf
Invoking: MCU Linker
arm-none-eabi-gcc -nostdlib -Xlinker --gc-sections -Xlinker -Map=Fibonacci.map -mcpu=cortex-m0 -mthumb -T "Fibonacci_Debug.ld" -o "Fibonacci.axf"  ./src/cr_startup_lpc11.o ./src/fibonacci.o ./src/main.o   
Finished building target: Fibonacci.axf
 
make --no-print-directory post-build
Performing post-build steps
arm-none-eabi-size Fibonacci.axf; # arm-none-eabi-objcopy -O ihex Fibonacci.axf Fibonacci.hex ;
   text	   data	    bss	    dec	    hex	filename
    516	      0	      0	    516	    204	Fibonacci.axf
 
14:06:34 **** Incremental Build of configuration Debug for project Fibonacci ****
make all 
Building file: ../src/main.c
Invoking: MCU C Compiler
arm-none-eabi-gcc -DDEBUG -D__CODE_RED -D__NEWLIB__ -O0 -g3 -Wall -c -fmessage-length=0 -fno-builtin -ffunction-sections -Wa,-ahlnds=main.asm -mcpu=cortex-m0 -mthumb -MMD -MP -MF"src/main.d" -MT"src/main.d" -o "src/main.o" "../src/main.c"
../src/main.c: In function 'main':
../src/main.c:23:6: warning: unused variable 'fibOut' [-Wunused-variable]
../src/main.c:22:6: warning: unused variable 'fibOutEasy' [-Wunused-variable]
../src/main.c:27:1: warning: control reaches end of non-void function [-Wreturn-type]
../src/main.c: In function 'fibEasy':
../src/main.c:17:1: warning: control reaches end of non-void function [-Wreturn-type]
Finished building: ../src/main.c
 
Building target: Fibonacci.axf
Invoking: MCU Linker
arm-none-eabi-gcc -nostdlib -Xlinker --gc-sections -Xlinker -Map=Fibonacci.map -mcpu=cortex-m0 -mthumb -T "Fibonacci_Debug.ld" -o "Fibonacci.axf"  ./src/cr_startup_lpc11.o ./src/fibonacci.o ./src/main.o   
Finished building target: Fibonacci.axf
 
make --no-print-directory post-build
Performing post-build steps
arm-none-eabi-size Fibonacci.axf; # arm-none-eabi-objcopy -O ihex Fibonacci.axf Fibonacci.hex ;
   text	   data	    bss	    dec	    hex	filename
    516	      0	      0	    516	    204	Fibonacci.axf
 
14:07:24 **** Incremental Build of configuration Debug for project Fibonacci ****
make all 
Building file: ../src/main.c
Invoking: MCU C Compiler
arm-none-eabi-gcc -DDEBUG -D__CODE_RED -D__NEWLIB__ -O0 -g3 -Wall -c -fmessage-length=0 -fno-builtin -ffunction-sections -Wa,-ahlnds=main.asm -mcpu=cortex-m0 -mthumb -MMD -MP -MF"src/main.d" -MT"src/main.d" -o "src/main.o" "../src/main.c"
../src/main.c: In function 'main':
../src/main.c:28:1: warning: control reaches end of non-void function [-Wreturn-type]
../src/main.c: In function 'fibEasy':
../src/main.c:17:1: warning: control reaches end of non-void function [-Wreturn-type]
Finished building: ../src/main.c
 
Building target: Fibonacci.axf
Invoking: MCU Linker
arm-none-eabi-gcc -nostdlib -Xlinker --gc-sections -Xlinker -Map=Fibonacci.map -mcpu=cortex-m0 -mthumb -T "Fibonacci_Debug.ld" -o "Fibonacci.axf"  ./src/cr_startup_lpc11.o ./src/fibonacci.o ./src/main.o   
Finished building target: Fibonacci.axf
 
make --no-print-directory post-build
Performing post-build steps
arm-none-eabi-size Fibonacci.axf; # arm-none-eabi-objcopy -O ihex Fibonacci.axf Fibonacci.hex ;
   text	   data	    bss	    dec	    hex	filename
    516	      0	      0	    516	    204	Fibonacci.axf
 
14:08:03 **** Incremental Build of configuration Debug for project Fibonacci ****
make all 
Building file: ../src/main.c
Invoking: MCU C Compiler
arm-none-eabi-gcc -DDEBUG -D__CODE_RED -D__NEWLIB__ -O0 -g3 -Wall -c -fmessage-length=0 -fno-builtin -ffunction-sections -Wa,-ahlnds=main.asm -mcpu=cortex-m0 -mthumb -MMD -MP -MF"src/main.d" -MT"src/main.d" -o "src/main.o" "../src/main.c"
Finished building: ../src/main.c
 
Building target: Fibonacci.axf
Invoking: MCU Linker
arm-none-eabi-gcc -nostdlib -Xlinker --gc-sections -Xlinker -Map=Fibonacci.map -mcpu=cortex-m0 -mthumb -T "Fibonacci_Debug.ld" -o "Fibonacci.axf"  ./src/cr_startup_lpc11.o ./src/fibonacci.o ./src/main.o   
Finished building target: Fibonacci.axf
 
make --no-print-directory post-build
Performing post-build steps
arm-none-eabi-size Fibonacci.axf; # arm-none-eabi-objcopy -O ihex Fibonacci.axf Fibonacci.hex ;
   text	   data	    bss	    dec	    hex	filename
    516	      0	      0	    516	    204	Fibonacci.axf
 
14:08:22 **** Incremental Build of configuration Debug for project Fibonacci ****
make all 
make: Nothing to be done for `all'.
14:09:54 **** Incremental Build of configuration Debug for project Fibonacci ****
make all 
Building file: ../src/main.c
Invoking: MCU C Compiler
arm-none-eabi-gcc -DDEBUG -D__CODE_RED -D__NEWLIB__ -O0 -g3 -Wall -c -fmessage-length=0 -fno-builtin -ffunction-sections -Wa,-ahlnds=main.asm -mcpu=cortex-m0 -mthumb -MMD -MP -MF"src/main.d" -MT"src/main.d" -o "src/main.o" "../src/main.c"
Finished building: ../src/main.c
 
Building target: Fibonacci.axf
Invoking: MCU Linker
arm-none-eabi-gcc -nostdlib -Xlinker --gc-sections -Xlinker -Map=Fibonacci.map -mcpu=cortex-m0 -mthumb -T "Fibonacci_Debug.ld" -o "Fibonacci.axf"  ./src/cr_startup_lpc11.o ./src/fibonacci.o ./src/main.o   
Finished building target: Fibonacci.axf
 
make --no-print-directory post-build
Performing post-build steps
arm-none-eabi-size Fibonacci.axf; # arm-none-eabi-objcopy -O ihex Fibonacci.axf Fibonacci.hex ;
   text	   data	    bss	    dec	    hex	filename
    516	      0	      0	    516	    204	Fibonacci.axf
 
14:10:19 **** Incremental Build of configuration Debug for project Fibonacci ****
make all 
make: Nothing to be done for `all'.
14:11:03 **** Incremental Build of configuration Debug for project Fibonacci ****
make all 
Building file: ../src/main.c
Invoking: MCU C Compiler
arm-none-eabi-gcc -DDEBUG -D__CODE_RED -D__NEWLIB__ -O0 -g3 -Wall -c -fmessage-length=0 -fno-builtin -ffunction-sections -Wa,-ahlnds=main.asm -mcpu=cortex-m0 -mthumb -MMD -MP -MF"src/main.d" -MT"src/main.d" -o "src/main.o" "../src/main.c"
../src/main.c: In function 'fibEasy':
../src/main.c:21:1: warning: control reaches end of non-void function [-Wreturn-type]
Finished building: ../src/main.c
 
Building target: Fibonacci.axf
Invoking: MCU Linker
arm-none-eabi-gcc -nostdlib -Xlinker --gc-sections -Xlinker -Map=Fibonacci.map -mcpu=cortex-m0 -mthumb -T "Fibonacci_Debug.ld" -o "Fibonacci.axf"  ./src/cr_startup_lpc11.o ./src/fibonacci.o ./src/main.o   
Finished building target: Fibonacci.axf
 
make --no-print-directory post-build
Performing post-build steps
arm-none-eabi-size Fibonacci.axf; # arm-none-eabi-objcopy -O ihex Fibonacci.axf Fibonacci.hex ;
   text	   data	    bss	    dec	    hex	filename
    528	      0	      0	    528	    210	Fibonacci.axf
 
14:12:42 **** Incremental Build of configuration Debug for project Fibonacci ****
make all 
make: Nothing to be done for `all'.
14:14:20 **** Incremental Build of configuration Debug for project Fibonacci ****
make all 
make: Nothing to be done for `all'.
14:14:51 **** Clean-only build of configuration Debug for project Fibonacci ****
make clean 
rm -rf  ./src/cr_startup_lpc11.o ./src/fibonacci.o ./src/main.o  ./src/cr_startup_lpc11.d ./src/main.d  Fibonacci.axf
 
14:14:58 **** Build of configuration Debug for project Fibonacci ****
make all 
Building file: ../src/cr_startup_lpc11.c
Invoking: MCU C Compiler
arm-none-eabi-gcc -DDEBUG -D__CODE_RED -D__NEWLIB__ -O0 -g3 -Wall -c -fmessage-length=0 -fno-builtin -ffunction-sections -Wa,-ahlnds=cr_startup_lpc11.asm -mcpu=cortex-m0 -mthumb -MMD -MP -MF"src/cr_startup_lpc11.d" -MT"src/cr_startup_lpc11.d" -o "src/cr_startup_lpc11.o" "../src/cr_startup_lpc11.c"
../src/cr_startup_lpc11.c:105:13: warning: taking address of expression of type 'void' [enabled by default]
Finished building: ../src/cr_startup_lpc11.c
 
Building file: ../src/fibonacci.s
Invoking: MCU Assembler
arm-none-eabi-gcc -c -x assembler-with-cpp -DDEBUG -D__CODE_RED -D__REDLIB__ -g3 -mcpu=cortex-m0 -mthumb -o "src/fibonacci.o" "../src/fibonacci.s"
Finished building: ../src/fibonacci.s
 
Building file: ../src/main.c
Invoking: MCU C Compiler
arm-none-eabi-gcc -DDEBUG -D__CODE_RED -D__NEWLIB__ -O0 -g3 -Wall -c -fmessage-length=0 -fno-builtin -ffunction-sections -Wa,-ahlnds=main.asm -mcpu=cortex-m0 -mthumb -MMD -MP -MF"src/main.d" -MT"src/main.d" -o "src/main.o" "../src/main.c"
Finished building: ../src/main.c
 
Building target: Fibonacci.axf
Invoking: MCU Linker
arm-none-eabi-gcc -nostdlib -Xlinker --gc-sections -Xlinker -Map=Fibonacci.map -mcpu=cortex-m0 -mthumb -T "Fibonacci_Debug.ld" -o "Fibonacci.axf"  ./src/cr_startup_lpc11.o ./src/fibonacci.o ./src/main.o   
Finished building target: Fibonacci.axf
 
make --no-print-directory post-build
Performing post-build steps
arm-none-eabi-size Fibonacci.axf; # arm-none-eabi-objcopy -O ihex Fibonacci.axf Fibonacci.hex ;
   text	   data	    bss	    dec	    hex	filename
    528	      0	      0	    528	    210	Fibonacci.axf
 
14:15:05 **** Incremental Build of configuration Debug for project Fibonacci ****
make all 
make: Nothing to be done for `all'.
14:15:34 **** Incremental Build of configuration Debug for project Fibonacci ****
make all 
make: Nothing to be done for `all'.
14:19:11 **** Incremental Build of configuration Debug for project Fibonacci ****
make all 
make: Nothing to be done for `all'.
14:20:26 **** Incremental Build of configuration Debug for project Fibonacci ****
make all 
Building file: ../src/main.c
Invoking: MCU C Compiler
arm-none-eabi-gcc -DDEBUG -D__CODE_RED -D__NEWLIB__ -O0 -g3 -Wall -c -fmessage-length=0 -fno-builtin -ffunction-sections -Wa,-ahlnds=main.asm -mcpu=cortex-m0 -mthumb -MMD -MP -MF"src/main.d" -MT"src/main.d" -o "src/main.o" "../src/main.c"
../src/main.c: In function 'main':
../src/main.c:27:6: warning: unused variable 'fibOutEasy' [-Wunused-variable]
Finished building: ../src/main.c
 
Building target: Fibonacci.axf
Invoking: MCU Linker
arm-none-eabi-gcc -nostdlib -Xlinker --gc-sections -Xlinker -Map=Fibonacci.map -mcpu=cortex-m0 -mthumb -T "Fibonacci_Debug.ld" -o "Fibonacci.axf"  ./src/cr_startup_lpc11.o ./src/fibonacci.o ./src/main.o   
Finished building target: Fibonacci.axf
 
make --no-print-directory post-build
Performing post-build steps
arm-none-eabi-size Fibonacci.axf; # arm-none-eabi-objcopy -O ihex Fibonacci.axf Fibonacci.hex ;
   text	   data	    bss	    dec	    hex	filename
    512	      0	      0	    512	    200	Fibonacci.axf
 
14:20:34 **** Incremental Build of configuration Debug for project Fibonacci ****
make all 
make: Nothing to be done for `all'.
14:20:37 **** Incremental Build of configuration Debug for project Fibonacci ****
make all 
make: Nothing to be done for `all'.
14:20:51 **** Incremental Build of configuration Debug for project Fibonacci ****
make all 
make: Nothing to be done for `all'.
14:21:51 **** Incremental Build of configuration Debug for project Fibonacci ****
make all 
Building file: ../src/main.c
Invoking: MCU C Compiler
arm-none-eabi-gcc -DDEBUG -D__CODE_RED -D__NEWLIB__ -O0 -g3 -Wall -c -fmessage-length=0 -fno-builtin -ffunction-sections -Wa,-ahlnds=main.asm -mcpu=cortex-m0 -mthumb -MMD -MP -MF"src/main.d" -MT"src/main.d" -o "src/main.o" "../src/main.c"
../src/main.c: In function 'main':
../src/main.c:29:6: warning: unused variable 'fibOut' [-Wunused-variable]
../src/main.c:27:6: warning: unused variable 'fibOutEasy' [-Wunused-variable]
Finished building: ../src/main.c
 
Building target: Fibonacci.axf
Invoking: MCU Linker
arm-none-eabi-gcc -nostdlib -Xlinker --gc-sections -Xlinker -Map=Fibonacci.map -mcpu=cortex-m0 -mthumb -T "Fibonacci_Debug.ld" -o "Fibonacci.axf"  ./src/cr_startup_lpc11.o ./src/fibonacci.o ./src/main.o   
Finished building target: Fibonacci.axf
 
make --no-print-directory post-build
Performing post-build steps
arm-none-eabi-size Fibonacci.axf; # arm-none-eabi-objcopy -O ihex Fibonacci.axf Fibonacci.hex ;
   text	   data	    bss	    dec	    hex	filename
    528	      0	      0	    528	    210	Fibonacci.axf
 
14:29:01 **** Incremental Build of configuration Debug for project Fibonacci ****
make all 
Building file: ../src/fibonacci.s
Invoking: MCU Assembler
arm-none-eabi-gcc -c -x assembler-with-cpp -DDEBUG -D__CODE_RED -D__REDLIB__ -g3 -mcpu=cortex-m0 -mthumb -o "src/fibonacci.o" "../src/fibonacci.s"
Finished building: ../src/fibonacci.s
 
Building target: Fibonacci.axf
Invoking: MCU Linker
arm-none-eabi-gcc -nostdlib -Xlinker --gc-sections -Xlinker -Map=Fibonacci.map -mcpu=cortex-m0 -mthumb -T "Fibonacci_Debug.ld" -o "Fibonacci.axf"  ./src/cr_startup_lpc11.o ./src/fibonacci.o ./src/main.o   
Finished building target: Fibonacci.axf
 
make --no-print-directory post-build
Performing post-build steps
arm-none-eabi-size Fibonacci.axf; # arm-none-eabi-objcopy -O ihex Fibonacci.axf Fibonacci.hex ;
   text	   data	    bss	    dec	    hex	filename
    536	      0	      0	    536	    218	Fibonacci.axf
 
14:30:46 **** Incremental Build of configuration Debug for project Fibonacci ****
make all 
Building file: ../src/fibonacci.s
Invoking: MCU Assembler
arm-none-eabi-gcc -c -x assembler-with-cpp -DDEBUG -D__CODE_RED -D__REDLIB__ -g3 -mcpu=cortex-m0 -mthumb -o "src/fibonacci.o" "../src/fibonacci.s"
Finished building: ../src/fibonacci.s
 
Building target: Fibonacci.axf
Invoking: MCU Linker
arm-none-eabi-gcc -nostdlib -Xlinker --gc-sections -Xlinker -Map=Fibonacci.map -mcpu=cortex-m0 -mthumb -T "Fibonacci_Debug.ld" -o "Fibonacci.axf"  ./src/cr_startup_lpc11.o ./src/fibonacci.o ./src/main.o   
Finished building target: Fibonacci.axf
 
make --no-print-directory post-build
Performing post-build steps
arm-none-eabi-size Fibonacci.axf; # arm-none-eabi-objcopy -O ihex Fibonacci.axf Fibonacci.hex ;
   text	   data	    bss	    dec	    hex	filename
    552	      0	      0	    552	    228	Fibonacci.axf
 
14:40:08 **** Incremental Build of configuration Debug for project Fibonacci ****
make all 
Building file: ../src/fibonacci.s
Invoking: MCU Assembler
arm-none-eabi-gcc -c -x assembler-with-cpp -DDEBUG -D__CODE_RED -D__REDLIB__ -g3 -mcpu=cortex-m0 -mthumb -o "src/fibonacci.o" "../src/fibonacci.s"
../src/fibonacci.s: Assembler messages:
../src/fibonacci.s:13: Error: cannot honor width suffix -- `mov r7,#0'
../src/fibonacci.s:18: Error: cannot honor width suffix -- `mov r7,#0'
../src/fibonacci.s:20: Error: unknown pseudo-op: `.calculatesubfibs'
../src/fibonacci.s:22: Error: lo register required -- `sub r0,r7,1'
../src/fibonacci.s:24: Error: bad instruction `mv r6,r0'
../src/fibonacci.s:25: Error: lo register required -- `sub r0,r7,2'
../src/fibonacci.s:27: Error: bad instruction `mv r5,r0'
../src/fibonacci.s:30: Error: cannot honor width suffix -- `add r0,r6,r5'
../src/fibonacci.s:34: Error: cannot honor width suffix -- `sub r0,r6,r5'
make: *** [src/fibonacci.o] Error 1
14:40:37 **** Incremental Build of configuration Debug for project Fibonacci ****
make all 
Building file: ../src/fibonacci.s
Invoking: MCU Assembler
arm-none-eabi-gcc -c -x assembler-with-cpp -DDEBUG -D__CODE_RED -D__REDLIB__ -g3 -mcpu=cortex-m0 -mthumb -o "src/fibonacci.o" "../src/fibonacci.s"
../src/fibonacci.s: Assembler messages:
../src/fibonacci.s:13: Error: lo register required -- `add r7,#0,#0'
../src/fibonacci.s:18: Error: cannot honor width suffix -- `mov r7,#0'
../src/fibonacci.s:20: Error: unknown pseudo-op: `.calculatesubfibs'
../src/fibonacci.s:22: Error: lo register required -- `sub r0,r7,1'
../src/fibonacci.s:24: Error: bad instruction `mv r6,r0'
../src/fibonacci.s:25: Error: lo register required -- `sub r0,r7,2'
../src/fibonacci.s:27: Error: bad instruction `mv r5,r0'
../src/fibonacci.s:30: Error: cannot honor width suffix -- `add r0,r6,r5'
../src/fibonacci.s:34: Error: cannot honor width suffix -- `sub r0,r6,r5'
make: *** [src/fibonacci.o] Error 1
14:41:41 **** Incremental Build of configuration Debug for project Fibonacci ****
make all 
Building file: ../src/fibonacci.s
Invoking: MCU Assembler
arm-none-eabi-gcc -c -x assembler-with-cpp -DDEBUG -D__CODE_RED -D__REDLIB__ -g3 -mcpu=cortex-m0 -mthumb -o "src/fibonacci.o" "../src/fibonacci.s"
../src/fibonacci.s: Assembler messages:
../src/fibonacci.s:13: Error: cannot honor width suffix -- `mov r7,#0'
../src/fibonacci.s:18: Error: cannot honor width suffix -- `mov r7,#0'
../src/fibonacci.s:20: Error: unknown pseudo-op: `.calculatesubfibs'
../src/fibonacci.s:22: Error: lo register required -- `sub r0,r7,1'
../src/fibonacci.s:24: Error: bad instruction `mv r6,r0'
../src/fibonacci.s:25: Error: lo register required -- `sub r0,r7,2'
../src/fibonacci.s:27: Error: bad instruction `mv r5,r0'
../src/fibonacci.s:30: Error: cannot honor width suffix -- `add r0,r6,r5'
../src/fibonacci.s:34: Error: cannot honor width suffix -- `sub r0,r6,r5'
make: *** [src/fibonacci.o] Error 1
14:41:53 **** Incremental Build of configuration Debug for project Fibonacci ****
make all 
Building file: ../src/fibonacci.s
Invoking: MCU Assembler
arm-none-eabi-gcc -c -x assembler-with-cpp -DDEBUG -D__CODE_RED -D__REDLIB__ -g3 -mcpu=cortex-m0 -mthumb -o "src/fibonacci.o" "../src/fibonacci.s"
../src/fibonacci.s: Assembler messages:
../src/fibonacci.s:13: Error: cannot honor width suffix -- `mov r7,#0'
../src/fibonacci.s:18: Error: cannot honor width suffix -- `mov r7,#0'
../src/fibonacci.s:22: Error: lo register required -- `sub r0,r7,1'
../src/fibonacci.s:24: Error: bad instruction `mv r6,r0'
../src/fibonacci.s:25: Error: lo register required -- `sub r0,r7,2'
../src/fibonacci.s:27: Error: bad instruction `mv r5,r0'
../src/fibonacci.s:30: Error: cannot honor width suffix -- `add r0,r6,r5'
../src/fibonacci.s:34: Error: cannot honor width suffix -- `sub r0,r6,r5'
make: *** [src/fibonacci.o] Error 1
14:42:09 **** Incremental Build of configuration Debug for project Fibonacci ****
make all 
Building file: ../src/fibonacci.s
Invoking: MCU Assembler
arm-none-eabi-gcc -c -x assembler-with-cpp -DDEBUG -D__CODE_RED -D__REDLIB__ -g3 -mcpu=cortex-m0 -mthumb -o "src/fibonacci.o" "../src/fibonacci.s"
../src/fibonacci.s: Assembler messages:
../src/fibonacci.s:13: Error: cannot honor width suffix -- `mov r7,#0'
../src/fibonacci.s:18: Error: cannot honor width suffix -- `mov r7,#0'
../src/fibonacci.s:22: Error: lo register required -- `sub r0,r7,#1'
../src/fibonacci.s:24: Error: bad instruction `mv r6,r0'
../src/fibonacci.s:25: Error: lo register required -- `sub r0,r7,#2'
../src/fibonacci.s:27: Error: bad instruction `mv r5,r0'
../src/fibonacci.s:30: Error: cannot honor width suffix -- `add r0,r6,r5'
../src/fibonacci.s:34: Error: cannot honor width suffix -- `sub r0,r6,r5'
make: *** [src/fibonacci.o] Error 1
14:44:07 **** Incremental Build of configuration Debug for project Fibonacci ****
make all 
Building file: ../src/fibonacci.s
Invoking: MCU Assembler
arm-none-eabi-gcc -c -x assembler-with-cpp -DDEBUG -D__CODE_RED -D__REDLIB__ -g3 -mcpu=cortex-m0 -mthumb -o "src/fibonacci.o" "../src/fibonacci.s"
../src/fibonacci.s: Assembler messages:
../src/fibonacci.s:13: Error: cannot honor width suffix -- `mov r7,#0'
../src/fibonacci.s:18: Error: cannot honor width suffix -- `mov r7,#0'
../src/fibonacci.s:22: Error: lo register required -- `sub r0,r7,#1'
../src/fibonacci.s:24: Error: bad instruction `mv r6,r0'
../src/fibonacci.s:25: Error: lo register required -- `sub r0,r7,#2'
../src/fibonacci.s:27: Error: bad instruction `mv r5,r0'
../src/fibonacci.s:30: Error: cannot honor width suffix -- `add r0,r6,r5'
../src/fibonacci.s:34: Error: cannot honor width suffix -- `sub r0,r6,r5'
make: *** [src/fibonacci.o] Error 1
14:45:12 **** Incremental Build of configuration Debug for project Fibonacci ****
make all 
Building file: ../src/fibonacci.s
Invoking: MCU Assembler
arm-none-eabi-gcc -c -x assembler-with-cpp -DDEBUG -D__CODE_RED -D__REDLIB__ -g3 -mcpu=cortex-m0 -mthumb -o "src/fibonacci.o" "../src/fibonacci.s"
../src/fibonacci.s: Assembler messages:
../src/fibonacci.s:13: Error: cannot honor width suffix -- `mov r7,#0'
../src/fibonacci.s:18: Error: cannot honor width suffix -- `mov r7,#0'
../src/fibonacci.s:22: Error: lo register required -- `sub r0,r7,#1'
../src/fibonacci.s:25: Error: lo register required -- `sub r0,r7,#2'
../src/fibonacci.s:30: Error: cannot honor width suffix -- `add r0,r6,r5'
../src/fibonacci.s:34: Error: cannot honor width suffix -- `sub r0,r6,r5'
make: *** [src/fibonacci.o] Error 1
14:49:52 **** Incremental Build of configuration Debug for project Fibonacci ****
make all 
Building file: ../src/fibonacci.s
Invoking: MCU Assembler
arm-none-eabi-gcc -c -x assembler-with-cpp -DDEBUG -D__CODE_RED -D__REDLIB__ -g3 -mcpu=cortex-m0 -mthumb -o "src/fibonacci.o" "../src/fibonacci.s"
../src/fibonacci.s: Assembler messages:
../src/fibonacci.s:13: Error: ARM register expected -- `mov #0,r7'
../src/fibonacci.s:18: Error: cannot honor width suffix -- `mov r7,#0'
../src/fibonacci.s:22: Error: lo register required -- `sub r0,r7,#1'
../src/fibonacci.s:25: Error: lo register required -- `sub r0,r7,#2'
../src/fibonacci.s:30: Error: cannot honor width suffix -- `add r0,r6,r5'
../src/fibonacci.s:34: Error: cannot honor width suffix -- `sub r0,r6,r5'
make: *** [src/fibonacci.o] Error 1
14:50:16 **** Incremental Build of configuration Debug for project Fibonacci ****
make all 
Building file: ../src/fibonacci.s
Invoking: MCU Assembler
arm-none-eabi-gcc -c -x assembler-with-cpp -DDEBUG -D__CODE_RED -D__REDLIB__ -g3 -mcpu=cortex-m0 -mthumb -o "src/fibonacci.o" "../src/fibonacci.s"
../src/fibonacci.s: Assembler messages:
../src/fibonacci.s:13: Error: cannot honor width suffix -- `mov r7,#0'
../src/fibonacci.s:18: Error: cannot honor width suffix -- `mov r7,#0'
../src/fibonacci.s:22: Error: lo register required -- `sub r0,r7,#1'
../src/fibonacci.s:25: Error: lo register required -- `sub r0,r7,#2'
../src/fibonacci.s:30: Error: cannot honor width suffix -- `add r0,r6,r5'
../src/fibonacci.s:34: Error: cannot honor width suffix -- `sub r0,r6,r5'
make: *** [src/fibonacci.o] Error 1
14:52:03 **** Incremental Build of configuration Debug for project Fibonacci ****
make all 
Building file: ../src/fibonacci_cm0.s
Invoking: MCU Assembler
arm-none-eabi-gcc -c -x assembler-with-cpp -DDEBUG -D__CODE_RED -D__REDLIB__ -g3 -mcpu=cortex-m0 -mthumb -o "src/fibonacci_cm0.o" "../src/fibonacci_cm0.s"
../src/fibonacci_cm0.s: Assembler messages:
../src/fibonacci_cm0.s:13: Error: cannot honor width suffix -- `mov r7,#0'
../src/fibonacci_cm0.s:18: Error: cannot honor width suffix -- `mov r7,#0'
../src/fibonacci_cm0.s:22: Error: lo register required -- `sub r0,r7,#1'
../src/fibonacci_cm0.s:25: Error: lo register required -- `sub r0,r7,#2'
../src/fibonacci_cm0.s:30: Error: cannot honor width suffix -- `add r0,r6,r5'
../src/fibonacci_cm0.s:34: Error: cannot honor width suffix -- `sub r0,r6,r5'
make: *** [src/fibonacci_cm0.o] Error 1
14:55:36 **** Incremental Build of configuration Debug for project Fibonacci ****
make all 
Building file: ../src/fibonacci.s
Invoking: MCU Assembler
arm-none-eabi-gcc -c -x assembler-with-cpp -DDEBUG -D__CODE_RED -D__REDLIB__ -g3 -mcpu=cortex-m0 -mthumb -o "src/fibonacci.o" "../src/fibonacci.s"
../src/fibonacci.s: Assembler messages:
../src/fibonacci.s:13: Error: cannot honor width suffix -- `mov r7,#0'
../src/fibonacci.s:18: Error: cannot honor width suffix -- `mov r7,#0'
../src/fibonacci.s:22: Error: lo register required -- `sub r0,r7,#1'
../src/fibonacci.s:25: Error: lo register required -- `sub r0,r7,#2'
../src/fibonacci.s:30: Error: cannot honor width suffix -- `add r0,r6,r5'
../src/fibonacci.s:34: Error: cannot honor width suffix -- `sub r0,r6,r5'
make: *** [src/fibonacci.o] Error 1
14:56:35 **** Incremental Build of configuration Debug for project Fibonacci ****
make all 
Building file: ../src/fibonacci.s
Invoking: MCU Assembler
arm-none-eabi-gcc -c -x assembler-with-cpp -DDEBUG -D__CODE_RED -D__REDLIB__ -g3 -mcpu=cortex-m0 -mthumb -o "src/fibonacci.o" "../src/fibonacci.s"
../src/fibonacci.s: Assembler messages:
../src/fibonacci.s:13: Error: cannot honor width suffix -- `mov r7,#0'
../src/fibonacci.s:18: Error: cannot honor width suffix -- `mov r7,#0'
../src/fibonacci.s:22: Error: lo register required -- `sub r0,r7,#1'
../src/fibonacci.s:25: Error: lo register required -- `sub r0,r7,#2'
../src/fibonacci.s:30: Error: cannot honor width suffix -- `add r0,r6,r5'
../src/fibonacci.s:34: Error: cannot honor width suffix -- `sub r0,r6,r5'
make: *** [src/fibonacci.o] Error 1
15:01:31 **** Incremental Build of configuration Debug for project Fibonacci ****
make all 
Building file: ../src/fibonacci.s
Invoking: MCU Assembler
arm-none-eabi-gcc -c -x assembler-with-cpp -DDEBUG -D__CODE_RED -D__REDLIB__ -g3 -mcpu=cortex-m0 -mthumb -o "src/fibonacci.o" "../src/fibonacci.s"
../src/fibonacci.s: Assembler messages:
../src/fibonacci.s:13: Error: cannot honor width suffix -- `mov r7,#0000'
../src/fibonacci.s:18: Error: cannot honor width suffix -- `mov r7,#0'
../src/fibonacci.s:22: Error: lo register required -- `sub r0,r7,#1'
../src/fibonacci.s:25: Error: lo register required -- `sub r0,r7,#2'
../src/fibonacci.s:30: Error: cannot honor width suffix -- `add r0,r6,r5'
../src/fibonacci.s:34: Error: cannot honor width suffix -- `sub r0,r6,r5'
make: *** [src/fibonacci.o] Error 1
15:01:43 **** Incremental Build of configuration Debug for project Fibonacci ****
make all 
Building file: ../src/fibonacci.s
Invoking: MCU Assembler
arm-none-eabi-gcc -c -x assembler-with-cpp -DDEBUG -D__CODE_RED -D__REDLIB__ -g3 -mcpu=cortex-m0 -mthumb -o "src/fibonacci.o" "../src/fibonacci.s"
../src/fibonacci.s: Assembler messages:
../src/fibonacci.s:13: Error: cannot honor width suffix -- `mov r0,#0'
../src/fibonacci.s:18: Error: cannot honor width suffix -- `mov r7,#0'
../src/fibonacci.s:22: Error: lo register required -- `sub r0,r7,#1'
../src/fibonacci.s:25: Error: lo register required -- `sub r0,r7,#2'
../src/fibonacci.s:30: Error: cannot honor width suffix -- `add r0,r6,r5'
../src/fibonacci.s:34: Error: cannot honor width suffix -- `sub r0,r6,r5'
make: *** [src/fibonacci.o] Error 1
15:01:54 **** Incremental Build of configuration Debug for project Fibonacci ****
make all 
Building file: ../src/fibonacci.s
Invoking: MCU Assembler
arm-none-eabi-gcc -c -x assembler-with-cpp -DDEBUG -D__CODE_RED -D__REDLIB__ -g3 -mcpu=cortex-m0 -mthumb -o "src/fibonacci.o" "../src/fibonacci.s"
../src/fibonacci.s: Assembler messages:
../src/fibonacci.s:18: Error: cannot honor width suffix -- `mov r7,#0'
../src/fibonacci.s:22: Error: lo register required -- `sub r0,r7,#1'
../src/fibonacci.s:25: Error: lo register required -- `sub r0,r7,#2'
../src/fibonacci.s:30: Error: cannot honor width suffix -- `add r0,r6,r5'
../src/fibonacci.s:34: Error: cannot honor width suffix -- `sub r0,r6,r5'
make: *** [src/fibonacci.o] Error 1
15:02:04 **** Incremental Build of configuration Debug for project Fibonacci ****
make all 
Building file: ../src/fibonacci.s
Invoking: MCU Assembler
arm-none-eabi-gcc -c -x assembler-with-cpp -DDEBUG -D__CODE_RED -D__REDLIB__ -g3 -mcpu=cortex-m0 -mthumb -o "src/fibonacci.o" "../src/fibonacci.s"
../src/fibonacci.s: Assembler messages:
../src/fibonacci.s:13: Error: cannot honor width suffix -- `mov r7,#0'
../src/fibonacci.s:18: Error: cannot honor width suffix -- `mov r7,#0'
../src/fibonacci.s:22: Error: lo register required -- `sub r0,r7,#1'
../src/fibonacci.s:25: Error: lo register required -- `sub r0,r7,#2'
../src/fibonacci.s:30: Error: cannot honor width suffix -- `add r0,r6,r5'
../src/fibonacci.s:34: Error: cannot honor width suffix -- `sub r0,r6,r5'
make: *** [src/fibonacci.o] Error 1
15:03:12 **** Incremental Build of configuration Debug for project Fibonacci ****
make all 
Building file: ../src/fibonacci.s
Invoking: MCU Assembler
arm-none-eabi-gcc -c -x assembler-with-cpp -DDEBUG -D__CODE_RED -D__REDLIB__ -g3 -mcpu=cortex-m0 -mthumb -o "src/fibonacci.o" "../src/fibonacci.s"
../src/fibonacci.s: Assembler messages:
../src/fibonacci.s:13: Error: cannot honor width suffix -- `mov r7,#0'
../src/fibonacci.s:18: Error: cannot honor width suffix -- `mov r7,#0'
../src/fibonacci.s:22: Error: lo register required -- `sub r0,r7,#1'
../src/fibonacci.s:25: Error: lo register required -- `sub r0,r7,#2'
../src/fibonacci.s:30: Error: cannot honor width suffix -- `add r0,r6,r5'
../src/fibonacci.s:34: Error: cannot honor width suffix -- `sub r0,r6,r5'
make: *** [src/fibonacci.o] Error 1
15:03:25 **** Incremental Build of configuration Debug for project Fibonacci ****
make all 
Building file: ../src/fibonacci.s
Invoking: MCU Assembler
arm-none-eabi-gcc -c -x assembler-with-cpp -DDEBUG -D__CODE_RED -D__REDLIB__ -g3 -mcpu=cortex-m0 -mthumb -o "src/fibonacci.o" "../src/fibonacci.s"
../src/fibonacci.s: Assembler messages:
../src/fibonacci.s:13: Error: cannot honor width suffix -- `mov r7,#0'
../src/fibonacci.s:18: Error: cannot honor width suffix -- `mov r7,#0'
../src/fibonacci.s:22: Error: lo register required -- `sub r0,r7,#1'
../src/fibonacci.s:25: Error: lo register required -- `sub r0,r7,#2'
../src/fibonacci.s:30: Error: cannot honor width suffix -- `add r0,r6,r5'
../src/fibonacci.s:34: Error: cannot honor width suffix -- `sub r0,r6,r5'
make: *** [src/fibonacci.o] Error 1
15:03:38 **** Incremental Build of configuration Debug for project Fibonacci ****
make all 
Building file: ../src/fibonacci.s
Invoking: MCU Assembler
arm-none-eabi-gcc -c -x assembler-with-cpp -DDEBUG -D__CODE_RED -D__REDLIB__ -g3 -mcpu=cortex-m0 -mthumb -o "src/fibonacci.o" "../src/fibonacci.s"
../src/fibonacci.s: Assembler messages:
../src/fibonacci.s:5: Error: unknown pseudo-op: `.thumb2'
../src/fibonacci.s:13: Error: cannot honor width suffix -- `mov r7,#0'
../src/fibonacci.s:18: Error: cannot honor width suffix -- `mov r7,#0'
../src/fibonacci.s:22: Error: lo register required -- `sub r0,r7,#1'
../src/fibonacci.s:25: Error: lo register required -- `sub r0,r7,#2'
../src/fibonacci.s:30: Error: cannot honor width suffix -- `add r0,r6,r5'
../src/fibonacci.s:34: Error: cannot honor width suffix -- `sub r0,r6,r5'
make: *** [src/fibonacci.o] Error 1
15:03:52 **** Incremental Build of configuration Debug for project Fibonacci ****
make all 
Building file: ../src/fibonacci.s
Invoking: MCU Assembler
arm-none-eabi-gcc -c -x assembler-with-cpp -DDEBUG -D__CODE_RED -D__REDLIB__ -g3 -mcpu=cortex-m0 -mthumb -o "src/fibonacci.o" "../src/fibonacci.s"
../src/fibonacci.s: Assembler messages:
../src/fibonacci.s:7: Error: selected processor does not support ARM opcodes
../src/fibonacci.s:9: Error: attempt to use an ARM instruction on a Thumb-only processor -- `push {r5,r6,r7,lr}'
../src/fibonacci.s:10: Error: attempt to use an ARM instruction on a Thumb-only processor -- `mov r7,r0'
../src/fibonacci.s:12: Error: attempt to use an ARM instruction on a Thumb-only processor -- `cmp r7,#0'
../src/fibonacci.s:13: Error: attempt to use an ARM instruction on a Thumb-only processor -- `blt .nOne'
../src/fibonacci.s:14: Error: attempt to use an ARM instruction on a Thumb-only processor -- `mov r7,#0'
../src/fibonacci.s:15: Error: attempt to use an ARM instruction on a Thumb-only processor -- `b .end'
../src/fibonacci.s:17: Error: attempt to use an ARM instruction on a Thumb-only processor -- `cmp r7,#1'
../src/fibonacci.s:18: Error: attempt to use an ARM instruction on a Thumb-only processor -- `blt .calculateSubFibs'
../src/fibonacci.s:19: Error: attempt to use an ARM instruction on a Thumb-only processor -- `mov r7,#0'
../src/fibonacci.s:20: Error: attempt to use an ARM instruction on a Thumb-only processor -- `b .end'
../src/fibonacci.s:22: Error: attempt to use an ARM instruction on a Thumb-only processor -- `blt .nGreaterThanTen'
../src/fibonacci.s:23: Error: attempt to use an ARM instruction on a Thumb-only processor -- `sub r0,r7,#1'
../src/fibonacci.s:24: Error: attempt to use an ARM instruction on a Thumb-only processor -- `bl fibonacci'
../src/fibonacci.s:25: Error: attempt to use an ARM instruction on a Thumb-only processor -- `mov r6,r0'
../src/fibonacci.s:26: Error: attempt to use an ARM instruction on a Thumb-only processor -- `sub r0,r7,#2'
../src/fibonacci.s:27: Error: attempt to use an ARM instruction on a Thumb-only processor -- `bl fibonacci'
../src/fibonacci.s:28: Error: attempt to use an ARM instruction on a Thumb-only processor -- `mov r5,r0'
../src/fibonacci.s:30: Error: attempt to use an ARM instruction on a Thumb-only processor -- `cmp r7,#11'
../src/fibonacci.s:31: Error: attempt to use an ARM instruction on a Thumb-only processor -- `add r0,r6,r5'
../src/fibonacci.s:32: Error: attempt to use an ARM instruction on a Thumb-only processor -- `b .end'
../src/fibonacci.s:35: Error: attempt to use an ARM instruction on a Thumb-only processor -- `sub r0,r6,r5'
../src/fibonacci.s:36: Error: attempt to use an ARM instruction on a Thumb-only processor -- `b .end'
../src/fibonacci.s:38: Error: attempt to use an ARM instruction on a Thumb-only processor -- `pop {r5,r6,r7,pc}'
../src/fibonacci.s:40: Error: attempt to use an ARM instruction on a Thumb-only processor -- `mov pc,lr'
make: *** [src/fibonacci.o] Error 1
15:05:53 **** Incremental Build of configuration Debug for project Fibonacci ****
make all 
Building file: ../src/fibonacci.s
Invoking: MCU Assembler
arm-none-eabi-gcc -c -x assembler-with-cpp -DDEBUG -D__CODE_RED -D__REDLIB__ -g3 -mcpu=cortex-m0 -mthumb -o "src/fibonacci.o" "../src/fibonacci.s"
../src/fibonacci.s: Assembler messages:
../src/fibonacci.s:13: Error: cannot honor width suffix -- `mov r7,#0'
../src/fibonacci.s:18: Error: cannot honor width suffix -- `mov r7,#0'
../src/fibonacci.s:22: Error: lo register required -- `sub r0,r7,#1'
../src/fibonacci.s:25: Error: lo register required -- `sub r0,r7,#2'
../src/fibonacci.s:30: Error: cannot honor width suffix -- `add r0,r6,r5'
../src/fibonacci.s:34: Error: cannot honor width suffix -- `sub r0,r6,r5'
make: *** [src/fibonacci.o] Error 1
15:09:18 **** Incremental Build of configuration Debug for project Fibonacci ****
make all 
Building file: ../src/fibonacci.s
Invoking: MCU Assembler
arm-none-eabi-gcc -c -x assembler-with-cpp -DDEBUG -D__CODE_RED -D__REDLIB__ -g3 -mcpu=cortex-m0 -mthumb -o "src/fibonacci.o" "../src/fibonacci.s"
../src/fibonacci.s: Assembler messages:
../src/fibonacci.s:13: Error: cannot honor width suffix -- `mov r7,#0'
../src/fibonacci.s:18: Error: cannot honor width suffix -- `mov r7,#0'
../src/fibonacci.s:21: Error: lo register required -- `sub r0,r7,#1'
../src/fibonacci.s:24: Error: lo register required -- `sub r0,r7,#2'
../src/fibonacci.s:30: Error: cannot honor width suffix -- `add r0,r6,r5'
../src/fibonacci.s:34: Error: cannot honor width suffix -- `sub r0,r6,r5'
make: *** [src/fibonacci.o] Error 1
15:09:37 **** Incremental Build of configuration Debug for project Fibonacci ****
make all 
Building file: ../src/fibonacci.s
Invoking: MCU Assembler
arm-none-eabi-gcc -c -x assembler-with-cpp -DDEBUG -D__CODE_RED -D__REDLIB__ -g3 -mcpu=cortex-m0 -mthumb -o "src/fibonacci.o" "../src/fibonacci.s"
../src/fibonacci.s: Assembler messages:
../src/fibonacci.s:13: Error: cannot honor width suffix -- `mov r7,#0'
../src/fibonacci.s:18: Error: cannot honor width suffix -- `mov r7,#0'
../src/fibonacci.s:21: Error: cannot honor width suffix -- `sub r0,r7,r7'
../src/fibonacci.s:24: Error: lo register required -- `sub r0,r7,#2'
../src/fibonacci.s:30: Error: cannot honor width suffix -- `add r0,r6,r5'
../src/fibonacci.s:34: Error: cannot honor width suffix -- `sub r0,r6,r5'
make: *** [src/fibonacci.o] Error 1
15:09:52 **** Incremental Build of configuration Debug for project Fibonacci ****
make all 
Building file: ../src/fibonacci.s
Invoking: MCU Assembler
arm-none-eabi-gcc -c -x assembler-with-cpp -DDEBUG -D__CODE_RED -D__REDLIB__ -g3 -mcpu=cortex-m0 -mthumb -o "src/fibonacci.o" "../src/fibonacci.s"
../src/fibonacci.s: Assembler messages:
../src/fibonacci.s:13: Error: cannot honor width suffix -- `mov r7,#0'
../src/fibonacci.s:18: Error: cannot honor width suffix -- `mov r7,#0'
../src/fibonacci.s:21: Error: lo register required -- `sub r0,r7,#0'
../src/fibonacci.s:24: Error: lo register required -- `sub r0,r7,#2'
../src/fibonacci.s:30: Error: cannot honor width suffix -- `add r0,r6,r5'
../src/fibonacci.s:34: Error: cannot honor width suffix -- `sub r0,r6,r5'
make: *** [src/fibonacci.o] Error 1
15:10:16 **** Incremental Build of configuration Debug for project Fibonacci ****
make all 
Building file: ../src/fibonacci.s
Invoking: MCU Assembler
arm-none-eabi-gcc -c -x assembler-with-cpp -DDEBUG -D__CODE_RED -D__REDLIB__ -g3 -mcpu=cortex-m0 -mthumb -o "src/fibonacci.o" "../src/fibonacci.s"
../src/fibonacci.s: Assembler messages:
../src/fibonacci.s:13: Error: cannot honor width suffix -- `mov r7,#0'
../src/fibonacci.s:18: Error: cannot honor width suffix -- `mov r7,#0'
../src/fibonacci.s:21: Error: lo register required -- `sub r0,r7,#0'
../src/fibonacci.s:24: Error: lo register required -- `sub r0,r7,#2'
../src/fibonacci.s:30: Error: cannot honor width suffix -- `add r0,r6,r5'
../src/fibonacci.s:34: Error: cannot honor width suffix -- `sub r0,r6,r5'
make: *** [src/fibonacci.o] Error 1
15:10:29 **** Incremental Build of configuration Debug for project Fibonacci ****
make all 
Building file: ../src/fibonacci.s
Invoking: MCU Assembler
arm-none-eabi-gcc -c -x assembler-with-cpp -DDEBUG -D__CODE_RED -D__REDLIB__ -g3 -mcpu=cortex-m0 -mthumb -o "src/fibonacci.o" "../src/fibonacci.s"
../src/fibonacci.s: Assembler messages:
../src/fibonacci.s:13: Error: cannot honor width suffix -- `mov r7,#0'
../src/fibonacci.s:18: Error: cannot honor width suffix -- `mov r7,#0'
../src/fibonacci.s:21: Error: lo register required -- `sub r0,r7,#0'
../src/fibonacci.s:24: Error: lo register required -- `sub r0,r7,#2'
../src/fibonacci.s:30: Error: cannot honor width suffix -- `add r0,r6,r5'
../src/fibonacci.s:34: Error: cannot honor width suffix -- `sub r0,r6,r5'
make: *** [src/fibonacci.o] Error 1
15:13:30 **** Incremental Build of configuration Debug for project Fibonacci ****
make all 
Building file: ../src/fibonacci.s
Invoking: MCU Assembler
arm-none-eabi-gcc -c -x assembler-with-cpp -DDEBUG -D__CODE_RED -D__REDLIB__ -g3 -mcpu=cortex-m0 -mthumb -o "src/fibonacci.o" "../src/fibonacci.s"
../src/fibonacci.s: Assembler messages:
../src/fibonacci.s:13: Error: cannot honor width suffix -- `mov r7,#0'
../src/fibonacci.s:18: Error: garbage following instruction -- `mov r7,.word#0'
../src/fibonacci.s:21: Error: lo register required -- `sub r0,r7,#0'
../src/fibonacci.s:24: Error: lo register required -- `sub r0,r7,#2'
../src/fibonacci.s:30: Error: cannot honor width suffix -- `add r0,r6,r5'
../src/fibonacci.s:34: Error: cannot honor width suffix -- `sub r0,r6,r5'
make: *** [src/fibonacci.o] Error 1
15:14:34 **** Incremental Build of configuration Debug for project Fibonacci ****
make all 
Building file: ../src/fibonacci.s
Invoking: MCU Assembler
arm-none-eabi-gcc -c -x assembler-with-cpp -DDEBUG -D__CODE_RED -D__REDLIB__ -g3 -mcpu=cortex-m0 -mthumb -o "src/fibonacci.o" "../src/fibonacci.s"
../src/fibonacci.s: Assembler messages:
../src/fibonacci.s:13: Error: cannot honor width suffix -- `mov r7,#0'
../src/fibonacci.s:18: Error: missing ']'
../src/fibonacci.s:18: Error: bad expression -- `mov r7,[#0]'
../src/fibonacci.s:21: Error: lo register required -- `sub r0,r7,#0'
../src/fibonacci.s:24: Error: lo register required -- `sub r0,r7,#2'
../src/fibonacci.s:30: Error: cannot honor width suffix -- `add r0,r6,r5'
../src/fibonacci.s:34: Error: cannot honor width suffix -- `sub r0,r6,r5'
make: *** [src/fibonacci.o] Error 1
15:14:51 **** Incremental Build of configuration Debug for project Fibonacci ****
make all 
Building file: ../src/fibonacci.s
Invoking: MCU Assembler
arm-none-eabi-gcc -c -x assembler-with-cpp -DDEBUG -D__CODE_RED -D__REDLIB__ -g3 -mcpu=cortex-m0 -mthumb -o "src/fibonacci.o" "../src/fibonacci.s"
../src/fibonacci.s: Assembler messages:
../src/fibonacci.s:13: Error: cannot honor width suffix -- `mov r7,#0'
../src/fibonacci.s:18: Error: cannot honor width suffix -- `mov r7,#0'
../src/fibonacci.s:21: Error: lo register required -- `sub r0,r7,#0'
../src/fibonacci.s:24: Error: lo register required -- `sub r0,r7,#2'
../src/fibonacci.s:30: Error: cannot honor width suffix -- `add r0,r6,r5'
../src/fibonacci.s:34: Error: cannot honor width suffix -- `sub r0,r6,r5'
make: *** [src/fibonacci.o] Error 1
15:15:02 **** Incremental Build of configuration Debug for project Fibonacci ****
make all 
Building file: ../src/fibonacci.s
Invoking: MCU Assembler
arm-none-eabi-gcc -c -x assembler-with-cpp -DDEBUG -D__CODE_RED -D__REDLIB__ -g3 -mcpu=cortex-m0 -mthumb -o "src/fibonacci.o" "../src/fibonacci.s"
../src/fibonacci.s: Assembler messages:
../src/fibonacci.s:13: Error: cannot honor width suffix -- `mov r7,0'
../src/fibonacci.s:18: Error: cannot honor width suffix -- `mov r7,#0'
../src/fibonacci.s:21: Error: lo register required -- `sub r0,r7,#0'
../src/fibonacci.s:24: Error: lo register required -- `sub r0,r7,#2'
../src/fibonacci.s:30: Error: cannot honor width suffix -- `add r0,r6,r5'
../src/fibonacci.s:34: Error: cannot honor width suffix -- `sub r0,r6,r5'
make: *** [src/fibonacci.o] Error 1
15:16:22 **** Incremental Build of configuration Debug for project Fibonacci ****
make all 
Building file: ../src/fibonacci.s
Invoking: MCU Assembler
arm-none-eabi-gcc -c -x assembler-with-cpp -DDEBUG -D__CODE_RED -D__REDLIB__ -g3 -mcpu=cortex-m0 -mthumb -o "src/fibonacci.o" "../src/fibonacci.s"
../src/fibonacci.s: Assembler messages:
../src/fibonacci.s:13: Error: cannot honor width suffix -- `mov r7,#0'
../src/fibonacci.s:18: Error: cannot honor width suffix -- `mov r7,#0'
../src/fibonacci.s:21: Error: lo register required -- `sub r0,r7,#0'
../src/fibonacci.s:24: Error: lo register required -- `sub r0,r7,#2'
../src/fibonacci.s:30: Error: cannot honor width suffix -- `add r0,r6,r5'
../src/fibonacci.s:34: Error: cannot honor width suffix -- `sub r0,r6,r5'
make: *** [src/fibonacci.o] Error 1
15:16:56 **** Incremental Build of configuration Debug for project Fibonacci ****
make all 
Building file: ../src/fibonacci.s
Invoking: MCU Assembler
arm-none-eabi-gcc -c -x assembler-with-cpp -DDEBUG -D__CODE_RED -D__REDLIB__ -g3 -mcpu=cortex-m0 -mthumb -o "src/fibonacci.o" "../src/fibonacci.s"
../src/fibonacci.s: Assembler messages:
../src/fibonacci.s:13: Error: cannot honor width suffix -- `mov r7,#0'
../src/fibonacci.s:18: Error: cannot honor width suffix -- `mov r7,#0'
../src/fibonacci.s:21: Error: lo register required -- `sub r0,r7,#0'
../src/fibonacci.s:24: Error: lo register required -- `sub r0,r7,#2'
../src/fibonacci.s:30: Error: cannot honor width suffix -- `add r0,r6,r5'
../src/fibonacci.s:34: Error: cannot honor width suffix -- `sub r0,r6,r5'
make: *** [src/fibonacci.o] Error 1
15:17:08 **** Incremental Build of configuration Debug for project Fibonacci ****
make all 
Building file: ../src/fibonacci.s
Invoking: MCU Assembler
arm-none-eabi-gcc -c -x assembler-with-cpp -DDEBUG -D__CODE_RED -D__REDLIB__ -g3 -mcpu=cortex-m0 -mthumb -o "src/fibonacci.o" "../src/fibonacci.s"
../src/fibonacci.s: Assembler messages:
../src/fibonacci.s:13: Error: cannot honor width suffix -- `mov r7,#0'
../src/fibonacci.s:18: Error: cannot honor width suffix -- `mov r7,#0'
../src/fibonacci.s:21: Error: lo register required -- `sub r7,r7,#0'
../src/fibonacci.s:24: Error: lo register required -- `sub r0,r7,#2'
../src/fibonacci.s:30: Error: cannot honor width suffix -- `add r0,r6,r5'
../src/fibonacci.s:34: Error: cannot honor width suffix -- `sub r0,r6,r5'
make: *** [src/fibonacci.o] Error 1
15:22:14 **** Incremental Build of configuration Debug for project Fibonacci ****
make all 
Building file: ../src/fibonacci.s
Invoking: MCU Assembler
arm-none-eabi-gcc -c -x assembler-with-cpp -DDEBUG -D__CODE_RED -D__REDLIB__ -g3 -mcpu=cortex-m0 -mthumb -o "src/fibonacci.o" "../src/fibonacci.s"
../src/fibonacci.s: Assembler messages:
../src/fibonacci.s:21: Error: lo register required -- `sub r0,r7,#0'
../src/fibonacci.s:24: Error: lo register required -- `sub r0,r7,#2'
../src/fibonacci.s:30: Error: cannot honor width suffix -- `add r0,r6,r5'
../src/fibonacci.s:34: Error: cannot honor width suffix -- `sub r0,r6,r5'
make: *** [src/fibonacci.o] Error 1
15:22:34 **** Incremental Build of configuration Debug for project Fibonacci ****
make all 
Building file: ../src/fibonacci.s
Invoking: MCU Assembler
arm-none-eabi-gcc -c -x assembler-with-cpp -DDEBUG -D__CODE_RED -D__REDLIB__ -g3 -mcpu=cortex-m0 -mthumb -o "src/fibonacci.o" "../src/fibonacci.s"
Finished building: ../src/fibonacci.s
 
Building target: Fibonacci.axf
Invoking: MCU Linker
arm-none-eabi-gcc -nostdlib -Xlinker --gc-sections -Xlinker -Map=Fibonacci.map -mcpu=cortex-m0 -mthumb -T "Fibonacci_Debug.ld" -o "Fibonacci.axf"  ./src/cr_startup_lpc11.o ./src/fibonacci.o ./src/main.o   
Finished building target: Fibonacci.axf
 
make --no-print-directory post-build
Performing post-build steps
arm-none-eabi-size Fibonacci.axf; # arm-none-eabi-objcopy -O ihex Fibonacci.axf Fibonacci.hex ;
   text	   data	    bss	    dec	    hex	filename
    576	      0	      0	    576	    240	Fibonacci.axf
 
15:24:32 **** Incremental Build of configuration Debug for project Fibonacci ****
make all 
make: Nothing to be done for `all'.
15:24:45 **** Incremental Build of configuration Debug for project Fibonacci ****
make all 
make: Nothing to be done for `all'.
15:25:03 **** Incremental Build of configuration Debug for project Fibonacci ****
make all 
make: Nothing to be done for `all'.
15:25:32 **** Incremental Build of configuration Debug for project Fibonacci ****
make all 
make: Nothing to be done for `all'.
15:25:45 **** Incremental Build of configuration Debug for project Fibonacci ****
make all 
make: Nothing to be done for `all'.
15:26:18 **** Incremental Build of configuration Debug for project Fibonacci ****
make all 
Building file: ../src/main.c
Invoking: MCU C Compiler
arm-none-eabi-gcc -DDEBUG -D__CODE_RED -D__NEWLIB__ -O0 -g3 -Wall -c -fmessage-length=0 -fno-builtin -ffunction-sections -Wa,-ahlnds=main.asm -mcpu=cortex-m0 -mthumb -MMD -MP -MF"src/main.d" -MT"src/main.d" -o "src/main.o" "../src/main.c"
../src/main.c: In function 'main':
../src/main.c:29:6: warning: unused variable 'fibOut' [-Wunused-variable]
../src/main.c:27:6: warning: unused variable 'fibOutEasy' [-Wunused-variable]
Finished building: ../src/main.c
 
Building target: Fibonacci.axf
Invoking: MCU Linker
arm-none-eabi-gcc -nostdlib -Xlinker --gc-sections -Xlinker -Map=Fibonacci.map -mcpu=cortex-m0 -mthumb -T "Fibonacci_Debug.ld" -o "Fibonacci.axf"  ./src/cr_startup_lpc11.o ./src/fibonacci.o ./src/main.o   
Finished building target: Fibonacci.axf
 
make --no-print-directory post-build
Performing post-build steps
arm-none-eabi-size Fibonacci.axf; # arm-none-eabi-objcopy -O ihex Fibonacci.axf Fibonacci.hex ;
   text	   data	    bss	    dec	    hex	filename
    576	      0	      0	    576	    240	Fibonacci.axf
 
15:27:33 **** Incremental Build of configuration Debug for project Fibonacci ****
make all 
Building file: ../src/main.c
Invoking: MCU C Compiler
arm-none-eabi-gcc -DDEBUG -D__CODE_RED -D__NEWLIB__ -O0 -g3 -Wall -c -fmessage-length=0 -fno-builtin -ffunction-sections -Wa,-ahlnds=main.asm -mcpu=cortex-m0 -mthumb -MMD -MP -MF"src/main.d" -MT"src/main.d" -o "src/main.o" "../src/main.c"
../src/main.c: In function 'main':
../src/main.c:29:6: warning: unused variable 'fibOut' [-Wunused-variable]
../src/main.c:27:6: warning: unused variable 'fibOutEasy' [-Wunused-variable]
Finished building: ../src/main.c
 
Building target: Fibonacci.axf
Invoking: MCU Linker
arm-none-eabi-gcc -nostdlib -Xlinker --gc-sections -Xlinker -Map=Fibonacci.map -mcpu=cortex-m0 -mthumb -T "Fibonacci_Debug.ld" -o "Fibonacci.axf"  ./src/cr_startup_lpc11.o ./src/fibonacci.o ./src/main.o   
Finished building target: Fibonacci.axf
 
make --no-print-directory post-build
Performing post-build steps
arm-none-eabi-size Fibonacci.axf; # arm-none-eabi-objcopy -O ihex Fibonacci.axf Fibonacci.hex ;
   text	   data	    bss	    dec	    hex	filename
    580	      0	      0	    580	    244	Fibonacci.axf
 
15:28:37 **** Incremental Build of configuration Debug for project Fibonacci ****
make all 
Building file: ../src/fibonacci.s
Invoking: MCU Assembler
arm-none-eabi-gcc -c -x assembler-with-cpp -DDEBUG -D__CODE_RED -D__REDLIB__ -g3 -mcpu=cortex-m0 -mthumb -o "src/fibonacci.o" "../src/fibonacci.s"
Finished building: ../src/fibonacci.s
 
Building target: Fibonacci.axf
Invoking: MCU Linker
arm-none-eabi-gcc -nostdlib -Xlinker --gc-sections -Xlinker -Map=Fibonacci.map -mcpu=cortex-m0 -mthumb -T "Fibonacci_Debug.ld" -o "Fibonacci.axf"  ./src/cr_startup_lpc11.o ./src/fibonacci.o ./src/main.o   
Finished building target: Fibonacci.axf
 
make --no-print-directory post-build
Performing post-build steps
arm-none-eabi-size Fibonacci.axf; # arm-none-eabi-objcopy -O ihex Fibonacci.axf Fibonacci.hex ;
   text	   data	    bss	    dec	    hex	filename
    580	      0	      0	    580	    244	Fibonacci.axf
 
15:30:47 **** Incremental Build of configuration Debug for project Fibonacci ****
make all 
Building file: ../src/fibonacci.s
Invoking: MCU Assembler
arm-none-eabi-gcc -c -x assembler-with-cpp -DDEBUG -D__CODE_RED -D__REDLIB__ -g3 -mcpu=cortex-m0 -mthumb -o "src/fibonacci.o" "../src/fibonacci.s"
../src/fibonacci.s: Assembler messages:
../src/fibonacci.s:22: Error: lo register required -- `add lr,pc,#4'
make: *** [src/fibonacci.o] Error 1
15:30:57 **** Incremental Build of configuration Debug for project Fibonacci ****
make all 
Building file: ../src/fibonacci.s
Invoking: MCU Assembler
arm-none-eabi-gcc -c -x assembler-with-cpp -DDEBUG -D__CODE_RED -D__REDLIB__ -g3 -mcpu=cortex-m0 -mthumb -o "src/fibonacci.o" "../src/fibonacci.s"
../src/fibonacci.s: Assembler messages:
../src/fibonacci.s:22: Error: lo register required -- `adds lr,pc,#4'
make: *** [src/fibonacci.o] Error 1
15:32:59 **** Incremental Build of configuration Debug for project Fibonacci ****
make all 
Building file: ../src/fibonacci.s
Invoking: MCU Assembler
arm-none-eabi-gcc -c -x assembler-with-cpp -DDEBUG -D__CODE_RED -D__REDLIB__ -g3 -mcpu=cortex-m0 -mthumb -o "src/fibonacci.o" "../src/fibonacci.s"
../src/fibonacci.s: Assembler messages:
../src/fibonacci.s:22: Error: lo register required -- `add lr,pc,#4'
make: *** [src/fibonacci.o] Error 1
15:33:22 **** Incremental Build of configuration Debug for project Fibonacci ****
make all 
Building file: ../src/fibonacci.s
Invoking: MCU Assembler
arm-none-eabi-gcc -c -x assembler-with-cpp -DDEBUG -D__CODE_RED -D__REDLIB__ -g3 -mcpu=cortex-m0 -mthumb -o "src/fibonacci.o" "../src/fibonacci.s"
Finished building: ../src/fibonacci.s
 
Building target: Fibonacci.axf
Invoking: MCU Linker
arm-none-eabi-gcc -nostdlib -Xlinker --gc-sections -Xlinker -Map=Fibonacci.map -mcpu=cortex-m0 -mthumb -T "Fibonacci_Debug.ld" -o "Fibonacci.axf"  ./src/cr_startup_lpc11.o ./src/fibonacci.o ./src/main.o   
Finished building target: Fibonacci.axf
 
make --no-print-directory post-build
Performing post-build steps
arm-none-eabi-size Fibonacci.axf; # arm-none-eabi-objcopy -O ihex Fibonacci.axf Fibonacci.hex ;
   text	   data	    bss	    dec	    hex	filename
    580	      0	      0	    580	    244	Fibonacci.axf
 
15:33:53 **** Incremental Build of configuration Debug for project Fibonacci ****
make all 
make: Nothing to be done for `all'.
15:34:09 **** Incremental Build of configuration Debug for project Fibonacci ****
make all 
Building file: ../src/fibonacci.s
Invoking: MCU Assembler
arm-none-eabi-gcc -c -x assembler-with-cpp -DDEBUG -D__CODE_RED -D__REDLIB__ -g3 -mcpu=cortex-m0 -mthumb -o "src/fibonacci.o" "../src/fibonacci.s"
Finished building: ../src/fibonacci.s
 
Building target: Fibonacci.axf
Invoking: MCU Linker
arm-none-eabi-gcc -nostdlib -Xlinker --gc-sections -Xlinker -Map=Fibonacci.map -mcpu=cortex-m0 -mthumb -T "Fibonacci_Debug.ld" -o "Fibonacci.axf"  ./src/cr_startup_lpc11.o ./src/fibonacci.o ./src/main.o   
Finished building target: Fibonacci.axf
 
make --no-print-directory post-build
Performing post-build steps
arm-none-eabi-size Fibonacci.axf; # arm-none-eabi-objcopy -O ihex Fibonacci.axf Fibonacci.hex ;
   text	   data	    bss	    dec	    hex	filename
    580	      0	      0	    580	    244	Fibonacci.axf
 
15:34:47 **** Incremental Build of configuration Debug for project Fibonacci ****
make all 
make: Nothing to be done for `all'.
15:35:18 **** Incremental Build of configuration Debug for project Fibonacci ****
make all 
make: Nothing to be done for `all'.
15:35:26 **** Incremental Build of configuration Debug for project Fibonacci ****
make all 
make: Nothing to be done for `all'.
15:35:38 **** Incremental Build of configuration Debug for project Fibonacci ****
make all 
make: Nothing to be done for `all'.
15:37:29 **** Incremental Build of configuration Debug for project Fibonacci ****
make all 
Building file: ../src/fibonacci.s
Invoking: MCU Assembler
arm-none-eabi-gcc -c -x assembler-with-cpp -DDEBUG -D__CODE_RED -D__REDLIB__ -g3 -mcpu=cortex-m0 -mthumb -o "src/fibonacci.o" "../src/fibonacci.s"
../src/fibonacci.s: Assembler messages:
../src/fibonacci.s:22: Error: bad instruction `fibonacci'
../src/fibonacci.s:25: Error: bad instruction `fibonacci'
make: *** [src/fibonacci.o] Error 1
15:38:17 **** Incremental Build of configuration Debug for project Fibonacci ****
make all 
Building file: ../src/fibonacci.s
Invoking: MCU Assembler
arm-none-eabi-gcc -c -x assembler-with-cpp -DDEBUG -D__CODE_RED -D__REDLIB__ -g3 -mcpu=cortex-m0 -mthumb -o "src/fibonacci.o" "../src/fibonacci.s"
../src/fibonacci.s: Assembler messages:
../src/fibonacci.s:22: Error: bad instruction `call fibonacci'
../src/fibonacci.s:25: Error: bad instruction `call fibonacci'
make: *** [src/fibonacci.o] Error 1
15:38:38 **** Incremental Build of configuration Debug for project Fibonacci ****
make all 
Building file: ../src/fibonacci.s
Invoking: MCU Assembler
arm-none-eabi-gcc -c -x assembler-with-cpp -DDEBUG -D__CODE_RED -D__REDLIB__ -g3 -mcpu=cortex-m0 -mthumb -o "src/fibonacci.o" "../src/fibonacci.s"
../src/fibonacci.s: Assembler messages:
../src/fibonacci.s:22: Error: bad instruction `calls fibonacci'
../src/fibonacci.s:25: Error: bad instruction `calls fibonacci'
make: *** [src/fibonacci.o] Error 1
15:39:45 **** Incremental Build of configuration Debug for project Fibonacci ****
make all 
Building file: ../src/fibonacci.s
Invoking: MCU Assembler
arm-none-eabi-gcc -c -x assembler-with-cpp -DDEBUG -D__CODE_RED -D__REDLIB__ -g3 -mcpu=cortex-m0 -mthumb -o "src/fibonacci.o" "../src/fibonacci.s"
Finished building: ../src/fibonacci.s
 
Building target: Fibonacci.axf
Invoking: MCU Linker
arm-none-eabi-gcc -nostdlib -Xlinker --gc-sections -Xlinker -Map=Fibonacci.map -mcpu=cortex-m0 -mthumb -T "Fibonacci_Debug.ld" -o "Fibonacci.axf"  ./src/cr_startup_lpc11.o ./src/fibonacci.o ./src/main.o   
Finished building target: Fibonacci.axf
 
make --no-print-directory post-build
Performing post-build steps
arm-none-eabi-size Fibonacci.axf; # arm-none-eabi-objcopy -O ihex Fibonacci.axf Fibonacci.hex ;
   text	   data	    bss	    dec	    hex	filename
    580	      0	      0	    580	    244	Fibonacci.axf
 
15:40:28 **** Incremental Build of configuration Debug for project Fibonacci ****
make all 
Building file: ../src/fibonacci.s
Invoking: MCU Assembler
arm-none-eabi-gcc -c -x assembler-with-cpp -DDEBUG -D__CODE_RED -D__REDLIB__ -g3 -mcpu=cortex-m0 -mthumb -o "src/fibonacci.o" "../src/fibonacci.s"
Finished building: ../src/fibonacci.s
 
Building target: Fibonacci.axf
Invoking: MCU Linker
arm-none-eabi-gcc -nostdlib -Xlinker --gc-sections -Xlinker -Map=Fibonacci.map -mcpu=cortex-m0 -mthumb -T "Fibonacci_Debug.ld" -o "Fibonacci.axf"  ./src/cr_startup_lpc11.o ./src/fibonacci.o ./src/main.o   
Finished building target: Fibonacci.axf
 
make --no-print-directory post-build
Performing post-build steps
arm-none-eabi-size Fibonacci.axf; # arm-none-eabi-objcopy -O ihex Fibonacci.axf Fibonacci.hex ;
   text	   data	    bss	    dec	    hex	filename
    572	      0	      0	    572	    23c	Fibonacci.axf
 
15:42:21 **** Incremental Build of configuration Debug for project Fibonacci ****
make all 
Building file: ../src/fibonacci.s
Invoking: MCU Assembler
arm-none-eabi-gcc -c -x assembler-with-cpp -DDEBUG -D__CODE_RED -D__REDLIB__ -g3 -mcpu=cortex-m0 -mthumb -o "src/fibonacci.o" "../src/fibonacci.s"
Finished building: ../src/fibonacci.s
 
Building target: Fibonacci.axf
Invoking: MCU Linker
arm-none-eabi-gcc -nostdlib -Xlinker --gc-sections -Xlinker -Map=Fibonacci.map -mcpu=cortex-m0 -mthumb -T "Fibonacci_Debug.ld" -o "Fibonacci.axf"  ./src/cr_startup_lpc11.o ./src/fibonacci.o ./src/main.o   
Finished building target: Fibonacci.axf
 
make --no-print-directory post-build
Performing post-build steps
arm-none-eabi-size Fibonacci.axf; # arm-none-eabi-objcopy -O ihex Fibonacci.axf Fibonacci.hex ;
   text	   data	    bss	    dec	    hex	filename
    572	      0	      0	    572	    23c	Fibonacci.axf
 
15:42:25 **** Incremental Build of configuration Debug for project Fibonacci ****
make all 
make: Nothing to be done for `all'.
15:43:49 **** Incremental Build of configuration Debug for project Fibonacci ****
make all 
make: Nothing to be done for `all'.
15:44:37 **** Incremental Build of configuration Debug for project Fibonacci ****
make all 
Building file: ../src/fibonacci.s
Invoking: MCU Assembler
arm-none-eabi-gcc -c -x assembler-with-cpp -DDEBUG -D__CODE_RED -D__REDLIB__ -g3 -mcpu=cortex-m0 -mthumb -o "src/fibonacci.o" "../src/fibonacci.s"
Finished building: ../src/fibonacci.s
 
Building target: Fibonacci.axf
Invoking: MCU Linker
arm-none-eabi-gcc -nostdlib -Xlinker --gc-sections -Xlinker -Map=Fibonacci.map -mcpu=cortex-m0 -mthumb -T "Fibonacci_Debug.ld" -o "Fibonacci.axf"  ./src/cr_startup_lpc11.o ./src/fibonacci.o ./src/main.o   
Finished building target: Fibonacci.axf
 
make --no-print-directory post-build
Performing post-build steps
arm-none-eabi-size Fibonacci.axf; # arm-none-eabi-objcopy -O ihex Fibonacci.axf Fibonacci.hex ;
   text	   data	    bss	    dec	    hex	filename
    576	      0	      0	    576	    240	Fibonacci.axf
 
15:45:24 **** Incremental Build of configuration Debug for project Fibonacci ****
make all 
make: Nothing to be done for `all'.
15:46:13 **** Incremental Build of configuration Debug for project Fibonacci ****
make all 
Building file: ../src/fibonacci.s
Invoking: MCU Assembler
arm-none-eabi-gcc -c -x assembler-with-cpp -DDEBUG -D__CODE_RED -D__REDLIB__ -g3 -mcpu=cortex-m0 -mthumb -o "src/fibonacci.o" "../src/fibonacci.s"
Finished building: ../src/fibonacci.s
 
Building target: Fibonacci.axf
Invoking: MCU Linker
arm-none-eabi-gcc -nostdlib -Xlinker --gc-sections -Xlinker -Map=Fibonacci.map -mcpu=cortex-m0 -mthumb -T "Fibonacci_Debug.ld" -o "Fibonacci.axf"  ./src/cr_startup_lpc11.o ./src/fibonacci.o ./src/main.o   
Finished building target: Fibonacci.axf
 
make --no-print-directory post-build
Performing post-build steps
arm-none-eabi-size Fibonacci.axf; # arm-none-eabi-objcopy -O ihex Fibonacci.axf Fibonacci.hex ;
   text	   data	    bss	    dec	    hex	filename
    576	      0	      0	    576	    240	Fibonacci.axf
 
15:47:27 **** Incremental Build of configuration Debug for project Fibonacci ****
make all 
Building file: ../src/fibonacci.s
Invoking: MCU Assembler
arm-none-eabi-gcc -c -x assembler-with-cpp -DDEBUG -D__CODE_RED -D__REDLIB__ -g3 -mcpu=cortex-m0 -mthumb -o "src/fibonacci.o" "../src/fibonacci.s"
Finished building: ../src/fibonacci.s
 
Building target: Fibonacci.axf
Invoking: MCU Linker
arm-none-eabi-gcc -nostdlib -Xlinker --gc-sections -Xlinker -Map=Fibonacci.map -mcpu=cortex-m0 -mthumb -T "Fibonacci_Debug.ld" -o "Fibonacci.axf"  ./src/cr_startup_lpc11.o ./src/fibonacci.o ./src/main.o   
Finished building target: Fibonacci.axf
 
make --no-print-directory post-build
Performing post-build steps
arm-none-eabi-size Fibonacci.axf; # arm-none-eabi-objcopy -O ihex Fibonacci.axf Fibonacci.hex ;
   text	   data	    bss	    dec	    hex	filename
    580	      0	      0	    580	    244	Fibonacci.axf
 
15:48:42 **** Incremental Build of configuration Debug for project Fibonacci ****
make all 
Building file: ../src/main.c
Invoking: MCU C Compiler
arm-none-eabi-gcc -DDEBUG -D__CODE_RED -D__NEWLIB__ -O0 -g3 -Wall -c -fmessage-length=0 -fno-builtin -ffunction-sections -Wa,-ahlnds=main.asm -mcpu=cortex-m0 -mthumb -MMD -MP -MF"src/main.d" -MT"src/main.d" -o "src/main.o" "../src/main.c"
../src/main.c: In function 'main':
../src/main.c:29:6: warning: unused variable 'fibOut' [-Wunused-variable]
../src/main.c:27:6: warning: unused variable 'fibOutEasy' [-Wunused-variable]
Finished building: ../src/main.c
 
Building target: Fibonacci.axf
Invoking: MCU Linker
arm-none-eabi-gcc -nostdlib -Xlinker --gc-sections -Xlinker -Map=Fibonacci.map -mcpu=cortex-m0 -mthumb -T "Fibonacci_Debug.ld" -o "Fibonacci.axf"  ./src/cr_startup_lpc11.o ./src/fibonacci.o ./src/main.o   
Finished building target: Fibonacci.axf
 
make --no-print-directory post-build
Performing post-build steps
arm-none-eabi-size Fibonacci.axf; # arm-none-eabi-objcopy -O ihex Fibonacci.axf Fibonacci.hex ;
   text	   data	    bss	    dec	    hex	filename
    580	      0	      0	    580	    244	Fibonacci.axf
 
15:49:26 **** Incremental Build of configuration Debug for project Fibonacci ****
make all 
Building file: ../src/main.c
Invoking: MCU C Compiler
arm-none-eabi-gcc -DDEBUG -D__CODE_RED -D__NEWLIB__ -O0 -g3 -Wall -c -fmessage-length=0 -fno-builtin -ffunction-sections -Wa,-ahlnds=main.asm -mcpu=cortex-m0 -mthumb -MMD -MP -MF"src/main.d" -MT"src/main.d" -o "src/main.o" "../src/main.c"
../src/main.c: In function 'main':
../src/main.c:29:6: warning: unused variable 'fibOut' [-Wunused-variable]
../src/main.c:27:6: warning: unused variable 'fibOutEasy' [-Wunused-variable]
Finished building: ../src/main.c
 
Building target: Fibonacci.axf
Invoking: MCU Linker
arm-none-eabi-gcc -nostdlib -Xlinker --gc-sections -Xlinker -Map=Fibonacci.map -mcpu=cortex-m0 -mthumb -T "Fibonacci_Debug.ld" -o "Fibonacci.axf"  ./src/cr_startup_lpc11.o ./src/fibonacci.o ./src/main.o   
Finished building target: Fibonacci.axf
 
make --no-print-directory post-build
Performing post-build steps
arm-none-eabi-size Fibonacci.axf; # arm-none-eabi-objcopy -O ihex Fibonacci.axf Fibonacci.hex ;
   text	   data	    bss	    dec	    hex	filename
    580	      0	      0	    580	    244	Fibonacci.axf
 
15:50:44 **** Incremental Build of configuration Debug for project Fibonacci ****
make all 
Building file: ../src/fibonacci.s
Invoking: MCU Assembler
arm-none-eabi-gcc -c -x assembler-with-cpp -DDEBUG -D__CODE_RED -D__REDLIB__ -g3 -mcpu=cortex-m0 -mthumb -o "src/fibonacci.o" "../src/fibonacci.s"
Finished building: ../src/fibonacci.s
 
Building file: ../src/main.c
Invoking: MCU C Compiler
arm-none-eabi-gcc -DDEBUG -D__CODE_RED -D__NEWLIB__ -O0 -g3 -Wall -c -fmessage-length=0 -fno-builtin -ffunction-sections -Wa,-ahlnds=main.asm -mcpu=cortex-m0 -mthumb -MMD -MP -MF"src/main.d" -MT"src/main.d" -o "src/main.o" "../src/main.c"
../src/main.c: In function 'main':
../src/main.c:29:6: warning: unused variable 'fibOut' [-Wunused-variable]
../src/main.c:27:6: warning: unused variable 'fibOutEasy' [-Wunused-variable]
Finished building: ../src/main.c
 
Building target: Fibonacci.axf
Invoking: MCU Linker
arm-none-eabi-gcc -nostdlib -Xlinker --gc-sections -Xlinker -Map=Fibonacci.map -mcpu=cortex-m0 -mthumb -T "Fibonacci_Debug.ld" -o "Fibonacci.axf"  ./src/cr_startup_lpc11.o ./src/fibonacci.o ./src/main.o   
Finished building target: Fibonacci.axf
 
make --no-print-directory post-build
Performing post-build steps
arm-none-eabi-size Fibonacci.axf; # arm-none-eabi-objcopy -O ihex Fibonacci.axf Fibonacci.hex ;
   text	   data	    bss	    dec	    hex	filename
    580	      0	      0	    580	    244	Fibonacci.axf
 
15:51:20 **** Incremental Build of configuration Debug for project Fibonacci ****
make all 
Building file: ../src/main.c
Invoking: MCU C Compiler
arm-none-eabi-gcc -DDEBUG -D__CODE_RED -D__NEWLIB__ -O0 -g3 -Wall -c -fmessage-length=0 -fno-builtin -ffunction-sections -Wa,-ahlnds=main.asm -mcpu=cortex-m0 -mthumb -MMD -MP -MF"src/main.d" -MT"src/main.d" -o "src/main.o" "../src/main.c"
../src/main.c: In function 'main':
../src/main.c:29:6: warning: unused variable 'fibOut' [-Wunused-variable]
../src/main.c:27:6: warning: unused variable 'fibOutEasy' [-Wunused-variable]
Finished building: ../src/main.c
 
Building target: Fibonacci.axf
Invoking: MCU Linker
arm-none-eabi-gcc -nostdlib -Xlinker --gc-sections -Xlinker -Map=Fibonacci.map -mcpu=cortex-m0 -mthumb -T "Fibonacci_Debug.ld" -o "Fibonacci.axf"  ./src/cr_startup_lpc11.o ./src/fibonacci.o ./src/main.o   
Finished building target: Fibonacci.axf
 
make --no-print-directory post-build
Performing post-build steps
arm-none-eabi-size Fibonacci.axf; # arm-none-eabi-objcopy -O ihex Fibonacci.axf Fibonacci.hex ;
   text	   data	    bss	    dec	    hex	filename
    580	      0	      0	    580	    244	Fibonacci.axf
 
15:52:07 **** Incremental Build of configuration Debug for project Fibonacci ****
make all 
Building file: ../src/main.c
Invoking: MCU C Compiler
arm-none-eabi-gcc -DDEBUG -D__CODE_RED -D__NEWLIB__ -O0 -g3 -Wall -c -fmessage-length=0 -fno-builtin -ffunction-sections -Wa,-ahlnds=main.asm -mcpu=cortex-m0 -mthumb -MMD -MP -MF"src/main.d" -MT"src/main.d" -o "src/main.o" "../src/main.c"
../src/main.c: In function 'main':
../src/main.c:29:6: warning: unused variable 'fibOut' [-Wunused-variable]
../src/main.c:27:6: warning: unused variable 'fibOutEasy' [-Wunused-variable]
Finished building: ../src/main.c
 
Building target: Fibonacci.axf
Invoking: MCU Linker
arm-none-eabi-gcc -nostdlib -Xlinker --gc-sections -Xlinker -Map=Fibonacci.map -mcpu=cortex-m0 -mthumb -T "Fibonacci_Debug.ld" -o "Fibonacci.axf"  ./src/cr_startup_lpc11.o ./src/fibonacci.o ./src/main.o   
Finished building target: Fibonacci.axf
 
make --no-print-directory post-build
Performing post-build steps
arm-none-eabi-size Fibonacci.axf; # arm-none-eabi-objcopy -O ihex Fibonacci.axf Fibonacci.hex ;
   text	   data	    bss	    dec	    hex	filename
    580	      0	      0	    580	    244	Fibonacci.axf
 
15:53:55 **** Incremental Build of configuration Debug for project Fibonacci ****
make all 
Building file: ../src/main.c
Invoking: MCU C Compiler
arm-none-eabi-gcc -DDEBUG -D__CODE_RED -D__NEWLIB__ -O0 -g3 -Wall -c -fmessage-length=0 -fno-builtin -ffunction-sections -Wa,-ahlnds=main.asm -mcpu=cortex-m0 -mthumb -MMD -MP -MF"src/main.d" -MT"src/main.d" -o "src/main.o" "../src/main.c"
../src/main.c: In function 'main':
../src/main.c:29:6: warning: unused variable 'fibOut' [-Wunused-variable]
../src/main.c:27:6: warning: unused variable 'fibOutEasy' [-Wunused-variable]
Finished building: ../src/main.c
 
Building target: Fibonacci.axf
Invoking: MCU Linker
arm-none-eabi-gcc -nostdlib -Xlinker --gc-sections -Xlinker -Map=Fibonacci.map -mcpu=cortex-m0 -mthumb -T "Fibonacci_Debug.ld" -o "Fibonacci.axf"  ./src/cr_startup_lpc11.o ./src/fibonacci.o ./src/main.o   
Finished building target: Fibonacci.axf
 
make --no-print-directory post-build
Performing post-build steps
arm-none-eabi-size Fibonacci.axf; # arm-none-eabi-objcopy -O ihex Fibonacci.axf Fibonacci.hex ;
   text	   data	    bss	    dec	    hex	filename
    580	      0	      0	    580	    244	Fibonacci.axf
 
15:54:49 **** Incremental Build of configuration Debug for project Fibonacci ****
make all 
Building file: ../src/main.c
Invoking: MCU C Compiler
arm-none-eabi-gcc -DDEBUG -D__CODE_RED -D__NEWLIB__ -O0 -g3 -Wall -c -fmessage-length=0 -fno-builtin -ffunction-sections -Wa,-ahlnds=main.asm -mcpu=cortex-m0 -mthumb -MMD -MP -MF"src/main.d" -MT"src/main.d" -o "src/main.o" "../src/main.c"
../src/main.c: In function 'main':
../src/main.c:29:6: warning: unused variable 'fibOut' [-Wunused-variable]
../src/main.c:27:6: warning: unused variable 'fibOutEasy' [-Wunused-variable]
Finished building: ../src/main.c
 
Building target: Fibonacci.axf
Invoking: MCU Linker
arm-none-eabi-gcc -nostdlib -Xlinker --gc-sections -Xlinker -Map=Fibonacci.map -mcpu=cortex-m0 -mthumb -T "Fibonacci_Debug.ld" -o "Fibonacci.axf"  ./src/cr_startup_lpc11.o ./src/fibonacci.o ./src/main.o   
Finished building target: Fibonacci.axf
 
make --no-print-directory post-build
Performing post-build steps
arm-none-eabi-size Fibonacci.axf; # arm-none-eabi-objcopy -O ihex Fibonacci.axf Fibonacci.hex ;
   text	   data	    bss	    dec	    hex	filename
    580	      0	      0	    580	    244	Fibonacci.axf
 
13:00:11 **** Build of configuration Debug for project Fibonacci ****
make all 
make: Nothing to be done for `all'.
13:01:30 **** Incremental Build of configuration Debug for project Fibonacci ****
make all 
Building file: ../src/main.c
Invoking: MCU C Compiler
arm-none-eabi-gcc -DDEBUG -D__CODE_RED -D__NEWLIB__ -O0 -g3 -Wall -c -fmessage-length=0 -fno-builtin -ffunction-sections -Wa,-ahlnds=main.asm -mcpu=cortex-m0 -mthumb -MMD -MP -MF"src/main.d" -MT"src/main.d" -o "src/main.o" "../src/main.c"
../src/main.c: In function 'main':
../src/main.c:29:6: warning: unused variable 'fibOut' [-Wunused-variable]
../src/main.c:27:6: warning: unused variable 'fibOutEasy' [-Wunused-variable]
Finished building: ../src/main.c
 
Building target: Fibonacci.axf
Invoking: MCU Linker
arm-none-eabi-gcc -nostdlib -Xlinker --gc-sections -Xlinker -Map=Fibonacci.map -mcpu=cortex-m0 -mthumb -T "Fibonacci_Debug.ld" -o "Fibonacci.axf"  ./src/cr_startup_lpc11.o ./src/fibonacci.o ./src/main.o   
Finished building target: Fibonacci.axf
 
make --no-print-directory post-build
Performing post-build steps
arm-none-eabi-size Fibonacci.axf; # arm-none-eabi-objcopy -O ihex Fibonacci.axf Fibonacci.hex ;
   text	   data	    bss	    dec	    hex	filename
    580	      0	      0	    580	    244	Fibonacci.axf
 
13:43:17 **** Incremental Build of configuration Debug for project Fibonacci ****
make all 
Building file: ../src/main.c
Invoking: MCU C Compiler
arm-none-eabi-gcc -DDEBUG -D__CODE_RED -D__NEWLIB__ -O0 -g3 -Wall -c -fmessage-length=0 -fno-builtin -ffunction-sections -Wa,-ahlnds=main.asm -mcpu=cortex-m0 -mthumb -MMD -MP -MF"src/main.d" -MT"src/main.d" -o "src/main.o" "../src/main.c"
../src/main.c:1:18: fatal error: gpio.h: No such file or directory
compilation terminated.
make: *** [src/main.o] Error 1
13:43:30 **** Build of configuration Debug for project asm_xample11 ****
make all 
Building file: ../src/asm_sum_cm0.s
Invoking: MCU Assembler
arm-none-eabi-gcc -c -x assembler-with-cpp -DDEBUG -D__CODE_RED -D__REDLIB__ -g3 -mcpu=cortex-m0 -mthumb -o "src/asm_sum_cm0.o" "../src/asm_sum_cm0.s"
Finished building: ../src/asm_sum_cm0.s
 
Building file: ../src/cr_startup_lpc11.c
Invoking: MCU C Compiler
arm-none-eabi-gcc -DDEBUG -D__CODE_RED -D__NEWLIB__ -O0 -g3 -Wall -c -fmessage-length=0 -fno-builtin -ffunction-sections -Wa,-ahlnds=cr_startup_lpc11.asm -mcpu=cortex-m0 -mthumb -MMD -MP -MF"src/cr_startup_lpc11.d" -MT"src/cr_startup_lpc11.d" -o "src/cr_startup_lpc11.o" "../src/cr_startup_lpc11.c"
../src/cr_startup_lpc11.c:105:13: warning: taking address of expression of type 'void' [enabled by default]
Finished building: ../src/cr_startup_lpc11.c
 
Building file: ../src/main.c
Invoking: MCU C Compiler
arm-none-eabi-gcc -DDEBUG -D__CODE_RED -D__NEWLIB__ -O0 -g3 -Wall -c -fmessage-length=0 -fno-builtin -ffunction-sections -Wa,-ahlnds=main.asm -mcpu=cortex-m0 -mthumb -MMD -MP -MF"src/main.d" -MT"src/main.d" -o "src/main.o" "../src/main.c"
../src/main.c: In function 'main':
../src/main.c:9:9: warning: variable 'j' set but not used [-Wunused-but-set-variable]
../src/main.c:9:6: warning: variable 'i' set but not used [-Wunused-but-set-variable]
Finished building: ../src/main.c
 
Building target: asm_xample11.axf
Invoking: MCU Linker
arm-none-eabi-gcc -nostdlib -Xlinker --gc-sections -Xlinker -Map=asm_xample11.map -mcpu=cortex-m0 -mthumb -T "asm_xample11_Debug.ld" -o "asm_xample11.axf"  ./src/asm_sum_cm0.o ./src/cr_startup_lpc11.o ./src/main.o   
Finished building target: asm_xample11.axf
 
make --no-print-directory post-build
Performing post-build steps
arm-none-eabi-size asm_xample11.axf; # arm-none-eabi-objcopy -O ihex asm_xample11.axf asm_xample11.hex ;
   text	   data	    bss	    dec	    hex	filename
    448	      0	      4	    452	    1c4	asm_xample11.axf
 
13:52:26 **** Clean-only build of configuration Debug for project Fibonacci ****
make clean 
[...]
15:09:38 **** Clean-only build of configuration Debug for project Fibonacci ****
make clean 
rm -rf  ./startup/cr_startup_lpc11.o  ./src/fibonacci.o ./src/main.o  ./driver/adc.o ./driver/can.o ./driver/clkconfig.o ./driver/crp.o ./driver/debug_printf.o ./driver/gpio.o ./driver/i2c.o ./driver/i2cslave.o ./driver/lpc_swu.o ./driver/rs485.o ./driver/small_gpio.o ./driver/ssp.o ./driver/timer16.o ./driver/timer32.o ./driver/uart.o ./driver/wdt.o  ./cmsis/core_cm0.o ./cmsis/system_LPC11xx.o  ./startup/cr_startup_lpc11.d  ./src/main.d  ./driver/adc.d ./driver/can.d ./driver/clkconfig.d ./driver/crp.d ./driver/debug_printf.d ./driver/gpio.d ./driver/i2c.d ./driver/i2cslave.d ./driver/lpc_swu.d ./driver/rs485.d ./driver/small_gpio.d ./driver/ssp.d ./driver/timer16.d ./driver/timer32.d ./driver/uart.d ./driver/wdt.d  ./cmsis/core_cm0.d ./cmsis/system_LPC11xx.d  Fibonacci.axf
 
15:09:40 **** Clean-only build of configuration Debug for project Fibonacci ****
make clean 
rm -rf  ./startup/cr_startup_lpc11.o  ./src/fibonacci.o ./src/main.o  ./driver/adc.o ./driver/can.o ./driver/clkconfig.o ./driver/crp.o ./driver/debug_printf.o ./driver/gpio.o ./driver/i2c.o ./driver/i2cslave.o ./driver/lpc_swu.o ./driver/rs485.o ./driver/small_gpio.o ./driver/ssp.o ./driver/timer16.o ./driver/timer32.o ./driver/uart.o ./driver/wdt.o  ./cmsis/core_cm0.o ./cmsis/system_LPC11xx.o  ./startup/cr_startup_lpc11.d  ./src/main.d  ./driver/adc.d ./driver/can.d ./driver/clkconfig.d ./driver/crp.d ./driver/debug_printf.d ./driver/gpio.d ./driver/i2c.d ./driver/i2cslave.d ./driver/lpc_swu.d ./driver/rs485.d ./driver/small_gpio.d ./driver/ssp.d ./driver/timer16.d ./driver/timer32.d ./driver/uart.d ./driver/wdt.d  ./cmsis/core_cm0.d ./cmsis/system_LPC11xx.d  Fibonacci.axf
 
15:09:44 **** Build of configuration Debug for project Fibonacci ****
make all 
Building file: ../startup/cr_startup_lpc11.c
Invoking: MCU C Compiler
arm-none-eabi-gcc -D__REDLIB__ -D__USE_CMSIS -DDEBUG -D__CODE_RED -I../cmsis -I../config -I../driver -O0 -g3 -Wall -c -fmessage-length=0 -fno-builtin -ffunction-sections -fdata-sections -mcpu=cortex-m0 -mthumb -MMD -MP -MF"startup/cr_startup_lpc11.d" -MT"startup/cr_startup_lpc11.d" -o "startup/cr_startup_lpc11.o" "../startup/cr_startup_lpc11.c"
Finished building: ../startup/cr_startup_lpc11.c
 
Building file: ../src/fibonacci.s
Invoking: MCU Assembler
arm-none-eabi-gcc -c -x assembler-with-cpp -D__REDLIB__  -DDEBUG -D__CODE_RED -I../cmsis -I../config -I../driver -g3 -mcpu=cortex-m0 -mthumb -o "src/fibonacci.o" "../src/fibonacci.s"
Finished building: ../src/fibonacci.s
 
Building file: ../src/main.c
Invoking: MCU C Compiler
arm-none-eabi-gcc -D__REDLIB__ -D__USE_CMSIS -DDEBUG -D__CODE_RED -I../cmsis -I../config -I../driver -O0 -g3 -Wall -c -fmessage-length=0 -fno-builtin -ffunction-sections -fdata-sections -mcpu=cortex-m0 -mthumb -MMD -MP -MF"src/main.d" -MT"src/main.d" -o "src/main.o" "../src/main.c"
../src/main.c: In function 'displayHex':
../src/main.c:74:3: warning: implicit declaration of function 'displayDigit' [-Wimplicit-function-declaration]
../src/main.c: At top level:
../src/main.c:150:3: warning: excess elements in array initializer [enabled by default]
../src/main.c:150:3: warning: (near initialization for 'morLengthLUT') [enabled by default]
../src/main.c:151:3: warning: excess elements in array initializer [enabled by default]
../src/main.c:151:3: warning: (near initialization for 'morLengthLUT') [enabled by default]
../src/main.c:152:3: warning: excess elements in array initializer [enabled by default]
../src/main.c:152:3: warning: (near initialization for 'morLengthLUT') [enabled by default]
../src/main.c:153:3: warning: excess elements in array initializer [enabled by default]
../src/main.c:153:3: warning: (near initialization for 'morLengthLUT') [enabled by default]
../src/main.c:154:3: warning: excess elements in array initializer [enabled by default]
../src/main.c:154:3: warning: (near initialization for 'morLengthLUT') [enabled by default]
../src/main.c:155:3: warning: excess elements in array initializer [enabled by default]
../src/main.c:155:3: warning: (near initialization for 'morLengthLUT') [enabled by default]
../src/main.c:158:6: warning: conflicting types for 'displayDigit' [enabled by default]
../src/main.c:74:3: note: previous implicit declaration of 'displayDigit' was here
../src/main.c: In function 'main':
../src/main.c:187:8: warning: unused variable 'fibOutEasy' [-Wunused-variable]
Finished building: ../src/main.c
 
Building file: ../driver/adc.c
Invoking: MCU C Compiler
arm-none-eabi-gcc -D__REDLIB__ -D__USE_CMSIS -DDEBUG -D__CODE_RED -I../cmsis -I../config -I../driver -O0 -g3 -Wall -c -fmessage-length=0 -fno-builtin -ffunction-sections -fdata-sections -mcpu=cortex-m0 -mthumb -MMD -MP -MF"driver/adc.d" -MT"driver/adc.d" -o "driver/adc.o" "../driver/adc.c"
Finished building: ../driver/adc.c
 
Building file: ../driver/can.c
Invoking: MCU C Compiler
arm-none-eabi-gcc -D__REDLIB__ -D__USE_CMSIS -DDEBUG -D__CODE_RED -I../cmsis -I../config -I../driver -O0 -g3 -Wall -c -fmessage-length=0 -fno-builtin -ffunction-sections -fdata-sections -mcpu=cortex-m0 -mthumb -MMD -MP -MF"driver/can.d" -MT"driver/can.d" -o "driver/can.o" "../driver/can.c"
Finished building: ../driver/can.c
 
Building file: ../driver/clkconfig.c
Invoking: MCU C Compiler
arm-none-eabi-gcc -D__REDLIB__ -D__USE_CMSIS -DDEBUG -D__CODE_RED -I../cmsis -I../config -I../driver -O0 -g3 -Wall -c -fmessage-length=0 -fno-builtin -ffunction-sections -fdata-sections -mcpu=cortex-m0 -mthumb -MMD -MP -MF"driver/clkconfig.d" -MT"driver/clkconfig.d" -o "driver/clkconfig.o" "../driver/clkconfig.c"
Finished building: ../driver/clkconfig.c
 
Building file: ../driver/crp.c
Invoking: MCU C Compiler
arm-none-eabi-gcc -D__REDLIB__ -D__USE_CMSIS -DDEBUG -D__CODE_RED -I../cmsis -I../config -I../driver -O0 -g3 -Wall -c -fmessage-length=0 -fno-builtin -ffunction-sections -fdata-sections -mcpu=cortex-m0 -mthumb -MMD -MP -MF"driver/crp.d" -MT"driver/crp.d" -o "driver/crp.o" "../driver/crp.c"
Finished building: ../driver/crp.c
 
Building file: ../driver/debug_printf.c
Invoking: MCU C Compiler
arm-none-eabi-gcc -D__REDLIB__ -D__USE_CMSIS -DDEBUG -D__CODE_RED -I../cmsis -I../config -I../driver -O0 -g3 -Wall -c -fmessage-length=0 -fno-builtin -ffunction-sections -fdata-sections -mcpu=cortex-m0 -mthumb -MMD -MP -MF"driver/debug_printf.d" -MT"driver/debug_printf.d" -o "driver/debug_printf.o" "../driver/debug_printf.c"
Finished building: ../driver/debug_printf.c
 
Building file: ../driver/gpio.c
Invoking: MCU C Compiler
arm-none-eabi-gcc -D__REDLIB__ -D__USE_CMSIS -DDEBUG -D__CODE_RED -I../cmsis -I../config -I../driver -O0 -g3 -Wall -c -fmessage-length=0 -fno-builtin -ffunction-sections -fdata-sections -mcpu=cortex-m0 -mthumb -MMD -MP -MF"driver/gpio.d" -MT"driver/gpio.d" -o "driver/gpio.o" "../driver/gpio.c"
Finished building: ../driver/gpio.c
 
Building file: ../driver/i2c.c
Invoking: MCU C Compiler
arm-none-eabi-gcc -D__REDLIB__ -D__USE_CMSIS -DDEBUG -D__CODE_RED -I../cmsis -I../config -I../driver -O0 -g3 -Wall -c -fmessage-length=0 -fno-builtin -ffunction-sections -fdata-sections -mcpu=cortex-m0 -mthumb -MMD -MP -MF"driver/i2c.d" -MT"driver/i2c.d" -o "driver/i2c.o" "../driver/i2c.c"
Finished building: ../driver/i2c.c
 
Building file: ../driver/i2cslave.c
Invoking: MCU C Compiler
arm-none-eabi-gcc -D__REDLIB__ -D__USE_CMSIS -DDEBUG -D__CODE_RED -I../cmsis -I../config -I../driver -O0 -g3 -Wall -c -fmessage-length=0 -fno-builtin -ffunction-sections -fdata-sections -mcpu=cortex-m0 -mthumb -MMD -MP -MF"driver/i2cslave.d" -MT"driver/i2cslave.d" -o "driver/i2cslave.o" "../driver/i2cslave.c"
Finished building: ../driver/i2cslave.c
 
Building file: ../driver/lpc_swu.c
Invoking: MCU C Compiler
arm-none-eabi-gcc -D__REDLIB__ -D__USE_CMSIS -DDEBUG -D__CODE_RED -I../cmsis -I../config -I../driver -O0 -g3 -Wall -c -fmessage-length=0 -fno-builtin -ffunction-sections -fdata-sections -mcpu=cortex-m0 -mthumb -MMD -MP -MF"driver/lpc_swu.d" -MT"driver/lpc_swu.d" -o "driver/lpc_swu.o" "../driver/lpc_swu.c"
Finished building: ../driver/lpc_swu.c
 
Building file: ../driver/rs485.c
Invoking: MCU C Compiler
arm-none-eabi-gcc -D__REDLIB__ -D__USE_CMSIS -DDEBUG -D__CODE_RED -I../cmsis -I../config -I../driver -O0 -g3 -Wall -c -fmessage-length=0 -fno-builtin -ffunction-sections -fdata-sections -mcpu=cortex-m0 -mthumb -MMD -MP -MF"driver/rs485.d" -MT"driver/rs485.d" -o "driver/rs485.o" "../driver/rs485.c"
Finished building: ../driver/rs485.c
 
Building file: ../driver/small_gpio.c
Invoking: MCU C Compiler
arm-none-eabi-gcc -D__REDLIB__ -D__USE_CMSIS -DDEBUG -D__CODE_RED -I../cmsis -I../config -I../driver -O0 -g3 -Wall -c -fmessage-length=0 -fno-builtin -ffunction-sections -fdata-sections -mcpu=cortex-m0 -mthumb -MMD -MP -MF"driver/small_gpio.d" -MT"driver/small_gpio.d" -o "driver/small_gpio.o" "../driver/small_gpio.c"
Finished building: ../driver/small_gpio.c
 
Building file: ../driver/ssp.c
Invoking: MCU C Compiler
arm-none-eabi-gcc -D__REDLIB__ -D__USE_CMSIS -DDEBUG -D__CODE_RED -I../cmsis -I../config -I../driver -O0 -g3 -Wall -c -fmessage-length=0 -fno-builtin -ffunction-sections -fdata-sections -mcpu=cortex-m0 -mthumb -MMD -MP -MF"driver/ssp.d" -MT"driver/ssp.d" -o "driver/ssp.o" "../driver/ssp.c"
Finished building: ../driver/ssp.c
 
Building file: ../driver/timer16.c
Invoking: MCU C Compiler
arm-none-eabi-gcc -D__REDLIB__ -D__USE_CMSIS -DDEBUG -D__CODE_RED -I../cmsis -I../config -I../driver -O0 -g3 -Wall -c -fmessage-length=0 -fno-builtin -ffunction-sections -fdata-sections -mcpu=cortex-m0 -mthumb -MMD -MP -MF"driver/timer16.d" -MT"driver/timer16.d" -o "driver/timer16.o" "../driver/timer16.c"
Finished building: ../driver/timer16.c
 
Building file: ../driver/timer32.c
Invoking: MCU C Compiler
arm-none-eabi-gcc -D__REDLIB__ -D__USE_CMSIS -DDEBUG -D__CODE_RED -I../cmsis -I../config -I../driver -O0 -g3 -Wall -c -fmessage-length=0 -fno-builtin -ffunction-sections -fdata-sections -mcpu=cortex-m0 -mthumb -MMD -MP -MF"driver/timer32.d" -MT"driver/timer32.d" -o "driver/timer32.o" "../driver/timer32.c"
Finished building: ../driver/timer32.c
 
Building file: ../driver/uart.c
Invoking: MCU C Compiler
arm-none-eabi-gcc -D__REDLIB__ -D__USE_CMSIS -DDEBUG -D__CODE_RED -I../cmsis -I../config -I../driver -O0 -g3 -Wall -c -fmessage-length=0 -fno-builtin -ffunction-sections -fdata-sections -mcpu=cortex-m0 -mthumb -MMD -MP -MF"driver/uart.d" -MT"driver/uart.d" -o "driver/uart.o" "../driver/uart.c"
Finished building: ../driver/uart.c
 
Building file: ../driver/wdt.c
Invoking: MCU C Compiler
arm-none-eabi-gcc -D__REDLIB__ -D__USE_CMSIS -DDEBUG -D__CODE_RED -I../cmsis -I../config -I../driver -O0 -g3 -Wall -c -fmessage-length=0 -fno-builtin -ffunction-sections -fdata-sections -mcpu=cortex-m0 -mthumb -MMD -MP -MF"driver/wdt.d" -MT"driver/wdt.d" -o "driver/wdt.o" "../driver/wdt.c"
Finished building: ../driver/wdt.c
 
Building file: ../cmsis/core_cm0.c
Invoking: MCU C Compiler
arm-none-eabi-gcc -D__REDLIB__ -D__USE_CMSIS -DDEBUG -D__CODE_RED -I../cmsis -I../config -I../driver -O0 -Os -g3 -Wall -c -fmessage-length=0 -fno-builtin -ffunction-sections -fdata-sections -mcpu=cortex-m0 -mthumb -MMD -MP -MF"cmsis/core_cm0.d" -MT"cmsis/core_cm0.d" -o "cmsis/core_cm0.o" "../cmsis/core_cm0.c"
Finished building: ../cmsis/core_cm0.c
 
Building file: ../cmsis/system_LPC11xx.c
Invoking: MCU C Compiler
arm-none-eabi-gcc -D__REDLIB__ -D__USE_CMSIS -DDEBUG -D__CODE_RED -I../cmsis -I../config -I../driver -O0 -Os -g3 -Wall -c -fmessage-length=0 -fno-builtin -ffunction-sections -fdata-sections -mcpu=cortex-m0 -mthumb -MMD -MP -MF"cmsis/system_LPC11xx.d" -MT"cmsis/system_LPC11xx.d" -o "cmsis/system_LPC11xx.o" "../cmsis/system_LPC11xx.c"
Finished building: ../cmsis/system_LPC11xx.c
 
Building target: Fibonacci.axf
Invoking: MCU Linker
arm-none-eabi-gcc -nostdlib -Xlinker -Map=Fibonacci.map -Xlinker --gc-sections -mcpu=cortex-m0 -mthumb -T "../linker/lpc1114_flash_crp.ld" -o "Fibonacci.axf"  ./startup/cr_startup_lpc11.o  ./src/fibonacci.o ./src/main.o  ./driver/adc.o ./driver/can.o ./driver/clkconfig.o ./driver/crp.o ./driver/debug_printf.o ./driver/gpio.o ./driver/i2c.o ./driver/i2cslave.o ./driver/lpc_swu.o ./driver/rs485.o ./driver/small_gpio.o ./driver/ssp.o ./driver/timer16.o ./driver/timer32.o ./driver/uart.o ./driver/wdt.o  ./cmsis/core_cm0.o ./cmsis/system_LPC11xx.o   
Finished building target: Fibonacci.axf
 
make --no-print-directory post-build
Performing post-build steps
arm-none-eabi-size Fibonacci.axf; arm-none-eabi-objcopy -O binary Fibonacci.axf Fibonacci.bin ; checksum -p LPC1114_302 -d Fibonacci.bin;
   text	   data	    bss	    dec	    hex	filename
   2672	      4	     12	   2688	    a80	Fibonacci.axf
Created checksum 0xefffd62d at offset 0x1c in file Fibonacci.bin 
15:10:08 **** Incremental Build of configuration Debug for project Fibonacci ****
make all 
make: Nothing to be done for `all'.
20:22:52 **** Incremental Build of configuration Debug for project Fibonacci ****
make all 
make: Nothing to be done for `all'.
20:25:57 **** Incremental Build of configuration Debug for project Fibonacci ****
make all 
make: Nothing to be done for `all'.
20:30:28 **** Incremental Build of configuration Debug for project Fibonacci ****
make all 
make: Nothing to be done for `all'.
20:33:12 **** Incremental Build of configuration Debug for project Fibonacci ****
make all 
Building file: ../src/main.c
Invoking: MCU C Compiler
arm-none-eabi-gcc -D__REDLIB__ -D__USE_CMSIS -DDEBUG -D__CODE_RED -I../cmsis -I../config -I../driver -O0 -g3 -Wall -c -fmessage-length=0 -fno-builtin -ffunction-sections -fdata-sections -mcpu=cortex-m0 -mthumb -MMD -MP -MF"src/main.d" -MT"src/main.d" -o "src/main.o" "../src/main.c"
../src/main.c: In function 'displayHex':
../src/main.c:74:3: warning: implicit declaration of function 'displayDigit' [-Wimplicit-function-declaration]
../src/main.c: At top level:
../src/main.c:150:3: warning: excess elements in array initializer [enabled by default]
../src/main.c:150:3: warning: (near initialization for 'morLengthLUT') [enabled by default]
../src/main.c:151:3: warning: excess elements in array initializer [enabled by default]
../src/main.c:151:3: warning: (near initialization for 'morLengthLUT') [enabled by default]
../src/main.c:152:3: warning: excess elements in array initializer [enabled by default]
../src/main.c:152:3: warning: (near initialization for 'morLengthLUT') [enabled by default]
../src/main.c:153:3: warning: excess elements in array initializer [enabled by default]
../src/main.c:153:3: warning: (near initialization for 'morLengthLUT') [enabled by default]
../src/main.c:154:3: warning: excess elements in array initializer [enabled by default]
../src/main.c:154:3: warning: (near initialization for 'morLengthLUT') [enabled by default]
../src/main.c:155:3: warning: excess elements in array initializer [enabled by default]
../src/main.c:155:3: warning: (near initialization for 'morLengthLUT') [enabled by default]
../src/main.c:158:6: warning: conflicting types for 'displayDigit' [enabled by default]
../src/main.c:74:3: note: previous implicit declaration of 'displayDigit' was here
../src/main.c: In function 'main':
../src/main.c:187:8: warning: unused variable 'fibOutEasy' [-Wunused-variable]
Finished building: ../src/main.c
 
Building target: Fibonacci.axf
Invoking: MCU Linker
arm-none-eabi-gcc -nostdlib -Xlinker -Map=Fibonacci.map -Xlinker --gc-sections -mcpu=cortex-m0 -mthumb -T "../linker/lpc1114_flash_crp.ld" -o "Fibonacci.axf"  ./startup/cr_startup_lpc11.o  ./src/fibonacci.o ./src/main.o  ./driver/adc.o ./driver/can.o ./driver/clkconfig.o ./driver/crp.o ./driver/debug_printf.o ./driver/gpio.o ./driver/i2c.o ./driver/i2cslave.o ./driver/lpc_swu.o ./driver/rs485.o ./driver/small_gpio.o ./driver/ssp.o ./driver/timer16.o ./driver/timer32.o ./driver/uart.o ./driver/wdt.o  ./cmsis/core_cm0.o ./cmsis/system_LPC11xx.o   
Finished building target: Fibonacci.axf
 
make --no-print-directory post-build
Performing post-build steps
arm-none-eabi-size Fibonacci.axf; arm-none-eabi-objcopy -O binary Fibonacci.axf Fibonacci.bin ; checksum -p LPC1114_302 -d Fibonacci.bin;
   text	   data	    bss	    dec	    hex	filename
   2676	      4	     12	   2692	    a84	Fibonacci.axf
Created checksum 0xefffd62d at offset 0x1c in file Fibonacci.bin 
20:33:45 **** Incremental Build of configuration Debug for project Fibonacci ****
make all 
make: Nothing to be done for `all'.
13:43:59 **** Build of configuration Debug for project Fibonacci ****
make all 
make: Nothing to be done for `all'.
13:46:20 **** Incremental Build of configuration Debug for project Fibonacci ****
make all 
Building file: ../src/main.c
Invoking: MCU C Compiler
arm-none-eabi-gcc -D__REDLIB__ -D__USE_CMSIS -DDEBUG -D__CODE_RED -I../cmsis -I../config -I../driver -O0 -g3 -Wall -c -fmessage-length=0 -fno-builtin -ffunction-sections -fdata-sections -mcpu=cortex-m0 -mthumb -MMD -MP -MF"src/main.d" -MT"src/main.d" -o "src/main.o" "../src/main.c"
../src/main.c: In function 'displayHex':
../src/main.c:74:3: warning: implicit declaration of function 'displayDigit' [-Wimplicit-function-declaration]
../src/main.c: At top level:
../src/main.c:150:3: warning: excess elements in array initializer [enabled by default]
../src/main.c:150:3: warning: (near initialization for 'morLengthLUT') [enabled by default]
../src/main.c:151:3: warning: excess elements in array initializer [enabled by default]
../src/main.c:151:3: warning: (near initialization for 'morLengthLUT') [enabled by default]
../src/main.c:152:3: warning: excess elements in array initializer [enabled by default]
../src/main.c:152:3: warning: (near initialization for 'morLengthLUT') [enabled by default]
../src/main.c:153:3: warning: excess elements in array initializer [enabled by default]
../src/main.c:153:3: warning: (near initialization for 'morLengthLUT') [enabled by default]
../src/main.c:154:3: warning: excess elements in array initializer [enabled by default]
../src/main.c:154:3: warning: (near initialization for 'morLengthLUT') [enabled by default]
../src/main.c:155:3: warning: excess elements in array initializer [enabled by default]
../src/main.c:155:3: warning: (near initialization for 'morLengthLUT') [enabled by default]
../src/main.c:158:6: warning: conflicting types for 'displayDigit' [enabled by default]
../src/main.c:74:3: note: previous implicit declaration of 'displayDigit' was here
Finished building: ../src/main.c
 
Building target: Fibonacci.axf
Invoking: MCU Linker
arm-none-eabi-gcc -nostdlib -Xlinker -Map=Fibonacci.map -Xlinker --gc-sections -mcpu=cortex-m0 -mthumb -T "../linker/lpc1114_flash_crp.ld" -o "Fibonacci.axf"  ./startup/cr_startup_lpc11.o  ./src/fibonacci.o ./src/main.o  ./driver/adc.o ./driver/can.o ./driver/clkconfig.o ./driver/crp.o ./driver/debug_printf.o ./driver/gpio.o ./driver/i2c.o ./driver/i2cslave.o ./driver/lpc_swu.o ./driver/rs485.o ./driver/small_gpio.o ./driver/ssp.o ./driver/timer16.o ./driver/timer32.o ./driver/uart.o ./driver/wdt.o  ./cmsis/core_cm0.o ./cmsis/system_LPC11xx.o   
Finished building target: Fibonacci.axf
 
make --no-print-directory post-build
Performing post-build steps
arm-none-eabi-size Fibonacci.axf; arm-none-eabi-objcopy -O binary Fibonacci.axf Fibonacci.bin ; checksum -p LPC1114_302 -d Fibonacci.bin;
   text	   data	    bss	    dec	    hex	filename
   2532	      4	     12	   2548	    9f4	Fibonacci.axf
Created checksum 0xefffd62d at offset 0x1c in file Fibonacci.bin 
13:46:49 **** Incremental Build of configuration Debug for project Fibonacci ****
make all 
make: Nothing to be done for `all'.
13:47:18 **** Incremental Build of configuration Debug for project Fibonacci ****
make all 
make: Nothing to be done for `all'.
13:48:15 **** Incremental Build of configuration Debug for project Fibonacci ****
make all 
make: Nothing to be done for `all'.
13:48:32 **** Incremental Build of configuration Debug for project Fibonacci ****
make all 
make: Nothing to be done for `all'.
