Archive member included because of file (symbol)

c:/nxp/lpcxpresso_5.0.14_1109/lpcxpresso/tools/bin/../lib/gcc/arm-none-eabi/4.6.2/../../../../arm-none-eabi/lib/armv6-m\libcr_c.a(__weak__main.o)
                              ./startup/cr_startup_lpc11.o (__main)
c:/nxp/lpcxpresso_5.0.14_1109/lpcxpresso/tools/bin/../lib/gcc/arm-none-eabi/4.6.2/armv6-m\libcr_eabihelpers.a(division.o)
                              ./src/main.o (__aeabi_idiv)

Discarded input sections

 .text          0x00000000        0x0 ./startup/cr_startup_lpc11.o
 .data          0x00000000        0x0 ./startup/cr_startup_lpc11.o
 .bss           0x00000000        0x0 ./startup/cr_startup_lpc11.o
 .text.SysTick_Handler
                0x00000000        0x8 ./startup/cr_startup_lpc11.o
 .data          0x00000000        0x0 ./src/fibonacci.o
 .bss           0x00000000        0x0 ./src/fibonacci.o
 .text          0x00000000        0x0 ./src/main.o
 .data          0x00000000        0x0 ./src/main.o
 .bss           0x00000000        0x0 ./src/main.o
 .rodata.LPC_GPIO
                0x00000000       0x10 ./src/main.o
 .text.fibEasy  0x00000000       0x70 ./src/main.o
 .text          0x00000000        0x0 ./driver/adc.o
 .data          0x00000000        0x0 ./driver/adc.o
 .bss           0x00000000        0x0 ./driver/adc.o
 .text          0x00000000        0x0 ./driver/can.o
 .data          0x00000000        0x0 ./driver/can.o
 .bss           0x00000000        0x0 ./driver/can.o
 .text          0x00000000        0x0 ./driver/clkconfig.o
 .data          0x00000000        0x0 ./driver/clkconfig.o
 .bss           0x00000000        0x0 ./driver/clkconfig.o
 .text          0x00000000        0x0 ./driver/crp.o
 .data          0x00000000        0x0 ./driver/crp.o
 .bss           0x00000000        0x0 ./driver/crp.o
 .text          0x00000000        0x0 ./driver/debug_printf.o
 .data          0x00000000        0x0 ./driver/debug_printf.o
 .bss           0x00000000        0x0 ./driver/debug_printf.o
 .text          0x00000000        0x0 ./driver/gpio.o
 .data          0x00000000        0x0 ./driver/gpio.o
 .bss           0x00000000        0x0 ./driver/gpio.o
 .text.GPIOSetInterrupt
                0x00000000      0x334 ./driver/gpio.o
 .text.GPIOIntEnable
                0x00000000       0xa8 ./driver/gpio.o
 .text.GPIOIntDisable
                0x00000000       0xa8 ./driver/gpio.o
 .text.GPIOIntStatus
                0x00000000       0xb4 ./driver/gpio.o
 .text.GPIOIntClear
                0x00000000       0xa8 ./driver/gpio.o
 .text.GPIOSetValue
                0x00000000       0x38 ./driver/gpio.o
 .text          0x00000000        0x0 ./driver/i2c.o
 .data          0x00000000        0x0 ./driver/i2c.o
 .bss           0x00000000        0x0 ./driver/i2c.o
 .text          0x00000000        0x0 ./driver/i2cslave.o
 .data          0x00000000        0x0 ./driver/i2cslave.o
 .bss           0x00000000        0x0 ./driver/i2cslave.o
 .text          0x00000000        0x0 ./driver/lpc_swu.o
 .data          0x00000000        0x0 ./driver/lpc_swu.o
 .bss           0x00000000        0x0 ./driver/lpc_swu.o
 .text          0x00000000        0x0 ./driver/rs485.o
 .data          0x00000000        0x0 ./driver/rs485.o
 .bss           0x00000000        0x0 ./driver/rs485.o
 .text          0x00000000        0x0 ./driver/small_gpio.o
 .data          0x00000000        0x0 ./driver/small_gpio.o
 .bss           0x00000000        0x0 ./driver/small_gpio.o
 .text          0x00000000        0x0 ./driver/ssp.o
 .data          0x00000000        0x0 ./driver/ssp.o
 .bss           0x00000000        0x0 ./driver/ssp.o
 .text          0x00000000        0x0 ./driver/timer16.o
 .data          0x00000000        0x0 ./driver/timer16.o
 .bss           0x00000000        0x0 ./driver/timer16.o
 .text          0x00000000        0x0 ./driver/timer32.o
 .data          0x00000000        0x0 ./driver/timer32.o
 .bss           0x00000000        0x0 ./driver/timer32.o
 .text.NVIC_EnableIRQ
                0x00000000       0x2c ./driver/timer32.o
 .bss.timer32_0_period
                0x00000000        0x4 ./driver/timer32.o
 .bss.timer32_1_period
                0x00000000        0x4 ./driver/timer32.o
 .text.delay32Ms
                0x00000000       0xe4 ./driver/timer32.o
 .text.enable_timer32
                0x00000000       0x30 ./driver/timer32.o
 .text.disable_timer32
                0x00000000       0x30 ./driver/timer32.o
 .text.reset_timer32
                0x00000000       0x4c ./driver/timer32.o
 .text.init_timer32
                0x00000000      0x140 ./driver/timer32.o
 .text.init_timer32PWM
                0x00000000      0x22c ./driver/timer32.o
 .text.setMatch_timer32PWM
                0x00000000       0xa4 ./driver/timer32.o
 .text          0x00000000        0x0 ./driver/uart.o
 .data          0x00000000        0x0 ./driver/uart.o
 .bss           0x00000000        0x0 ./driver/uart.o
 .text          0x00000000        0x0 ./driver/wdt.o
 .data          0x00000000        0x0 ./driver/wdt.o
 .bss           0x00000000        0x0 ./driver/wdt.o
 .text          0x00000000        0x0 ./cmsis/core_cm0.o
 .data          0x00000000        0x0 ./cmsis/core_cm0.o
 .bss           0x00000000        0x0 ./cmsis/core_cm0.o
 .text.__get_PSP
                0x00000000        0x8 ./cmsis/core_cm0.o
 .text.__set_PSP
                0x00000000        0x6 ./cmsis/core_cm0.o
 .text.__get_MSP
                0x00000000        0x8 ./cmsis/core_cm0.o
 .text.__set_MSP
                0x00000000        0x6 ./cmsis/core_cm0.o
 .text.__get_PRIMASK
                0x00000000        0x6 ./cmsis/core_cm0.o
 .text.__set_PRIMASK
                0x00000000        0x6 ./cmsis/core_cm0.o
 .text.__get_CONTROL
                0x00000000        0x6 ./cmsis/core_cm0.o
 .text.__set_CONTROL
                0x00000000        0x6 ./cmsis/core_cm0.o
 .text.__REV    0x00000000        0x4 ./cmsis/core_cm0.o
 .text.__REV16  0x00000000        0x4 ./cmsis/core_cm0.o
 .text.__REVSH  0x00000000        0x4 ./cmsis/core_cm0.o
 .text          0x00000000        0x0 ./cmsis/system_LPC11xx.o
 .data          0x00000000        0x0 ./cmsis/system_LPC11xx.o
 .bss           0x00000000        0x0 ./cmsis/system_LPC11xx.o
 .text          0x00000000        0x0 c:/nxp/lpcxpresso_5.0.14_1109/lpcxpresso/tools/bin/../lib/gcc/arm-none-eabi/4.6.2/../../../../arm-none-eabi/lib/armv6-m\libcr_c.a(__weak__main.o)
 .data          0x00000000        0x0 c:/nxp/lpcxpresso_5.0.14_1109/lpcxpresso/tools/bin/../lib/gcc/arm-none-eabi/4.6.2/../../../../arm-none-eabi/lib/armv6-m\libcr_c.a(__weak__main.o)
 .bss           0x00000000        0x0 c:/nxp/lpcxpresso_5.0.14_1109/lpcxpresso/tools/bin/../lib/gcc/arm-none-eabi/4.6.2/../../../../arm-none-eabi/lib/armv6-m\libcr_c.a(__weak__main.o)
 .text          0x00000000        0x0 c:/nxp/lpcxpresso_5.0.14_1109/lpcxpresso/tools/bin/../lib/gcc/arm-none-eabi/4.6.2/armv6-m\libcr_eabihelpers.a(division.o)
 .data          0x00000000        0x0 c:/nxp/lpcxpresso_5.0.14_1109/lpcxpresso/tools/bin/../lib/gcc/arm-none-eabi/4.6.2/armv6-m\libcr_eabihelpers.a(division.o)
 .bss           0x00000000        0x0 c:/nxp/lpcxpresso_5.0.14_1109/lpcxpresso/tools/bin/../lib/gcc/arm-none-eabi/4.6.2/armv6-m\libcr_eabihelpers.a(division.o)
 .text.__aeabi_division_uldivmod
                0x00000000       0x5a c:/nxp/lpcxpresso_5.0.14_1109/lpcxpresso/tools/bin/../lib/gcc/arm-none-eabi/4.6.2/armv6-m\libcr_eabihelpers.a(division.o)
 .text.__aeabi_division_ldivmod
                0x00000000       0x32 c:/nxp/lpcxpresso_5.0.14_1109/lpcxpresso/tools/bin/../lib/gcc/arm-none-eabi/4.6.2/armv6-m\libcr_eabihelpers.a(division.o)
 .text.__aeabi_division_ldiv0
                0x00000000        0x2 c:/nxp/lpcxpresso_5.0.14_1109/lpcxpresso/tools/bin/../lib/gcc/arm-none-eabi/4.6.2/armv6-m\libcr_eabihelpers.a(division.o)
 .text.__aeabi_division_idivq31+15
                0x00000000      0x188 c:/nxp/lpcxpresso_5.0.14_1109/lpcxpresso/tools/bin/../lib/gcc/arm-none-eabi/4.6.2/armv6-m\libcr_eabihelpers.a(division.o)

Memory Configuration

Name             Origin             Length             Attributes
MFlash32         0x00000000         0x00008000         xr
RamLoc8          0x10000000         0x00002000         xrw
*default*        0x00000000         0xffffffff

Linker script and memory map

LOAD ./startup/cr_startup_lpc11.o
LOAD ./src/fibonacci.o
LOAD ./src/main.o
LOAD ./driver/adc.o
LOAD ./driver/can.o
LOAD ./driver/clkconfig.o
LOAD ./driver/crp.o
LOAD ./driver/debug_printf.o
LOAD ./driver/gpio.o
LOAD ./driver/i2c.o
LOAD ./driver/i2cslave.o
LOAD ./driver/lpc_swu.o
LOAD ./driver/rs485.o
LOAD ./driver/small_gpio.o
LOAD ./driver/ssp.o
LOAD ./driver/timer16.o
LOAD ./driver/timer32.o
LOAD ./driver/uart.o
LOAD ./driver/wdt.o
LOAD ./cmsis/core_cm0.o
LOAD ./cmsis/system_LPC11xx.o
START GROUP
LOAD c:/nxp/lpcxpresso_5.0.14_1109/lpcxpresso/tools/bin/../lib/gcc/arm-none-eabi/4.6.2/../../../../arm-none-eabi/lib/armv6-m\libcr_c.a
LOAD c:/nxp/lpcxpresso_5.0.14_1109/lpcxpresso/tools/bin/../lib/gcc/arm-none-eabi/4.6.2/../../../../arm-none-eabi/lib/armv6-m\libcr_semihost.a
LOAD c:/nxp/lpcxpresso_5.0.14_1109/lpcxpresso/tools/bin/../lib/gcc/arm-none-eabi/4.6.2/armv6-m\libcr_eabihelpers.a
END GROUP
                0x00008000                __top_MFlash32 = 0x8000
                0x10002000                __top_RamLoc8 = 0x10002000

.text           0x00000000      0x9e4
 FILL mask 0xff
 *(.isr_vector)
 .isr_vector    0x00000000       0xc0 ./startup/cr_startup_lpc11.o
                0x00000000                g_pfnVectors
 *(.text.Reset_Handler .text.SystemInit)
 .text.SystemInit
                0x000000c0       0xb0 ./cmsis/system_LPC11xx.o
                0x000000c0                SystemInit
                0x000002fc                . = 0x2fc
 *fill*         0x00000170      0x18c ff
 *(.crp)
 .crp           0x000002fc        0x4 ./driver/crp.o
                0x000002fc                CRP_WORD
 *(.text*)
 .text.ResetISR
                0x00000300       0x64 ./startup/cr_startup_lpc11.o
                0x00000300                ResetISR
 .text.NMI_Handler
                0x00000364        0x8 ./startup/cr_startup_lpc11.o
                0x00000364                NMI_Handler
 .text.HardFault_Handler
                0x0000036c        0x8 ./startup/cr_startup_lpc11.o
                0x0000036c                HardFault_Handler
 .text.SVCall_Handler
                0x00000374        0x8 ./startup/cr_startup_lpc11.o
                0x00000374                SVCall_Handler
 .text.PendSV_Handler
                0x0000037c        0x8 ./startup/cr_startup_lpc11.o
                0x0000037c                PendSV_Handler
 .text.IntDefaultHandler
                0x00000384        0x8 ./startup/cr_startup_lpc11.o
                0x00000384                TIMER16_0_IRQHandler
                0x00000384                UART_IRQHandler
                0x00000384                TIMER32_1_IRQHandler
                0x00000384                IntDefaultHandler
                0x00000384                PIOINT1_IRQHandler
                0x00000384                CAN_IRQHandler
                0x00000384                SSP0_IRQHandler
                0x00000384                TIMER16_1_IRQHandler
                0x00000384                ADC_IRQHandler
                0x00000384                SSP1_IRQHandler
                0x00000384                PIOINT2_IRQHandler
                0x00000384                BOD_IRQHandler
                0x00000384                WAKEUP_IRQHandler
                0x00000384                PIOINT0_IRQHandler
                0x00000384                I2C_IRQHandler
                0x00000384                WDT_IRQHandler
                0x00000384                PIOINT3_IRQHandler
 .text          0x0000038c       0x32 ./src/fibonacci.o
                0x0000038c                fibonacci
 *fill*         0x000003be        0x2 00
 .text.__WFI    0x000003c0        0xc ./src/main.o
 .text.NVIC_SetPriority
                0x000003cc       0xe0 ./src/main.o
 .text.SysTick_Config
                0x000004ac       0x4c ./src/main.o
 .text.SysTick_Handler
                0x000004f8       0x18 ./src/main.o
                0x000004f8                SysTick_Handler
 .text.delaySysTick
                0x00000510       0x2c ./src/main.o
                0x00000510                delaySysTick
 .text.makePositive
                0x0000053c       0x20 ./src/main.o
                0x0000053c                makePositive
 .text.flashLight
                0x0000055c       0x38 ./src/main.o
                0x0000055c                flashLight
 .text.displayHex
                0x00000594       0x88 ./src/main.o
                0x00000594                displayHex
 .text.getBit   0x0000061c       0x34 ./src/main.o
                0x0000061c                getBit
 .text.flashHex
                0x00000650       0x78 ./src/main.o
                0x00000650                flashHex
 .text.displayDigit
                0x000006c8       0x30 ./src/main.o
                0x000006c8                displayDigit
 .text.initLED  0x000006f8       0x18 ./src/main.o
                0x000006f8                initLED
 .text.initSysTick
                0x00000710       0x18 ./src/main.o
                0x00000710                initSysTick
 .text.main     0x00000728       0x40 ./src/main.o
                0x00000728                main
 .text.GPIOInit
                0x00000768       0x1c ./driver/gpio.o
                0x00000768                GPIOInit
 .text.GPIOSetDir
                0x00000784       0x74 ./driver/gpio.o
                0x00000784                GPIOSetDir
 .text.TIMER32_0_IRQHandler
                0x000007f8       0x50 ./driver/timer32.o
                0x000007f8                TIMER32_0_IRQHandler
 .text.SystemCoreClockUpdate
                0x00000848       0xac ./cmsis/system_LPC11xx.o
                0x00000848                SystemCoreClockUpdate
 .text.__weak_main
                0x000008f4        0x8 c:/nxp/lpcxpresso_5.0.14_1109/lpcxpresso/tools/bin/../lib/gcc/arm-none-eabi/4.6.2/../../../../arm-none-eabi/lib/armv6-m\libcr_c.a(__weak__main.o)
                0x000008f4                __weak_main
                0x000008f4                __main
 .text.__aeabi_division_idivmod
                0x000008fc        0x6 c:/nxp/lpcxpresso_5.0.14_1109/lpcxpresso/tools/bin/../lib/gcc/arm-none-eabi/4.6.2/armv6-m\libcr_eabihelpers.a(division.o)
                0x000008fc                __aeabi_idivmod
                0x000008fc                __aeabi_idiv
 .text.__aeabi_division_uidivmod
                0x00000902       0x72 c:/nxp/lpcxpresso_5.0.14_1109/lpcxpresso/tools/bin/../lib/gcc/arm-none-eabi/4.6.2/armv6-m\libcr_eabihelpers.a(division.o)
                0x00000902                __aeabi_uidivmod
                0x00000902                __aeabi_uidiv
 .text.__aeabi_division_idiv0
                0x00000974        0x2 c:/nxp/lpcxpresso_5.0.14_1109/lpcxpresso/tools/bin/../lib/gcc/arm-none-eabi/4.6.2/armv6-m\libcr_eabihelpers.a(division.o)
                0x00000974                __aeabi_idiv0
 *(.rodata*)
 *fill*         0x00000976        0x2 00
 .rodata.hexToMorLUT
                0x00000978       0x10 ./src/main.o
 .rodata.morLengthLUT
                0x00000988        0xc ./src/main.o
 .rodata.LPC_GPIO
                0x00000994       0x10 ./driver/gpio.o
 .rodata.CSWTCH.7
                0x000009a4       0x40 ./cmsis/system_LPC11xx.o

.glue_7         0x000009e4        0x0
 .glue_7        0x00000000        0x0 linker stubs

.glue_7t        0x000009e4        0x0
 .glue_7t       0x00000000        0x0 linker stubs

.vfp11_veneer   0x000009e4        0x0
 .vfp11_veneer  0x00000000        0x0 linker stubs

.v4_bx          0x000009e4        0x0
 .v4_bx         0x00000000        0x0 linker stubs

.ARM.extab
 *(.ARM.extab* .gnu.linkonce.armextab.*)
                0x000009e4                __exidx_start = .

.ARM.exidx
 *(.ARM.exidx* .gnu.linkonce.armexidx.*)
                0x000009e4                __exidx_end = .
                0x000009e4                _etext = .

.data           0x10000000        0x4 load address 0x000009e4
                0x10000000                _data = .
 *(vtable)
 *(.data*)
 .data.SystemCoreClock
                0x10000000        0x4 ./cmsis/system_LPC11xx.o
                0x10000000                SystemCoreClock
                0x10000004                _edata = .

.bss            0x10000004        0xc load address 0x000009e8
                0x10000004                _bss = .
 *(.bss*)
 .bss.TimeTick  0x10000004        0x4 ./src/main.o
                0x10000004                TimeTick
 .bss.timer32_0_counter
                0x10000008        0x4 ./driver/timer32.o
                0x10000008                timer32_0_counter
 .bss.timer32_0_capture
                0x1000000c        0x4 ./driver/timer32.o
                0x1000000c                timer32_0_capture
 *(COMMON)
                0x10000010                _ebss = .

.cr_heap        0x10000010        0x0 load address 0x000009e8
                0x10000010                end = .
                0x10000010                _pvHeapStart = .
                0x10002000                _vRamTop = __top_RamLoc8
                0x10002000                _vStackTop = _vRamTop
OUTPUT(Fibonacci.axf elf32-littlearm)

.debug_info     0x00000000     0x2ded
 .debug_info    0x00000000      0x1ec ./startup/cr_startup_lpc11.o
 .debug_info    0x000001ec       0x72 ./src/fibonacci.o
 .debug_info    0x0000025e      0x84b ./src/main.o
 .debug_info    0x00000aa9       0x70 ./driver/adc.o
 .debug_info    0x00000b19       0x70 ./driver/can.o
 .debug_info    0x00000b89       0x70 ./driver/clkconfig.o
 .debug_info    0x00000bf9       0x92 ./driver/crp.o
 .debug_info    0x00000c8b       0x70 ./driver/debug_printf.o
 .debug_info    0x00000cfb      0x7fb ./driver/gpio.o
 .debug_info    0x000014f6       0x70 ./driver/i2c.o
 .debug_info    0x00001566       0x70 ./driver/i2cslave.o
 .debug_info    0x000015d6       0x70 ./driver/lpc_swu.o
 .debug_info    0x00001646       0x70 ./driver/rs485.o
 .debug_info    0x000016b6       0x70 ./driver/small_gpio.o
 .debug_info    0x00001726       0x70 ./driver/ssp.o
 .debug_info    0x00001796       0x70 ./driver/timer16.o
 .debug_info    0x00001806      0xcd1 ./driver/timer32.o
 .debug_info    0x000024d7       0x70 ./driver/uart.o
 .debug_info    0x00002547       0x70 ./driver/wdt.o
 .debug_info    0x000025b7      0x2ae ./cmsis/core_cm0.o
 .debug_info    0x00002865      0x588 ./cmsis/system_LPC11xx.o

.debug_abbrev   0x00000000      0xaa8
 .debug_abbrev  0x00000000       0xb4 ./startup/cr_startup_lpc11.o
 .debug_abbrev  0x000000b4       0x14 ./src/fibonacci.o
 .debug_abbrev  0x000000c8      0x24b ./src/main.o
 .debug_abbrev  0x00000313       0x2c ./driver/adc.o
 .debug_abbrev  0x0000033f       0x2c ./driver/can.o
 .debug_abbrev  0x0000036b       0x2c ./driver/clkconfig.o
 .debug_abbrev  0x00000397       0x51 ./driver/crp.o
 .debug_abbrev  0x000003e8       0x2c ./driver/debug_printf.o
 .debug_abbrev  0x00000414      0x192 ./driver/gpio.o
 .debug_abbrev  0x000005a6       0x2c ./driver/i2c.o
 .debug_abbrev  0x000005d2       0x2c ./driver/i2cslave.o
 .debug_abbrev  0x000005fe       0x2c ./driver/lpc_swu.o
 .debug_abbrev  0x0000062a       0x2c ./driver/rs485.o
 .debug_abbrev  0x00000656       0x2c ./driver/small_gpio.o
 .debug_abbrev  0x00000682       0x2c ./driver/ssp.o
 .debug_abbrev  0x000006ae       0x2c ./driver/timer16.o
 .debug_abbrev  0x000006da      0x18a ./driver/timer32.o
 .debug_abbrev  0x00000864       0x2c ./driver/uart.o
 .debug_abbrev  0x00000890       0x2c ./driver/wdt.o
 .debug_abbrev  0x000008bc       0xaf ./cmsis/core_cm0.o
 .debug_abbrev  0x0000096b      0x13d ./cmsis/system_LPC11xx.o

.debug_loc      0x00000000      0x9a2
 .debug_loc     0x00000000      0x140 ./startup/cr_startup_lpc11.o
 .debug_loc     0x00000140      0x318 ./src/main.o
 .debug_loc     0x00000458      0x1b4 ./driver/gpio.o
 .debug_loc     0x0000060c      0x1ec ./driver/timer32.o
 .debug_loc     0x000007f8      0x112 ./cmsis/core_cm0.o
 .debug_loc     0x0000090a       0x98 ./cmsis/system_LPC11xx.o

.debug_aranges  0x00000000      0x250
 .debug_aranges
                0x00000000       0x50 ./startup/cr_startup_lpc11.o
 .debug_aranges
                0x00000050       0x20 ./src/fibonacci.o
 .debug_aranges
                0x00000070       0x90 ./src/main.o
 .debug_aranges
                0x00000100       0x58 ./driver/gpio.o
 .debug_aranges
                0x00000158       0x60 ./driver/timer32.o
 .debug_aranges
                0x000001b8       0x70 ./cmsis/core_cm0.o
 .debug_aranges
                0x00000228       0x28 ./cmsis/system_LPC11xx.o

.debug_ranges   0x00000000      0x1d0
 .debug_ranges  0x00000000       0x40 ./startup/cr_startup_lpc11.o
 .debug_ranges  0x00000040       0x80 ./src/main.o
 .debug_ranges  0x000000c0       0x48 ./driver/gpio.o
 .debug_ranges  0x00000108       0x50 ./driver/timer32.o
 .debug_ranges  0x00000158       0x60 ./cmsis/core_cm0.o
 .debug_ranges  0x000001b8       0x18 ./cmsis/system_LPC11xx.o

.debug_line     0x00000000     0x48ce
 .debug_line    0x00000000      0x3df ./startup/cr_startup_lpc11.o
 .debug_line    0x000003df       0x56 ./src/fibonacci.o
 .debug_line    0x00000435      0x51a ./src/main.o
 .debug_line    0x0000094f      0x355 ./driver/adc.o
 .debug_line    0x00000ca4      0x355 ./driver/can.o
 .debug_line    0x00000ff9      0x35b ./driver/clkconfig.o
 .debug_line    0x00001354      0x35e ./driver/crp.o
 .debug_line    0x000016b2      0x35e ./driver/debug_printf.o
 .debug_line    0x00001a10      0x453 ./driver/gpio.o
 .debug_line    0x00001e63      0x355 ./driver/i2c.o
 .debug_line    0x000021b8      0x35a ./driver/i2cslave.o
 .debug_line    0x00002512      0x359 ./driver/lpc_swu.o
 .debug_line    0x0000286b      0x357 ./driver/rs485.o
 .debug_line    0x00002bc2      0x35c ./driver/small_gpio.o
 .debug_line    0x00002f1e      0x355 ./driver/ssp.o
 .debug_line    0x00003273      0x366 ./driver/timer16.o
 .debug_line    0x000035d9      0x49e ./driver/timer32.o
 .debug_line    0x00003a77      0x356 ./driver/uart.o
 .debug_line    0x00003dcd      0x35e ./driver/wdt.o
 .debug_line    0x0000412b      0x3d2 ./cmsis/core_cm0.o
 .debug_line    0x000044fd      0x3d1 ./cmsis/system_LPC11xx.o

.debug_macinfo  0x00000000    0x716e9
 .debug_macinfo
                0x00000000     0x3e81 ./startup/cr_startup_lpc11.o
 .debug_macinfo
                0x00003e81     0x5f16 ./src/main.o
 .debug_macinfo
                0x00009d97     0x5db9 ./driver/adc.o
 .debug_macinfo
                0x0000fb50     0x5db9 ./driver/can.o
 .debug_macinfo
                0x00015909     0x5db9 ./driver/clkconfig.o
 .debug_macinfo
                0x0001b6c2     0x5f32 ./driver/crp.o
 .debug_macinfo
                0x000215f4     0x5db9 ./driver/debug_printf.o
 .debug_macinfo
                0x000273ad     0x5df1 ./driver/gpio.o
 .debug_macinfo
                0x0002d19e     0x5db9 ./driver/i2c.o
 .debug_macinfo
                0x00032f57     0x5db9 ./driver/i2cslave.o
 .debug_macinfo
                0x00038d10     0x5db9 ./driver/lpc_swu.o
 .debug_macinfo
                0x0003eac9     0x5db9 ./driver/rs485.o
 .debug_macinfo
                0x00044882     0x5db9 ./driver/small_gpio.o
 .debug_macinfo
                0x0004a63b     0x5db9 ./driver/ssp.o
 .debug_macinfo
                0x000503f4     0x5dcc ./driver/timer16.o
 .debug_macinfo
                0x000561c0     0x5e6b ./driver/timer32.o
 .debug_macinfo
                0x0005c02b     0x5db9 ./driver/uart.o
 .debug_macinfo
                0x00061de4     0x5dc8 ./driver/wdt.o
 .debug_macinfo
                0x00067bac     0x3c50 ./cmsis/core_cm0.o
 .debug_macinfo
                0x0006b7fc     0x5eed ./cmsis/system_LPC11xx.o

.debug_str      0x00000000      0xd68
 .debug_str     0x00000000      0x197 ./startup/cr_startup_lpc11.o
                                0x1cb (size before relaxing)
 .debug_str     0x00000197      0x3d3 ./src/main.o
                                0x4eb (size before relaxing)
 .debug_str     0x0000056a       0x10 ./driver/adc.o
                                0x109 (size before relaxing)
 .debug_str     0x0000057a       0x10 ./driver/can.o
                                0x109 (size before relaxing)
 .debug_str     0x0000058a       0x16 ./driver/clkconfig.o
                                0x10f (size before relaxing)
 .debug_str     0x000005a0       0x19 ./driver/crp.o
                                0x11b (size before relaxing)
 .debug_str     0x000005b9       0x19 ./driver/debug_printf.o
                                0x112 (size before relaxing)
 .debug_str     0x000005d2      0x319 ./driver/gpio.o
                                0x47a (size before relaxing)
 .debug_str     0x000008eb       0x10 ./driver/i2c.o
                                0x109 (size before relaxing)
 .debug_str     0x000008fb       0x15 ./driver/i2cslave.o
                                0x10e (size before relaxing)
 .debug_str     0x00000910       0x14 ./driver/lpc_swu.o
                                0x10d (size before relaxing)
 .debug_str     0x00000924       0x12 ./driver/rs485.o
                                0x10b (size before relaxing)
 .debug_str     0x00000936       0x17 ./driver/small_gpio.o
                                0x110 (size before relaxing)
 .debug_str     0x0000094d       0x10 ./driver/ssp.o
                                0x109 (size before relaxing)
 .debug_str     0x0000095d       0x14 ./driver/timer16.o
                                0x10d (size before relaxing)
 .debug_str     0x00000971      0x2c5 ./driver/timer32.o
                                0x884 (size before relaxing)
 .debug_str     0x00000c36       0x11 ./driver/uart.o
                                0x10a (size before relaxing)
 .debug_str     0x00000c47       0x10 ./driver/wdt.o
                                0x109 (size before relaxing)
 .debug_str     0x00000c57       0xc8 ./cmsis/core_cm0.o
                                0x1e0 (size before relaxing)
 .debug_str     0x00000d1f       0x49 ./cmsis/system_LPC11xx.o
                                0x407 (size before relaxing)

.comment        0x00000000       0x70
 .comment       0x00000000       0x70 ./startup/cr_startup_lpc11.o
                                 0x71 (size before relaxing)
 .comment       0x00000000       0x71 ./src/main.o
 .comment       0x00000000       0x71 ./driver/adc.o
 .comment       0x00000000       0x71 ./driver/can.o
 .comment       0x00000000       0x71 ./driver/clkconfig.o
 .comment       0x00000000       0x71 ./driver/crp.o
 .comment       0x00000000       0x71 ./driver/debug_printf.o
 .comment       0x00000000       0x71 ./driver/gpio.o
 .comment       0x00000000       0x71 ./driver/i2c.o
 .comment       0x00000000       0x71 ./driver/i2cslave.o
 .comment       0x00000000       0x71 ./driver/lpc_swu.o
 .comment       0x00000000       0x71 ./driver/rs485.o
 .comment       0x00000000       0x71 ./driver/small_gpio.o
 .comment       0x00000000       0x71 ./driver/ssp.o
 .comment       0x00000000       0x71 ./driver/timer16.o
 .comment       0x00000000       0x71 ./driver/timer32.o
 .comment       0x00000000       0x71 ./driver/uart.o
 .comment       0x00000000       0x71 ./driver/wdt.o
 .comment       0x00000000       0x71 ./cmsis/core_cm0.o
 .comment       0x00000000       0x71 ./cmsis/system_LPC11xx.o
 .comment       0x00000000       0x71 c:/nxp/lpcxpresso_5.0.14_1109/lpcxpresso/tools/bin/../lib/gcc/arm-none-eabi/4.6.2/../../../../arm-none-eabi/lib/armv6-m\libcr_c.a(__weak__main.o)

.ARM.attributes
                0x00000000       0x2f
 .ARM.attributes
                0x00000000       0x31 ./startup/cr_startup_lpc11.o
 .ARM.attributes
                0x00000031       0x21 ./src/fibonacci.o
 .ARM.attributes
                0x00000052       0x31 ./src/main.o
 .ARM.attributes
                0x00000083       0x31 ./driver/adc.o
 .ARM.attributes
                0x000000b4       0x31 ./driver/can.o
 .ARM.attributes
                0x000000e5       0x31 ./driver/clkconfig.o
 .ARM.attributes
                0x00000116       0x31 ./driver/crp.o
 .ARM.attributes
                0x00000147       0x31 ./driver/debug_printf.o
 .ARM.attributes
                0x00000178       0x31 ./driver/gpio.o
 .ARM.attributes
                0x000001a9       0x31 ./driver/i2c.o
 .ARM.attributes
                0x000001da       0x31 ./driver/i2cslave.o
 .ARM.attributes
                0x0000020b       0x31 ./driver/lpc_swu.o
 .ARM.attributes
                0x0000023c       0x31 ./driver/rs485.o
 .ARM.attributes
                0x0000026d       0x31 ./driver/small_gpio.o
 .ARM.attributes
                0x0000029e       0x31 ./driver/ssp.o
 .ARM.attributes
                0x000002cf       0x31 ./driver/timer16.o
 .ARM.attributes
                0x00000300       0x31 ./driver/timer32.o
 .ARM.attributes
                0x00000331       0x31 ./driver/uart.o
 .ARM.attributes
                0x00000362       0x31 ./driver/wdt.o
 .ARM.attributes
                0x00000393       0x31 ./cmsis/core_cm0.o
 .ARM.attributes
                0x000003c4       0x31 ./cmsis/system_LPC11xx.o
 .ARM.attributes
                0x000003f5       0x31 c:/nxp/lpcxpresso_5.0.14_1109/lpcxpresso/tools/bin/../lib/gcc/arm-none-eabi/4.6.2/../../../../arm-none-eabi/lib/armv6-m\libcr_c.a(__weak__main.o)
 .ARM.attributes
                0x00000426       0x21 c:/nxp/lpcxpresso_5.0.14_1109/lpcxpresso/tools/bin/../lib/gcc/arm-none-eabi/4.6.2/armv6-m\libcr_eabihelpers.a(division.o)

.debug_frame    0x00000000      0x5fc
 .debug_frame   0x00000000       0xd8 ./startup/cr_startup_lpc11.o
 .debug_frame   0x000000d8      0x1e4 ./src/main.o
 .debug_frame   0x000002bc      0x10c ./driver/gpio.o
 .debug_frame   0x000003c8      0x12c ./driver/timer32.o
 .debug_frame   0x000004f4       0xc0 ./cmsis/core_cm0.o
 .debug_frame   0x000005b4       0x48 ./cmsis/system_LPC11xx.o
